******************************************************************************
                  TI ARM Linker PC v16.9.6                     
******************************************************************************
>> Linked Fri Jun 07 17:10:31 2024

OUTPUT FILE NAME:   <odsdemo_16xx_mss.xer4f>
ENTRY POINT SYMBOL: "_c_int00"  address: 000107d8


MEMORY CONFIGURATION

         name            origin    length      used     unused   attr    fill
----------------------  --------  ---------  --------  --------  ----  --------
  VECTORS               00000000   00000100  0000003c  000000c4     X
  PROG_RAM              00000100   0003ff00  00017a32  000284ce  R  X
  DATA_RAM              08000000   00030000  0000e950  000216b0  RW  
  L3_RAM                51000000   000a0000  00000000  000a0000  RW  
  HS_RAM                52080000   00008000  00000000  00008000  RW  


SEGMENT ALLOCATION MAP

run origin  load origin   length   init length attrs members
----------  ----------- ---------- ----------- ----- -------
00000000    00000000    0000003c   0000003c    r--
  00000000    00000000    0000003c   0000003c    r-- .vecs
00000100    00000100    00017a38   00017a38    r-x
  00000100    00000100    00014ec4   00014ec4    r-x .text
  00014fc8    00014fc8    000027b6   000027b6    r-- .const
  00017780    00017780    000003b8   000003b8    r-- .cinit
08000000    08000000    0000c204   00000000    rw-
  08000000    08000000    0000a000   00000000    rw- systemHeap
  0800a000    0800a000    00002204   00000000    rw- .bss
0800c220    0800c220    00002750   00000000    rw-
  0800c220    0800c220    00001000   00000000    rw- .stack
  0800d220    0800d220    00000f4c   00000000    rw- .data
  0800e170    0800e170    00000800   00000000    rw- .myFiqStack


SECTION ALLOCATION MAP

 output                                  attributes/
section   page    origin      length       input sections
--------  ----  ----------  ----------   ----------------
.text      0    00000100    00014ec4     
                  00000100    0000107a     rtsv7R4_T_le_v3D16_eabi.lib : _printfi.obj (.text)
                  0000117a    00000006     libosal_xwr16xx.aer4f : HwiP_tirtos.oer4f (.text:HwiP_restore)
                  00001180    00000760     sysbios.aer4f : BIOS.obj (.text:xdc_runtime_System_doPrint__I)
                  000018e0    0000059c                   : BIOS.obj (.text:ti_sysbios_knl_Event_pend__E)
                  00001e7c    00000004     libosal_xwr16xx.aer4f : HwiP_tirtos.oer4f (.text:HwiP_disableInterrupt)
                  00001e80    000004f0     sysbios.aer4f : BIOS.obj (.text:ti_sysbios_knl_Semaphore_pend__E)
                  00002370    000004b0     mss_main.obj (.text:MmwDemo_mssInitTask)
                  00002820    00000464     cli.obj (.text:MmwDemo_CLIInit)
                  00002c84    0000000c     libmmwave_xwr16xx.aer4f : mmwave_xwr16xx.oer4f (.text:MMWave_deviceMailboxCallbackFxn)
                  00002c90    000003f4     sysbios.aer4f : BIOS.obj (.text:ti_sysbios_knl_Task_Instance_finalize__E)
                  00003084    0000000c     libmmwave_xwr16xx.aer4f : mmwave_osal.oer4f (.text:MMWave_osalMutexUnlock)
                  00003090    000003f0     sysbios.aer4f : BIOS.obj (.text:ti_sysbios_heaps_HeapMem_freeUnprotected__E)
                  00003480    0000038c     mss_mmw_per4f.oer4f (.text:xdc_runtime_System_printfExtend__I)
                  0000380c    00000004     libmmwave_xwr16xx.aer4f : mmwave_link.oer4f (.text:MMWave_disableDevice)
                  00003810    00000354     sysbios.aer4f : BIOS.obj (.text:ti_sysbios_heaps_HeapMem_allocUnprotected__E)
                  00003b64    0000000c     libmmwave_xwr16xx.aer4f : mmwave_osal.oer4f (.text:MMWave_osalSemSignal)
                  00003b70    0000034c     sysbios.aer4f : BIOS.obj (.text:ti_sysbios_knl_Task_sleep__E)
                  00003ebc    00000004     libmmwave_xwr16xx.aer4f : mmwave_link.oer4f (.text:MMWave_enableDevice)
                  00003ec0    000002fc     sysbios.aer4f : BIOS.obj (.text:ti_sysbios_family_arm_exc_Exception_excDumpContext__I)
                  000041bc    00000004     libmmwave_xwr16xx.aer4f : mmwave_listlib.oer4f (.text:MMWave_listGetHead)
                  000041c0    000002d4     sysbios.aer4f : BIOS.obj (.text:ti_sysbios_family_arm_v7r_vim_Hwi_dispatchIRQC__I)
                  00004494    000002b8     rtsv7R4_T_le_v3D16_eabi.lib : ull_div32.obj (.text)
                  0000474c    00000004     libmmwave_xwr16xx.aer4f : mmwave_listlib.oer4f (.text:MMWave_listGetNext)
                  00004750    000002b8     sysbios.aer4f : BIOS.obj (.text:ti_sysbios_timers_rti_Timer_Module_startup__E)
                  00004a08    00000008     libosal_xwr16xx.aer4f : HwiP_tirtos.oer4f (.text:HwiP_disable)
                  00004a10    000002b4     sysbios.aer4f : BIOS.obj (.text:ti_sysbios_knl_Task_Instance_init__E)
                  00004cc4    0000000c     mss_main.obj (.text:MmwDemo_mboxCallback)
                  00004cd0    000002b4     sysbios.aer4f : BIOS.obj (.text:ti_sysbios_knl_Task_Module_startup__E)
                  00004f84    0000000c     libuart_xwr16xx.aer4f : UART.oer4f (.text:UART_Params_init)
                  00004f90    0000029c     sysbios.aer4f : BIOS.obj (.text:ti_sysbios_family_arm_exc_Exception_excHandler__I)
                  0000522c    00000284     libsoc_xwr16xx.aer4f : soc_xwr16xx_mss.oer4f (.text:SOC_deviceInit)
                  000054b0    0000027c     libmmwave_xwr16xx.aer4f : mmwave_xwr16xx.oer4f (.text:MMWave_deviceExecuteFxn)
                  0000572c    00000004                             : mmwave_link.oer4f (.text:MMWave_mboxClose)
                  00005730    00000268     sysbios.aer4f : BIOS.obj (.text:xdc_runtime_Error_policyDefault__E)
                  00005998    00000260     libmailbox_xwr16xx.aer4f : mailbox.oer4f (.text:Mailbox_open)
                  00005bf8    00000008     libmmwave_xwr16xx.aer4f : mmwave.oer4f (.text:MMWave_decodeErrorLevel)
                  00005c00    00000248     sysbios.aer4f : BIOS.obj (.text:ti_sysbios_knl_Event_post__E)
                  00005e48    00000240     libcli_xwr16xx.aer4f : cli_mmwave.oer4f (.text:CLI_MMWaveProfileCfg)
                  00006088    00000240     mss_main.obj (.text:MmwDemo_mssCtrlPathTask)
                  000062c8    00000008     libmmwave_xwr16xx.aer4f : mmwave_link.oer4f (.text:MMWave_mboxCallbackFxn)
                  000062d0    00000218     sysbios.aer4f : BIOS.obj (.text:ti_sysbios_knl_Semaphore_post__E)
                  000064e8    00000214     libuart_xwr16xx.aer4f : uartsci.oer4f (.text:UartSci_open)
                  000066fc    00000205     libcli_xwr16xx.aer4f : cli_mmwave.oer4f (.text:CLI_MMWaveVersion)
                  00006901    00000001     --HOLE-- [fill = 0]
                  00006902    00000002     libmmwave_xwr16xx.aer4f : mmwave_link.oer4f (.text:MMWave_maskHostIRQ)
                  00006904    00000200     libcrc_xwr16xx.aer4f : crc.oer4f (.text:CRC_open)
                  00006b04    0000000c     libuart_xwr16xx.aer4f : uartsci_dma.oer4f (.text:UartSci_isDMAEnabled)
                  00006b10    000001f8     sysbios.aer4f : BIOS.obj (.text:ti_sysbios_family_arm_v7r_vim_Hwi_reconfig__E)
                  00006d08    00000008     libosal_xwr16xx.aer4f : SemaphoreP_tirtos.oer4f (.text:SemaphoreP_Params_init)
                  00006d10    000001f8     sysbios.aer4f : BIOS.obj (.text:ti_sysbios_heaps_HeapMem_Instance_init__E)
                  00006f08    000001f0     libDMA_xwr16xx.aer4f : dma.oer4f (.text:DMA_setChannelParams)
                  000070f8    000001ec     cli.obj (.text:MmwDemo_CLICfarCfg)
                  000072e4    0000000c     rtsv7R4_T_le_v3D16_eabi.lib : copy_zero_init.obj (.text:decompress:ZI)
                  000072f0    000001e8     sysbios.aer4f : BIOS.obj (.text:xdc_runtime_Core_createObject__I)
                  000074d8    000001e4     rtsv7R4_T_le_v3D16_eabi.lib : strtod.obj (.text)
                  000076bc    000001d8     libcli_xwr16xx.aer4f : cli_mmwave.oer4f (.text:CLI_MMWaveChirpCfg)
                  00007894    000001cc     mss_main.obj (.text:MmwDemo_mboxReadTask)
                  00007a60    000001c8     rtsv7R4_T_le_v3D16_eabi.lib : fopen.obj (.text)
                  00007c28    00000008     libmmwavelink_xwr16xx.aer4f : rl_driver.oer4f (.text:rlDriverGetHandle)
                  00007c30    000001c4     sysbios.aer4f : BIOS.obj (.text:ti_sysbios_knl_Clock_workFunc__E)
                  00007df4    000001c0     mss_main.obj (.text:MmwDemo_mssDataPathConfig)
                  00007fb4    000001a4     libcli_xwr16xx.aer4f : cli_mmwave.oer4f (.text:CLI_MMWaveSubFrameCfg)
                  00008158    000001a4     libmmwave_xwr16xx.aer4f : mmwave_xwr16xx.oer4f (.text:MMWave_serializeCfg)
                  000082fc    00000004                             : mmwave_link.oer4f (.text:MMWave_mboxRead)
                  00008300    000001a0     sysbios.aer4f : BIOS.obj (.text:ti_sysbios_knl_Swi_run__I)
                  000084a0    00000198     libmmwavelink_xwr16xx.aer4f : rl_driver.oer4f (.text:rlDriverCmdInvoke)
                  00008638    00000008     mss_mmw_per4f.oer4f (.text:ti_sysbios_family_arm_TaskSupport_Module__startupDone__S)
                  00008640    00000190     sysbios.aer4f : BIOS.obj (.text:ti_sysbios_family_arm_v7r_vim_Hwi_Instance_init__E)
                  000087d0    0000018c                   : BIOS.obj (.text:xdc_runtime_Core_constructObject__I)
                  0000895c    00000184     libmmwavelink_xwr16xx.aer4f : rl_driver.oer4f (.text:rlDriverRxHdrRead)
                  00008ae0    00000184     sysbios.aer4f : BIOS.obj (.text:xdc_runtime_Startup_startMods__I)
                  00008c64    0000000c     libmmwavelink_xwr16xx.aer4f : rl_driver.oer4f (.text:rlDriverGetPlatformId)
                  00008c70    00000174     sysbios.aer4f : BIOS.obj (.text:ti_sysbios_family_arm_v7r_vim_Hwi_Module_startup__E)
                  00008de4    0000000c                   : BIOS.obj (.text:ti_sysbios_family_arm_v7a_Pmu_configureCounterI__I)
                  00008df0    00000174                   : BIOS.obj (.text:ti_sysbios_heaps_HeapBuf_Module_startup__E)
                  00008f64    0000000c                   : tms570_Core_asm.obj (.text:ti_sysbios_family_arm_v7r_tms570_Core_getId__E)
                  00008f70    00000174                   : BIOS.obj (.text:ti_sysbios_timers_rti_Timer_getFreq__E)
                  000090e4    00000170     libgpio_xwr16xx.aer4f : gpio.oer4f (.text:GPIO_setConfig)
                  00009254    0000000c     mss_mmw_per4f.oer4f (.text:ti_sysbios_family_arm_v7r_vim_Hwi_Module__startupDone__S)
                  00009260    00000154     sysbios.aer4f : BIOS.obj (.text:ti_sysbios_knl_Task_exit__E)
                  000093b4    00000150     cli.obj (.text:MmwDemo_CLICalibDcRangeSig)
                  00009504    00000150     mss_main.obj (.text:main)
                  00009654    0000014c     libcli_xwr16xx.aer4f : cli_mmwave.oer4f (.text:CLI_MMWaveFrameCfg)
                  000097a0    0000014c                          : cli.oer4f (.text:CLI_task)
                  000098ec    0000014c     libmmwave_xwr16xx.aer4f : mmwave_link.oer4f (.text:MMWave_initMMWaveLink)
                  00009a38    0000014a     libuart_xwr16xx.aer4f : uartsci.oer4f (.text:UartSci_ISR)
                  00009b82    0000000e     cli.obj (.text:MmwDemo_CLISensorStop)
                  00009b90    00000148     sysbios.aer4f : BIOS.obj (.text:ti_sysbios_knl_Task_checkStacks__E)
                  00009cd8    00000008                   : BIOS.obj (.text:ti_sysbios_family_arm_v7a_Pmu_getEnabled__E)
                  00009ce0    00000138                   : BIOS.obj (.text:ti_sysbios_family_arm_v7a_Pmu_configureCounter__E)
                  00009e18    00000006     libmmwavelink_xwr16xx.aer4f : rl_controller.oer4f (.text:rlGetSubBlockId)
                  00009e1e    00000002     mss_main.obj (.text:MmwDemo_mssMmwaveCloseCallbackFxn)
                  00009e20    00000138     sysbios.aer4f : BIOS.obj (.text:ti_sysbios_knl_Task_schedule__I)
                  00009f58    00000134     cli.obj (.text:MmwDemo_CLIDbscanCfg)
                  0000a08c    00000004     libmmwave_xwr16xx.aer4f : mmwave_link.oer4f (.text:MMWave_registerInterruptHandler)
                  0000a090    00000130     sysbios.aer4f : BIOS.obj (.text:ti_sysbios_knl_Task_postInit__I)
                  0000a1c0    00000130                   : BIOS.obj (.text:ti_sysbios_knl_Task_startCore__E)
                  0000a2f0    00000128     libcli_xwr16xx.aer4f : cli_mmwave.oer4f (.text:CLI_MMWaveContModeCfg)
                  0000a418    00000128     libmmwavelink_xwr16xx.aer4f : rl_driver.oer4f (.text:rlDriverMsgRead)
                  0000a540    00000124     libcli_xwr16xx.aer4f : cli_mmwave.oer4f (.text:CLI_MMWaveAdvFrameCfg)
                  0000a664    0000000c     mss_mmw_per4f.oer4f (.text:ti_sysbios_hal_Hwi_HwiProxy_Module__startupDone__S)
                  0000a670    00000124     sysbios.aer4f : BIOS.obj (.text:ti_sysbios_gates_GateMutex_enter__E)
                  0000a794    0000000c     mss_mmw_per4f.oer4f (.text:ti_sysbios_hal_Hwi_HwiProxy_startup__E)
                  0000a7a0    00000120     sysbios.aer4f : BIOS.obj (.text:ti_sysbios_knl_Swi_post__E)
                  0000a8c0    0000011c                   : BIOS.obj (.text:ti_sysbios_timers_rti_Timer_startup__E)
                  0000a9dc    00000114     libmmwavelink_xwr16xx.aer4f : rl_driver.oer4f (.text:rlDriverCmdSendRetry)
                  0000aaf0    0000010c     libmmwave_xwr16xx.aer4f : mmwave_xwr16xx.oer4f (.text:MMWave_deviceInitFxn)
                  0000abfc    00000108     libmailbox_xwr16xx.aer4f : mailbox.oer4f (.text:Mailbox_write)
                  0000ad04    0000000c     mss_mmw_per4f.oer4f (.text:ti_sysbios_hal_Hwi_HwiProxy_switchFromBootStack__E)
                  0000ad10    00000108     sysbios.aer4f : BIOS.obj (.text:ti_sysbios_knl_Semaphore_Instance_init__E)
                  0000ae18    00000104     libmmwave_xwr16xx.aer4f : mmwave_link.oer4f (.text:MMWave_startLink)
                  0000af1c    00000104     mss_main.obj (.text:MmwDemo_mssMmwaveEventCallbackFxn)
                  0000b020    00000104     mss_mmw_per4f.oer4f (.text:ti_sysbios_BIOS_rtsUnlock__I)
                  0000b124    00000100     libcli_xwr16xx.aer4f : cli_mmwave.oer4f (.text:CLI_MMWaveBPMCfgAdvanced)
                  0000b224    00000100     libmmwave_xwr16xx.aer4f : mmwave_link.oer4f (.text:MMWave_openLink)
                  0000b324    00000100     libmmwavelink_xwr16xx.aer4f : rl_driver.oer4f (.text:rlDriverInit)
                  0000b424    0000000c     mss_mmw_per4f.oer4f (.text:ti_sysbios_knl_Clock_TimerProxy_Module__startupDone__S)
                  0000b430    00000100     sysbios.aer4f : BIOS.obj (.text:xdc_runtime_Text_putMod__E)
                  0000b530    000000fc     libcrc_xwr16xx.aer4f : crc.oer4f (.text:CRC_computeSignature)
                  0000b62c    000000fc     libDMA_xwr16xx.aer4f : dma.oer4f (.text:DMA_disableInterrupt)
                  0000b728    00000006     libmmwavelink_xwr16xx.aer4f : rl_controller.oer4f (.text:rlGetSubBlockLen)
                  0000b72e    00000002     mss_main.obj (.text:MmwDemo_mssMmwaveOpenCallbackFxn)
                  0000b730    000000fc     sysbios.aer4f : BIOS.obj (.text:ti_sysbios_knl_Task_blockI__E)
                  0000b82c    000000f8     libmmwavelink_xwr16xx.aer4f : rl_driver.oer4f (.text:rlDriverRdVerifyMsg)
                  0000b924    0000000c     mss_mmw_per4f.oer4f (.text:ti_sysbios_knl_Task_SupportProxy_Module__startupDone__S)
                  0000b930    000000f6     sysbios.aer4f : BIOS.obj (.text:xdc_runtime_Text_putSite__E)
                  0000ba26    0000000a     libosal_xwr16xx.aer4f : MemoryP_tirtos.oer4f (.text:MemoryP_ctrlFree)
                  0000ba30    000000f4     sysbios.aer4f : BIOS.obj (.text:ti_sysbios_family_arm_v7r_vim_Hwi_mapChannel__I)
                  0000bb24    0000000c     mss_mmw_per4f.oer4f (.text:ti_sysbios_knl_Task_SupportProxy_getStackAlignment__E)
                  0000bb30    000000f4     sysbios.aer4f : BIOS.obj (.text:ti_sysbios_knl_Task_unblockI__E)
                  0000bc24    000000ec     auto_init.aer4f : auto_init.oer4f (.text)
                  0000bd10    000000ec     rtsv7R4_T_le_v3D16_eabi.lib : s_scalbn.obj (.text)
                  0000bdfc    000000e4     libDMA_xwr16xx.aer4f : dma.oer4f (.text:DMA_clearChannelInterruptFlag)
                  0000bee0    000000e4     libmmwave_xwr16xx.aer4f : mmwave_link.oer4f (.text:MMWave_asyncEventHandler)
                  0000bfc4    000000e0     libcli_xwr16xx.aer4f : cli.oer4f (.text:CLI_open)
                  0000c0a4    0000000c     mss_mmw_per4f.oer4f (.text:ti_sysbios_timers_rti_Timer_Module__startupDone__S)
                  0000c0b0    000000e0     sysbios.aer4f : BIOS.obj (.text:ti_sysbios_family_arm_v7a_Pmu_startCounter__E)
                  0000c190    000000dc     rtsv7R4_T_le_v3D16_eabi.lib : setvbuf.obj (.text)
                  0000c26c    00000004     libmmwave_xwr16xx.aer4f : mmwave_link.oer4f (.text:MMWave_unmaskHostIRQ)
                  0000c270    000000dc     sysbios.aer4f : BIOS.obj (.text:ti_sysbios_family_arm_v7r_vim_Hwi_initIntController__I)
                  0000c34c    00000004     libmmwave_xwr16xx.aer4f : mmwave_link.oer4f (.text:MMWave_waitIRQStatus)
                  0000c350    000000dc     sysbios.aer4f : BIOS.obj (.text:xdc_runtime_Memory_alloc__E)
                  0000c42c    000000d8     libDMA_xwr16xx.aer4f : dma.oer4f (.text:DMA_enableInterrupt)
                  0000c504    000000d8     libmmwave_xwr16xx.aer4f : mmwave.oer4f (.text:MMWave_init)
                  0000c5dc    000000d4     libmailbox_xwr16xx.aer4f : mailbox.oer4f (.text:Mailbox_read)
                  0000c6b0    000000d4     mss_main.obj (.text:MmwDemo_mssDataPathStop)
                  0000c784    000000d4     libmmwavelink_xwr16xx.aer4f : rl_sensor.oer4f (.text:rlSetMultiBpmChirpConfig)
                  0000c858    000000d0     libsoc_xwr16xx.aer4f : soc_xwr16xx_mss.oer4f (.text:SOC_controlSecureFirewall)
                  0000c928    000000d0     sysbios.aer4f : exc_Exception_asm.obj (.text:ti_sysbios_family_arm_exc_Exception_excHandlerAsm__I)
                  0000c9f8    000000cc     libmmwavelink_xwr16xx.aer4f : rl_sensor.oer4f (.text:rlSetChirpConfig)
                  0000cac4    000000cc     rtsv7R4_T_le_v3D16_eabi.lib : fflush.obj (.text)
                  0000cb90    000000cc     sysbios.aer4f : BIOS.obj (.text:ti_sysbios_timers_rti_Timer_initDevice__I)
                  0000cc5c    000000c8     libmmwave_xwr16xx.aer4f : mmwave_fullcfg.oer4f (.text:MMWave_addChirp)
                  0000cd24    000000c8                             : mmwave_link.oer4f (.text:MMWave_configBPM)
                  0000cdec    000000c8                             : mmwave_fullcfg.oer4f (.text:MMWave_flushCfg)
                  0000ceb4    000000c8                             : mmwave_fullcfg.oer4f (.text:MMWave_getChirpHandle)
                  0000cf7c    00000004     mss_main.obj (.text:MmwDemo_sleep)
                  0000cf80    000000c4     sysbios.aer4f : BIOS.obj (.text:ti_sysbios_family_arm_v7r_vim_Hwi_Instance_finalize__E)
                  0000d044    000000c0     libmmwavelink_xwr16xx.aer4f : rl_sensor.oer4f (.text:rlSetFrameConfig)
                  0000d104    000000bc     libcli_xwr16xx.aer4f : cli.oer4f (.text:CLI_help)
                  0000d1c0    000000bc     libgpio_xwr16xx.aer4f : gpio.oer4f (.text:GPIO_write)
                  0000d27c    000000bc     libmmwave_xwr16xx.aer4f : mmwave_link.oer4f (.text:MMWave_computeCRC)
                  0000d338    000000bc     rtsv7R4_T_le_v3D16_eabi.lib : open.obj (.text)
                  0000d3f4    0000000c     mss_mmw_per4f.oer4f (.text:xdc_runtime_System_SupportProxy_ready__E)
                  0000d400    000000bc     sysbios.aer4f : BIOS.obj (.text:xdc_runtime_Core_deleteObject__I)
                  0000d4bc    000000b8     libmmwavelink_xwr16xx.aer4f : rl_driver.oer4f (.text:rlDriverMsgWrite)
                  0000d574    000000b8     mss_mmw_per4f.oer4f (.text:ti_sysbios_family_arm_v7r_vim_Hwi_create)
                  0000d62c    000000b6     libsoc_xwr16xx.aer4f : soc_mpu.o (.text)
                  0000d6e2    00000002     libuart_xwr16xx.aer4f : uartsci.oer4f (.text:UartSci_init)
                  0000d6e4    000000b4     mss_main.obj (.text:MmwDemo_mssDataPathStart)
                  0000d798    00000004     mss_mmw_per4f.oer4f (.text:ti_sysbios_BIOS_nullFunc__I)
                  0000d79c    00000004     mss_mmw_per4f.oer4f (.text:xdc_runtime_Startup_reset__I)
                  0000d7a0    000000b4     sysbios.aer4f : BIOS.obj (.text:ti_sysbios_knl_Swi_restoreHwi__E)
                  0000d854    000000b2     libuart_xwr16xx.aer4f : uartsci_dma.oer4f (.text:UartSci_openDMA)
                  0000d906    00000002     rtsv7R4_T_le_v3D16_eabi.lib : i_div0.obj (.text)
                  0000d908    000000b0     libmmwave_xwr16xx.aer4f : mmwave_fullcfg.oer4f (.text:MMWave_addProfile)
                  0000d9b8    000000b0     cli.obj (.text:ODSDemo_CLIGuiMonSel)
                  0000da68    000000b0     libmmwavelink_xwr16xx.aer4f : rl_sensor.oer4f (.text:rlSetProfileConfig)
                  0000db18    000000ae     rtsv7R4_T_le_v3D16_eabi.lib : _io_perm.obj (.text)
                  0000dbc6    00000002     --HOLE-- [fill = 0]
                  0000dbc8    000000ac     libesm_xwr16xx.aer4f : esm.oer4f (.text:ESM_processInterrupt)
                  0000dc74    000000ac     mss_mmw_per4f.oer4f (.text:ti_sysbios_knl_Task_create)
                  0000dd20    000000ac     sysbios.aer4f : BIOS.obj (.text:xdc_runtime_Text_visitRope2__I)
                  0000ddcc    000000a8     libcli_xwr16xx.aer4f : cli_mmwave.oer4f (.text:CLI_MMWaveExtensionHelp)
                  0000de74    000000a8     libmmwave_xwr16xx.aer4f : mmwave_link.oer4f (.text:MMWave_configureProfileChirp)
                  0000df1c    000000a8                             : mmwave_fullcfg.oer4f (.text:MMWave_getBpmChirpHandle)
                  0000dfc4    000000a8     libpinmux_xwr16xx.aer4f : pinmux.oer4f (.text:Pinmux_Set_OverrideCtrl)
                  0000e06c    000000a8     libmmwavelink_xwr16xx.aer4f : rl_sensor.oer4f (.text:rlSetAdvFrameConfig)
                  0000e114    0000000a     libosal_xwr16xx.aer4f : SemaphoreP_tirtos.oer4f (.text:SemaphoreP_post)
                  0000e11e    00000002     --HOLE-- [fill = 0]
                  0000e120    000000a8     sysbios.aer4f : BIOS.obj (.text:ti_sysbios_knl_Swi_schedule__I)
                  0000e1c8    00000008                   : BIOS.obj (.tramp.ti_sysbios_family_arm_v7r_vim_Hwi_disableInterrupt__E.1)
                  0000e1d0    000000a8                   : BIOS.obj (.text:xdc_runtime_Error_print__E)
                  0000e278    000000a4     libDMA_xwr16xx.aer4f : dma.oer4f (.text:DMA_assignChannel)
                  0000e31c    000000a4                          : dma.oer4f (.text:DMA_getChannelInterruptFlag)
                  0000e3c0    000000a4     libesm_xwr16xx.aer4f : esm.oer4f (.text:ESM_init)
                  0000e464    000000a4     libmmwave_xwr16xx.aer4f : mmwave_fullcfg.oer4f (.text:MMWave_addBpmChirp)
                  0000e508    000000a4                             : mmwave.oer4f (.text:MMWave_start)
                  0000e5ac    000000a4     libsoc_xwr16xx.aer4f : soc_xwr16xx_mss.oer4f (.text:SOC_unhaltDSS)
                  0000e650    000000a0     mss_main.obj (.text:MmwDemo_waitSensorStopComplete)
                  0000e6f0    000000a0     libmmwavelink_xwr16xx.aer4f : rl_driver.oer4f (.text:rlDriverWaitForResponse)
                  0000e790    000000a0     sysbios.aer4f : BIOS.obj (.text:xdc_runtime_Startup_exec__E)
                  0000e830    0000009f                   : BIOS.obj (.text:xdc_runtime_Text_putLab__E)
                  0000e8cf    00000001     --HOLE-- [fill = 0]
                  0000e8d0    0000009c     libmmwave_xwr16xx.aer4f : mmwave_link.oer4f (.text:MMWave_configLink)
                  0000e96c    0000009c                             : mmwave_fullcfg.oer4f (.text:MMWave_getProfileHandle)
                  0000ea08    0000009c     libuart_xwr16xx.aer4f : uartsci.oer4f (.text:UartSci_write)
                  0000eaa4    0000009c     rtsv7R4_T_le_v3D16_eabi.lib : memcpy_t2.obj (.text)
                  0000eb40    0000009c     sysbios.aer4f : BIOS.obj (.text:ti_sysbios_heaps_HeapMem_alloc__E)
                  0000ebdc    00000004     --HOLE-- [fill = 0]
                  0000ebe0    0000009c                   : BIOS.obj (.text:ti_sysbios_knl_Clock_logTick__E)
                  0000ec7c    00000098     libmmwave_xwr16xx.aer4f : mmwave_fullcfg.oer4f (.text:MMWave_getChirpCfg)
                  0000ed14    00000098     rtsv7R4_T_le_v3D16_eabi.lib : fclose.obj (.text)
                  0000edac    00000098                                 : fputc.obj (.text)
                  0000ee44    00000098     sysbios.aer4f : vim_Hwi_asm_switch.obj (.text)
                  0000eedc    00000004     --HOLE-- [fill = 0]
                  0000eee0    00000098                   : BIOS.obj (.text:xdc_runtime_Assert_raise__I)
                  0000ef78    00000096     libuart_xwr16xx.aer4f : uartsci.oer4f (.text:UartSci_readChar)
                  0000f00e    00000002     --HOLE-- [fill = 0]
                  0000f010    00000094     libmmwavelink_xwr16xx.aer4f : rl_driver.oer4f (.text:rlDriverDeInit)
                  0000f0a4    00000094                                 : rl_driver.oer4f (.text:rlDriverMsgReadCmdCtx)
                  0000f138    00000094     sysbios.aer4f : vim_Hwi_asm.obj (.text:ti_sysbios_family_arm_v7r_vim_Hwi_dispatchIRQ__I)
                  0000f1cc    00000090     libgpio_xwr16xx.aer4f : gpio.oer4f (.text:GPIO_init)
                  0000f25c    00000090     libmailbox_xwr16xx.aer4f : mailbox.oer4f (.text:Mailbox_close)
                  0000f2ec    00000090     libuart_xwr16xx.aer4f : uartsci_dma.oer4f (.text:UartSci_initiateTxDMA)
                  0000f37c    00000090                           : uartsci.oer4f (.text:UartSci_read)
                  0000f40c    00000004     --HOLE-- [fill = 0]
                  0000f410    00000090     sysbios.aer4f : BIOS.obj (.text:xdc_runtime_Core_assignLabel__I)
                  0000f4a0    0000008c     libcli_xwr16xx.aer4f : cli_mmwave.oer4f (.text:CLI_MMWaveDataOutputMode)
                  0000f52c    0000008c     cli.obj (.text:MmwDemo_CLIADCBufCfg)
                  0000f5b8    0000008c     mss_main.obj (.text:MmwDemo_waitSensorStartComplete)
                  0000f644    0000008c     libsoc_xwr16xx.aer4f : soc_xwr16xx.oer4f (.text:SOC_translateAddress)
                  0000f6d0    0000008c     libuart_xwr16xx.aer4f : uartsci_dma.oer4f (.text:UartSci_initiateRxDMA)
                  0000f75c    0000008c     libmmwavelink_xwr16xx.aer4f : rl_device.oer4f (.text:rlDevicePowerOn)
                  0000f7e8    0000008c                                 : rl_driver.oer4f (.text:rlDriverMsgCmdReply)
                  0000f874    0000000a     libuart_xwr16xx.aer4f : UART.oer4f (.text:UART_read)
                  0000f87e    00000002     --HOLE-- [fill = 0]
                  0000f880    0000008c     sysbios.aer4f : BIOS.obj (.text:ti_sysbios_knl_Swi_runLoop__I)
                  0000f90c    00000088     libmmwave_xwr16xx.aer4f : mmwave_fullcfg.oer4f (.text:MMWave_getProfileCfg)
                  0000f994    00000088     rtsv7R4_T_le_v3D16_eabi.lib : vsnprintf.obj (.text)
                  0000fa1c    00000084     libmmwave_xwr16xx.aer4f : mmwave_xwr16xx.oer4f (.text:MMWave_deviceCfgAsyncEvent)
                  0000faa0    00000084                             : mmwave_xwr16xx.oer4f (.text:MMWave_deviceEventFxn)
                  0000fb24    00000084                             : mmwave_fullcfg.oer4f (.text:MMWave_getNumBpmChirp)
                  0000fba8    00000084     mss_main.obj (.text:MmwDemo_gpioSwitchTask)
                  0000fc2c    00000004     --HOLE-- [fill = 0]
                  0000fc30    00000084     sysbios.aer4f : BIOS.obj (.text:ti_sysbios_heaps_HeapMem_getStats__E)
                  0000fcb4    0000000a     libuart_xwr16xx.aer4f : UART.oer4f (.text:UART_write)
                  0000fcbe    00000002     --HOLE-- [fill = 0]
                  0000fcc0    00000084     sysbios.aer4f : BIOS.obj (.text:ti_sysbios_knl_Swi_startup__E)
                  0000fd44    00000084     mss_mmw_per4f.oer4f (.text:ti_sysbios_rts_gnu_MemAlloc_alloc)
                  0000fdc8    00000080     libcli_xwr16xx.aer4f : cli_mmwave.oer4f (.text:CLI_MMWaveChannelCfg)
                  0000fe48    00000080     libmmwave_xwr16xx.aer4f : mmwave_fullcfg.oer4f (.text:MMWave_getBpmChirpCfg)
                  0000fec8    00000080     libuart_xwr16xx.aer4f : uartsci.oer4f (.text:UartSci_writePolling)
                  0000ff48    00000080     libmmwavelink_xwr16xx.aer4f : rl_driver.oer4f (.text:rlDriverExecuteGetApi)
                  0000ffc8    0000007e     libosal_xwr16xx.aer4f : HwiP_tirtos.oer4f (.text:HwiP_create)
                  00010046    00000002     --HOLE-- [fill = 0]
                  00010048    0000007c     libmailbox_xwr16xx.aer4f : mailbox.oer4f (.text:Mailbox_init)
                  000100c4    0000007c     libuart_xwr16xx.aer4f : uartsci.oer4f (.text:UartSci_readPolling)
                  00010140    0000007c     sysbios.aer4f : arm_TaskSupport_asm.obj (.text:_ti_sysbios_family_arm_TaskSupport_buildTaskStack)
                  000101bc    00000004     --HOLE-- [fill = 0]
                  000101c0    0000007c                   : BIOS.obj (.text:ti_sysbios_family_arm_v7r_vim_Hwi_phantomIntHandler__I)
                  0001023c    0000007b     cli.obj (.text:MmwDemo_CLIGetSubframe)
                  000102b7    00000001     --HOLE-- [fill = 0]
                  000102b8    0000007a     rtsv7R4_T_le_v3D16_eabi.lib : memset_t2.obj (.text)
                  00010332    00000002     --HOLE-- [fill = 0]
                  00010334    00000078     libcli_xwr16xx.aer4f : cli_mmwave.oer4f (.text:CLI_MMWaveADCCfg)
                  000103ac    00000078     libmmwave_xwr16xx.aer4f : mmwave_xwr16xx.oer4f (.text:MMWave_deviceOpenFxn)
                  00010424    00000078                             : mmwave_fullcfg.oer4f (.text:MMWave_getNumChirps)
                  0001049c    00000078                             : mmwave.oer4f (.text:MMWave_open)
                  00010514    00000078     cli.obj (.text:MmwDemo_CLIClutterRemoval)
                  0001058c    00000004     --HOLE-- [fill = 0]
                  00010590    00000078     sysbios.aer4f : BIOS.obj (.text:xdc_runtime_System_exit__E)
                  00010608    00000074     libmmwave_xwr16xx.aer4f : mmwave.oer4f (.text:MMWave_config)
                  0001067c    00000074                             : mmwave_xwr16xx.oer4f (.text:MMWave_deviceStartFxn)
                  000106f0    00000074     mss_main.obj (.text:MmwDemo_Dss2MssISR)
                  00010764    00000074     libsoc_xwr16xx.aer4f : soc.oer4f (.text:SOC_init)
                  000107d8    00000074     boot.aer4f : boot.oer4f (.text)
                  0001084c    00000074     libmmwavelink_xwr16xx.aer4f : rl_driver.oer4f (.text:rlDriverAsyncEventHandler)
                  000108c0    00000074                                 : rl_driver.oer4f (.text:rlDriverProcRdMsg)
                  00010934    00000074     rtsv7R4_T_le_v3D16_eabi.lib : getdevice.obj (.text)
                  000109a8    00000074                                 : s_frexp.obj (.text)
                  00010a1c    00000072     libmmwavelink_xwr16xx.aer4f : rl_driver.oer4f (.text:rlDriverClientCbCheck)
                  00010a8e    00000002     --HOLE-- [fill = 0]
                  00010a90    00000070     libmmwave_xwr16xx.aer4f : mmwave_xwr16xx.oer4f (.text:MMWave_deviceCfgFxn)
                  00010b00    00000070     sysbios.aer4f : BIOS.obj (.text:ti_sysbios_family_arm_v7r_vim_Hwi_getStackInfo__E)
                  00010b70    00000070     mss_mmw_per4f.oer4f (.text:ti_sysbios_gates_GateHwi_Object__create__S)
                  00010be0    00000070     mss_mmw_per4f.oer4f (.text:ti_sysbios_gates_GateMutex_Object__create__S)
                  00010c50    00000070     mss_mmw_per4f.oer4f (.text:ti_sysbios_heaps_HeapBuf_Object__get__S)
                  00010cc0    00000070     mss_mmw_per4f.oer4f (.text:ti_sysbios_heaps_HeapMem_Object__create__S)
                  00010d30    00000070     mss_mmw_per4f.oer4f (.text:ti_sysbios_heaps_HeapMem_Object__get__S)
                  00010da0    00000070     mss_mmw_per4f.oer4f (.text:ti_sysbios_knl_Semaphore_create)
                  00010e10    00000070     mss_mmw_per4f.oer4f (.text:ti_sysbios_knl_Swi_Object__get__S)
                  00010e80    00000070     sysbios.aer4f : BIOS.obj (.text:xdc_runtime_Text_xprintf__I)
                  00010ef0    0000006c     libDMA_xwr16xx.aer4f : dma.oer4f (.text:DMA_disableChannel)
                  00010f5c    0000006c     libgpio_xwr16xx.aer4f : gpio.oer4f (.text:GPIO_enableInt)
                  00010fc8    0000006c     libmmwave_xwr16xx.aer4f : mmwave_link.oer4f (.text:MMWave_spawn)
                  00011034    0000006c                             : mmwave_link.oer4f (.text:MMWave_stopLink)
                  000110a0    0000006c     libpinmux_xwr16xx.aer4f : pinmux.oer4f (.text:Pinmux_Set_FuncSel)
                  0001110c    0000006c     rtsv7R4_T_le_v3D16_eabi.lib : copy_decompress_lzss.obj (.text:decompress:lzss)
                  00011178    0000006c                                 : trgmsg.obj (.text)
                  000111e4    0000000a     libuart_xwr16xx.aer4f : UART.oer4f (.text:UART_writePolling)
                  000111ee    00000002     --HOLE-- [fill = 0]
                  000111f0    0000006c     sysbios.aer4f : BIOS.obj (.text:ti_sysbios_heaps_HeapMem_init__I)
                  0001125c    00000004     --HOLE-- [fill = 0]
                  00011260    0000006c                   : BIOS.obj (.text:ti_sysbios_knl_Task_allBlockedFunction__I)
                  000112cc    00000004     --HOLE-- [fill = 0]
                  000112d0    0000006c                   : BIOS.obj (.text:xdc_runtime_System_atexit__E)
                  0001133c    0000006a     libuart_xwr16xx.aer4f : uartsci.oer4f (.text:UartSci_control)
                  000113a6    00000002     --HOLE-- [fill = 0]
                  000113a8    00000068     libDMA_xwr16xx.aer4f : dma.oer4f (.text:DMA_enableChannel)
                  00011410    00000068     libmmwave_xwr16xx.aer4f : mmwave_xwr16xx.oer4f (.text:MMWave_deviceStopFxn)
                  00011478    00000068     libmailbox_xwr16xx.aer4f : mailbox.oer4f (.text:Mailbox_readFlush)
                  000114e0    00000068     libmmwavelink_xwr16xx.aer4f : rl_driver.oer4f (.text:rlDriverExecuteSetApi)
                  00011548    00000068                                 : rl_driver.oer4f (.text:rlDriverHostIrqHandler)
                  000115b0    00000068     rtsv7R4_T_le_v3D16_eabi.lib : hostlseek.obj (.text)
                  00011618    00000068                                 : hostrename.obj (.text)
                  00011680    00000068     sysbios.aer4f : BIOS.obj (.text:ti_sysbios_family_arm_v7r_tms570_Core_Module_startup__E)
                  000116e8    00000068     mss_mmw_per4f.oer4f (.text:ti_sysbios_knl_Event_create)
                  00011750    00000068     mss_mmw_per4f.oer4f (.text:ti_sysbios_knl_Task_Object__get__S)
                  000117b8    00000067     mss_main.obj (.text:MmwDemo_mssSetHsiClk)
                  0001181f    00000001     --HOLE-- [fill = 0]
                  00011820    00000066     libmmwavelink_xwr16xx.aer4f : rl_device.oer4f (.text:rlDevicePowerOff)
                  00011886    00000002     --HOLE-- [fill = 0]
                  00011888    00000064     libcli_xwr16xx.aer4f : cli_mmwave.oer4f (.text:CLI_MMWaveLowPowerCfg)
                  000118ec    00000064     libosal_xwr16xx.aer4f : SemaphoreP_tirtos.oer4f (.text:SemaphoreP_create)
                  00011950    00000064     rtsv7R4_T_le_v3D16_eabi.lib : fseek.obj (.text)
                  000119b4    00000064                                 : sprintf.obj (.text)
                  00011a18    00000064     sysbios.aer4f : exc_Exception_asm.obj (.text:ti_sysbios_family_arm_exc_Exception_initCore0__I)
                  00011a7c    00000004     --HOLE-- [fill = 0]
                  00011a80    00000064                   : BIOS.obj (.text:ti_sysbios_hal_Hwi_checkStack)
                  00011ae4    0000000c     rtsv7R4_T_le_v3D16_eabi.lib : fputc.obj (.tramp.putchar.1)
                  00011af0    00000064     sysbios.aer4f : BIOS.obj (.text:xdc_runtime_Core_assignParams__I)
                  00011b54    00000060     libcli_xwr16xx.aer4f : cli_mmwave.oer4f (.text:CLI_MMWaveExtensionHandler)
                  00011bb4    00000060     libgpio_xwr16xx.aer4f : gpio.oer4f (.text:GPIO_setCallback)
                  00011c14    00000060     mss_mmw_per4f.oer4f (.text:ti_sysbios_knl_Queue_Object__get__S)
                  00011c74    00000008     sysbios.aer4f : BIOS.obj (.tramp.xdc_runtime_Memory_free__E.1)
                  00011c7c    00000004     --HOLE-- [fill = 0]
                  00011c80    00000060                   : BIOS.obj (.text:ti_sysbios_timers_rti_Timer_stop__E)
                  00011ce0    0000005e     libuart_xwr16xx.aer4f : uartsci.oer4f (.text:UartSci_writeChar)
                  00011d3e    00000002     --HOLE-- [fill = 0]
                  00011d40    0000005c     libmmwave_xwr16xx.aer4f : mmwave_link.oer4f (.text:MMWave_mboxOpen)
                  00011d9c    0000005c                             : mmwave.oer4f (.text:MMWave_stop)
                  00011df8    0000005c     rtsv7R4_T_le_v3D16_eabi.lib : hostopen.obj (.text)
                  00011e54    0000005c                                 : hostread.obj (.text)
                  00011eb0    0000005a     libuart_xwr16xx.aer4f : uartsci.oer4f (.text:UartSci_readCancel)
                  00011f0a    0000005a     libmmwavelink_xwr16xx.aer4f : rl_driver.oer4f (.text:rlDriverCalChkSum)
                  00011f64    00000058     libesm_xwr16xx.aer4f : esm.oer4f (.text:ESM_highpriority_FIQ)
                  00011fbc    00000058     libmmwave_xwr16xx.aer4f : mmwave.oer4f (.text:MMWave_execute)
                  00012014    00000058                             : mmwave_link.oer4f (.text:MMWave_initCRC)
                  0001206c    00000058     mss_main.obj (.text:MmwDemo_mmWaveCtrlTask)
                  000120c4    00000058     libuart_xwr16xx.aer4f : uartsci_dma.oer4f (.text:UartSci_closeDMA)
                  0001211c    00000058     libmmwavelink_xwr16xx.aer4f : rl_driver.oer4f (.text:rlDriverMsgReadSpawnCtx)
                  00012174    00000058     rtsv7R4_T_le_v3D16_eabi.lib : close.obj (.text)
                  000121cc    00000058                                 : hostwrite.obj (.text)
                  00012224    0000000c                                 : fflush.obj (.tramp.fflush.1)
                  00012230    00000058     sysbios.aer4f : BIOS.obj (.text:ti_sysbios_family_arm_TaskSupport_start__E)
                  00012288    00000058     mss_mmw_per4f.oer4f (.text:ti_sysbios_knl_Clock_doTick__I)
                  000122e0    00000056     libmmwavelink_xwr16xx.aer4f : rl_driver.oer4f (.text:rlDriverOsiCbCheck)
                  00012336    00000002     --HOLE-- [fill = 0]
                  00012338    00000054     libcrc_xwr16xx.aer4f : crc.oer4f (.text:CRC_getTransactionId)
                  0001238c    00000054     libDMA_xwr16xx.aer4f : dma.oer4f (.text:DMA_freeChannel)
                  000123e0    00000054     libmmwave_xwr16xx.aer4f : mmwave_link.oer4f (.text:MMWave_initLink)
                  00012434    00000054     rtsv7R4_T_le_v3D16_eabi.lib : ltoa.obj (.text)
                  00012488    00000008     sysbios.aer4f : BIOS.obj (.tramp.ti_sysbios_knl_Semaphore_post__E.1)
                  00012490    00000054                   : BIOS.obj (.text:ti_sysbios_hal_Hwi_initStack)
                  000124e4    00000054     mss_mmw_per4f.oer4f (.text:ti_sysbios_knl_Semaphore_construct)
                  00012538    00000008     sysbios.aer4f : BIOS.obj (.tramp.xdc_runtime_Assert_raise__I.1)
                  00012540    00000053                   : BIOS.obj (.text:xdc_runtime_Text_printVisFxn__I)
                  00012593    00000001     --HOLE-- [fill = 0]
                  00012594    00000050     libcrc_xwr16xx.aer4f : crc.oer4f (.text:CRC_getSignature)
                  000125e4    00000050     libmmwave_xwr16xx.aer4f : mmwave.oer4f (.text:MMWave_sync)
                  00012634    00000050     mss_mmw_per4f.oer4f (.text:free)
                  00012684    00000050     libmmwavelink_xwr16xx.aer4f : rl_driver.oer4f (.text:rlDeviceIdentifyCmdDir)
                  000126d4    00000050                                 : rl_driver.oer4f (.text:rlDriverVerifyCRC)
                  00012724    00000050     rtsv7R4_T_le_v3D16_eabi.lib : atoi.obj (.text)
                  00012774    00000050                                 : exit.obj (.text)
                  000127c4    00000050                                 : u_div32.obj (.text)
                  00012814    00000050     mss_mmw_per4f.oer4f (.text:ti_sysbios_BIOS_rtsLock__I)
                  00012864    00000008     sysbios.aer4f : BIOS.obj (.tramp.ti_sysbios_knl_Event_post__E.1)
                  0001286c    00000004     --HOLE-- [fill = 0]
                  00012870    00000050                   : BIOS.obj (.text:ti_sysbios_knl_Event_pendTimeout__I)
                  000128c0    00000050                   : BIOS.obj (.text:ti_sysbios_knl_Semaphore_pendTimeout__I)
                  00012910    0000004c     libmailbox_xwr16xx.aer4f : mailbox.oer4f (.text:Mailbox_boxEmptyISRProcessing)
                  0001295c    0000004c     libuart_xwr16xx.aer4f : uartsci.oer4f (.text:UartSci_writeCancel)
                  000129a8    0000004c     rtsv7R4_T_le_v3D16_eabi.lib : cpy_tbl.obj (.text)
                  000129f4    0000004c     mss_mmw_per4f.oer4f (.text:ti_sysbios_family_arm_v7r_vim_Hwi_Params__init__S)
                  00012a40    0000004c     mss_mmw_per4f.oer4f (.text:ti_sysbios_knl_Queue_construct)
                  00012a8c    0000004c     mss_mmw_per4f.oer4f (.text:ti_sysbios_knl_Semaphore_Params__init__S)
                  00012ad8    0000004c     mss_mmw_per4f.oer4f (.text:ti_sysbios_knl_Task_Params__init__S)
                  00012b24    0000004a     libmailbox_xwr16xx.aer4f : mailbox.oer4f (.text:Mailbox_boxFullISRProcessing)
                  00012b6e    00000002     --HOLE-- [fill = 0]
                  00012b70    00000048     libcli_xwr16xx.aer4f : cli.oer4f (.text:CLI_write)
                  00012bb8    00000048     libmmwavelink_xwr16xx.aer4f : rl_device.oer4f (.text:rlDeviceGetVersion)
                  00012c00    00000048                                 : rl_driver.oer4f (.text:rlDriverOsiInit)
                  00012c48    00000048     mss_mmw_per4f.oer4f (.text:ti_sysbios_BIOS_errorRaiseHook__I)
                  00012c90    00000046     libmailbox_xwr16xx.aer4f : mailbox.oer4f (.text:CSL_FINSR)
                  00012cd6    00000044     libcrc_xwr16xx.aer4f : crc.oer4f (.text:CRC_resetSignature)
                  00012d1a    00000002     --HOLE-- [fill = 0]
                  00012d1c    00000044     libmailbox_xwr16xx.aer4f : mailbox.oer4f (.text:Mailbox_boxFullISRMssDss)
                  00012d60    00000044     cli.obj (.text:MmwDemo_mssCfgUpdate)
                  00012da4    00000044     rtsv7R4_T_le_v3D16_eabi.lib : hostclose.obj (.text)
                  00012de8    00000044                                 : hostunlink.obj (.text)
                  00012e2c    00000044     mss_mmw_per4f.oer4f (.text:ti_sysbios_BIOS_atExitFunc__I)
                  00012e70    00000044     sysbios.aer4f : BIOS.obj (.text:ti_sysbios_heaps_HeapMem_free__E)
                  00012eb4    0000000c     rtsv7R4_T_le_v3D16_eabi.lib : memset_t2.obj (.tramp.memset.1)
                  00012ec0    00000044     sysbios.aer4f : BIOS.obj (.text:ti_sysbios_knl_Swi_Module_startup__E)
                  00012f04    0000000c     rtsv7R4_T_le_v3D16_eabi.lib : cpy_tbl.obj (.tramp.copy_in.1)
                  00012f10    00000044     sysbios.aer4f : BIOS.obj (.text:ti_sysbios_knl_Task_restoreHwi__E)
                  00012f54    0000000c     --HOLE-- [fill = 0]
                  00012f60    00000044                   : BIOS.obj (.text:ti_sysbios_timers_rti_Timer_periodicStub__E)
                  00012fa4    00000042     libmmwave_xwr16xx.aer4f : mmwave_link.oer4f (.text:MMWave_executeLink)
                  00012fe6    00000040     libmmwavelink_xwr16xx.aer4f : rl_driver.oer4f (.text:rlDriverValidateHdr)
                  00013026    00000002     --HOLE-- [fill = 0]
                  00013028    00000040     rtsv7R4_T_le_v3D16_eabi.lib : strtok.obj (.text)
                  00013068    00000040     mss_mmw_per4f.oer4f (.text:ti_sysbios_family_arm_v7r_vim_Hwi_Object__delete__S)
                  000130a8    00000040     mss_mmw_per4f.oer4f (.text:ti_sysbios_gates_GateMutex_Object__delete__S)
                  000130e8    00000040     mss_mmw_per4f.oer4f (.text:ti_sysbios_knl_Semaphore_Object__delete__S)
                  00013128    00000040     mss_mmw_per4f.oer4f (.text:xdc_runtime_IHeap_alloc)
                  00013168    00000040     mss_mmw_per4f.oer4f (.text:xdc_runtime_System_aprintf__E)
                  000131a8    00000040     mss_mmw_per4f.oer4f (.text:xdc_runtime_System_printf__E)
                  000131e8    0000003e     libDMA_xwr16xx.aer4f : dma.oer4f (.text:CSL_FINSR)
                  00013226    0000003e     libcrc_xwr16xx.aer4f : crc.oer4f (.text:CSL_FINSR)
                  00013264    0000003e     libgpio_xwr16xx.aer4f : gpio.oer4f (.text:CSL_FINSR)
                  000132a2    0000003e     libpinmux_xwr16xx.aer4f : pinmux.oer4f (.text:CSL_FINSR)
                  000132e0    0000003e     libsoc_xwr16xx.aer4f : soc.oer4f (.text:CSL_FINSR)
                  0001331e    0000003e                          : soc_xwr16xx.oer4f (.text:CSL_FINSR)
                  0001335c    0000003e                          : soc_xwr16xx_mss.oer4f (.text:CSL_FINSR)
                  0001339a    0000003e     libuart_xwr16xx.aer4f : uartsci.oer4f (.text:CSL_FINSR)
                  000133d8    0000003e     libmmwave_xwr16xx.aer4f : mmwave.oer4f (.text:MMWave_decodeError)
                  00013416    0000003e     libuart_xwr16xx.aer4f : uartsci.oer4f (.text:UartSci_close)
                  00013454    0000003c     libcli_xwr16xx.aer4f : cli_mmwave.oer4f (.text:CLI_MMWaveFlushCfg)
                  00013490    0000003c     libmailbox_xwr16xx.aer4f : mailbox.oer4f (.text:Mailbox_writeReset)
                  000134cc    0000003c     libsoc_xwr16xx.aer4f : soc.oer4f (.text:SOC_unhaltBSS)
                  00013508    0000003c     libmmwavelink_xwr16xx.aer4f : rl_controller.oer4f (.text:rlGetSubBlock)
                  00013544    0000003c     sysbios.aer4f : vim_Hwi_asm.obj (.text:ti_sysbios_family_arm_v7r_vim_Hwi_init__I)
                  00013580    0000003c     mss_mmw_per4f.oer4f (.text:ti_sysbios_gates_GateHwi_Handle__label__S)
                  000135bc    0000003c     mss_mmw_per4f.oer4f (.text:ti_sysbios_gates_GateHwi_Object__delete__S)
                  000135f8    0000003c     mss_mmw_per4f.oer4f (.text:ti_sysbios_gates_GateMutex_Handle__label__S)
                  00013634    0000003c     mss_mmw_per4f.oer4f (.text:ti_sysbios_heaps_HeapMem_Handle__label__S)
                  00013670    0000003c     mss_mmw_per4f.oer4f (.text:ti_sysbios_heaps_HeapMem_Object__delete__S)
                  000136ac    00000004     --HOLE-- [fill = 0]
                  000136b0    0000003c     sysbios.aer4f : BIOS.obj (.text:xdc_runtime_System_aprintf_va__F)
                  000136ec    0000003a     libosal_xwr16xx.aer4f : HwiP_tirtos.oer4f (.text:HwiP_delete)
                  00013726    00000002     --HOLE-- [fill = 0]
                  00013728    00000038     libuart_xwr16xx.aer4f : UART.oer4f (.text:UART_init)
                  00013760    00000038     mss_mmw_per4f.oer4f (.text:ti_sysbios_BIOS_startFunc__I)
                  00013798    00000008     --HOLE-- [fill = 0]
                  000137a0    00000038     sysbios.aer4f : BIOS.obj (.text:xdc_runtime_System_printf_va__F)
                  000137d8    00000036     libmmwavelink_xwr16xx.aer4f : rl_controller.oer4f (.text:rlAppendSubBlock)
                  0001380e    00000036     rtsv7R4_T_le_v3D16_eabi.lib : strncpy.obj (.text)
                  00013844    00000034     libmmwave_xwr16xx.aer4f : mmwave_link.oer4f (.text:MMWave_mboxWrite)
                  00013878    00000034     mss_main.obj (.text:MmwDemo_installDss2MssExceptionSignallingISR)
                  000138ac    00000034     libsoc_xwr16xx.aer4f : soc_xwr16xx_mss.oer4f (.text:SOC_isSecureDevice)
                  000138e0    00000034                          : soc_xwr16xx.oer4f (.text:SOC_setMMWaveDSSLinkState)
                  00013914    00000034                          : soc_xwr16xx.oer4f (.text:SOC_setMMWaveMSSLinkState)
                  00013948    00000034     libuart_xwr16xx.aer4f : UART.oer4f (.text:UART_open)
                  0001397c    00000034     mss_mmw_per4f.oer4f (.text:ti_sysbios_BIOS_registerRTSLock__I)
                  000139b0    00000034     mss_mmw_per4f.oer4f (.text:ti_sysbios_family_arm_v7r_vim_Hwi_Module__startupDone__F)
                  000139e4    0000000c     --HOLE-- [fill = 0]
                  000139f0    00000034     sysbios.aer4f : BIOS.obj (.text:ti_sysbios_knl_Clock_Module_startup__E)
                  00013a24    0000000c     --HOLE-- [fill = 0]
                  00013a30    00000034                   : BIOS.obj (.text:ti_sysbios_knl_Idle_run__E)
                  00013a64    00000034     mss_mmw_per4f.oer4f (.text:ti_sysbios_knl_Task_SupportProxy_start__E)
                  00013a98    00000034     mss_mmw_per4f.oer4f (.text:ti_sysbios_timers_rti_Timer_Module__startupDone__F)
                  00013acc    00000034     mss_mmw_per4f.oer4f (.text:xdc_runtime_Memory_HeapProxy_alloc__E)
                  00013b00    00000034     sysbios.aer4f : BIOS.obj (.text:xdc_runtime_SysStd_abort__E)
                  00013b34    00000032     libcrc_xwr16xx.aer4f : crc.oer4f (.text:CRC_getCRCDataSelectBitValue)
                  00013b66    00000002     --HOLE-- [fill = 0]
                  00013b68    00000032                          : crc.oer4f (.text:CRC_getCRCTypeBitValue)
                  00013b9a    00000030     libmmwave_xwr16xx.aer4f : mmwave_listlib.oer4f (.text:MMWave_listRemoveNode)
                  00013bca    00000030     libmmwavelink_xwr16xx.aer4f : rl_sensor.oer4f (.text:rlSensorStart)
                  00013bfa    00000002     --HOLE-- [fill = 0]
                  00013bfc    00000030     mss_mmw_per4f.oer4f (.text:ti_sysbios_BIOS_removeRTSLock__I)
                  00013c2c    00000004     --HOLE-- [fill = 0]
                  00013c30    00000030     sysbios.aer4f : BIOS.obj (.text:ti_sysbios_family_arm_v7r_vim_Hwi_disableInterrupt__E)
                  00013c60    00000030                   : BIOS.obj (.text:ti_sysbios_family_arm_v7r_vim_Hwi_enableInterrupt__E)
                  00013c90    00000030                   : BIOS.obj (.text:ti_sysbios_gates_GateMutex_Instance_init__E)
                  00013cc0    00000030     mss_mmw_per4f.oer4f (.text:ti_sysbios_knl_Semaphore_destruct)
                  00013cf0    00000030     mss_mmw_per4f.oer4f (.text:xdc_runtime_IHeap_free)
                  00013d20    00000030     mss_mmw_per4f.oer4f (.text:xdc_runtime_Text_visitRope__I)
                  00013d50    0000002c     libgpio_xwr16xx.aer4f : gpio.oer4f (.text:GPIO_HighPriorityISR)
                  00013d7c    0000002c                           : gpio.oer4f (.text:GPIO_LowPriorityISR)
                  00013da8    0000002c     libmmwave_xwr16xx.aer4f : mmwave_osal.oer4f (.text:MMWave_osalMutexCreate)
                  00013dd4    0000002c                             : mmwave_osal.oer4f (.text:MMWave_osalSemCreate)
                  00013e00    0000002c     libsoc_xwr16xx.aer4f : soc_xwr16xx_mss.oer4f (.text:SOC_waitBSSPowerUp)
                  00013e2c    0000002c     libmmwavelink_xwr16xx.aer4f : rl_device.oer4f (.text:rlDeviceGetMssVersion)
                  00013e58    0000002c                                 : rl_sensor.oer4f (.text:rlSensorStop)
                  00013e84    0000002c     rtsv7R4_T_le_v3D16_eabi.lib : unlink.obj (.text)
                  00013eb0    0000002c     mss_mmw_per4f.oer4f (.text:ti_sysbios_knl_Queue_destruct)
                  00013edc    00000004     --HOLE-- [fill = 0]
                  00013ee0    0000002c     sysbios.aer4f : BIOS.obj (.text:ti_sysbios_knl_Task_enter__I)
                  00013f0c    0000002a     libsoc_xwr16xx.aer4f : soc.oer4f (.text:SOC_SystemISR)
                  00013f36    0000002a     rtsv7R4_T_le_v3D16_eabi.lib : strspn.obj (.text)
                  00013f60    00000028     libmailbox_xwr16xx.aer4f : mailbox.oer4f (.text:Mailbox_Config_init)
                  00013f88    00000028     libuart_xwr16xx.aer4f : uartsci_dma.oer4f (.text:UartSci_RxDMACallbackFxn)
                  00013fb0    00000028                           : uartsci_dma.oer4f (.text:UartSci_TxDMACallbackFxn)
                  00013fd8    00000028     cli.obj (.text:log2Approx)
                  00014000    00000028     libmmwavelink_xwr16xx.aer4f : rl_device.oer4f (.text:rlDeviceGetMmWaveLinkVersion)
                  00014028    00000028                                 : rl_driver.oer4f (.text:rlDriverConstructInMsg)
                  00014050    00000028     rtsv7R4_T_le_v3D16_eabi.lib : lseek.obj (.text)
                  00014078    00000028                                 : write.obj (.text)
                  000140a0    00000028     sysbios.aer4f : BIOS.obj (.text:ti_sysbios_family_arm_v7a_Pmu_Module_startup__E)
                  000140c8    00000008     --HOLE-- [fill = 0]
                  000140d0    00000028                   : BIOS.obj (.text:ti_sysbios_gates_GateMutex_leave__E)
                  000140f8    00000008     --HOLE-- [fill = 0]
                  00014100    00000028                   : BIOS.obj (.text:xdc_runtime_Error_init__E)
                  00014128    00000028     mss_mmw_per4f.oer4f (.text:xdc_runtime_Startup_exec__I)
                  00014150    00000026     libmmwavelink_xwr16xx.aer4f : rl_sensor.oer4f (.text:rlRfInitCalibConfig)
                  00014176    00000026                                 : rl_sensor.oer4f (.text:rlRfRunTimeCalibConfig)
                  0001419c    00000026                                 : rl_sensor.oer4f (.text:rlRfSetCalMonFreqLimitConfig)
                  000141c2    00000026                                 : rl_sensor.oer4f (.text:rlRfSetDeviceCfg)
                  000141e8    00000026                                 : rl_sensor.oer4f (.text:rlSetAdcOutConfig)
                  0001420e    00000026                                 : rl_sensor.oer4f (.text:rlSetBpmCommonConfig)
                  00014234    00000026                                 : rl_sensor.oer4f (.text:rlSetChannelConfig)
                  0001425a    00000026                                 : rl_sensor.oer4f (.text:rlSetContModeConfig)
                  00014280    00000026     rtsv7R4_T_le_v3D16_eabi.lib : memcmp.obj (.text)
                  000142a6    00000024     libcrc_xwr16xx.aer4f : crc.oer4f (.text:CRC_isTransactionIdValid)
                  000142ca    00000002     --HOLE-- [fill = 0]
                  000142cc    00000024     libgpio_xwr16xx.aer4f : gpio.oer4f (.text:GPIO_processInterrupt)
                  000142f0    00000024     mss_main.obj (.text:MmwDemo_notifySensorStart)
                  00014314    00000024     libsoc_xwr16xx.aer4f : soc_xwr16xx.oer4f (.text:SOC_isMMWaveDSSOperational)
                  00014338    00000024                          : soc_xwr16xx.oer4f (.text:SOC_isMMWaveMSSOperational)
                  0001435c    00000024     libmmwavelink_xwr16xx.aer4f : rl_device.oer4f (.text:rlDeviceSetHsiClk)
                  00014380    00000024                                 : rl_sensor.oer4f (.text:rlEnableContMode)
                  000143a4    00000024                                 : rl_sensor.oer4f (.text:rlRfSetCalMonTimeUnitConfig)
                  000143c8    00000024                                 : rl_sensor.oer4f (.text:rlSetLowPowerModeConfig)
                  000143ec    00000024     mss_mmw_per4f.oer4f (.text:xdc_runtime_Memory_HeapProxy_free__E)
                  00014410    00000022     cli.obj (.text:MmwDemo_CLISensorStart)
                  00014432    00000022     libuart_xwr16xx.aer4f : uartsci.oer4f (.text:UartSci_disableRxDMA)
                  00014454    00000022                           : uartsci.oer4f (.text:UartSci_enableRxDMA)
                  00014476    00000022     rtsv7R4_T_le_v3D16_eabi.lib : strcspn.obj (.text)
                  00014498    00000020     libcli_xwr16xx.aer4f : cli_mmwave.oer4f (.text:CLI_MMWaveExtensionInit)
                  000144b8    00000020     libesm_xwr16xx.aer4f : esm.oer4f (.text:ESM_lowpriority_IRQ)
                  000144d8    00000020     libmmwave_xwr16xx.aer4f : mmwave_listlib.oer4f (.text:MMWave_listCat)
                  000144f8    00000020     libpinmux_xwr16xx.aer4f : pinmux.oer4f (.text:Pinmux_Unlock)
                  00014518    00000020     libmmwavelink_xwr16xx.aer4f : rl_sensor.oer4f (.text:rlRfInit)
                  00014538    00000020     mss_mmw_per4f.oer4f (.text:ti_sysbios_BIOS_exitFunc__I)
                  00014558    00000008     --HOLE-- [fill = 0]
                  00014560    00000020     sysbios.aer4f : BIOS.obj (.text:ti_sysbios_family_arm_v7r_vim_Hwi_clearInterrupt__E)
                  00014580    00000020                   : BIOS.obj (.text:ti_sysbios_knl_Task_sleepTimeout__I)
                  000145a0    0000001e     libmmwave_xwr16xx.aer4f : mmwave_fullcfg.oer4f (.text:MMWave_internalDelChirp)
                  000145be    0000001e     libsoc_xwr16xx.aer4f : soc_xwr16xx_mss.oer4f (.text:SOC_getOutAddr_LUTType)
                  000145dc    0000001c     libcrc_xwr16xx.aer4f : crc.oer4f (.text:CRC_releaseTransactionId)
                  000145f8    0000001c     libDMA_xwr16xx.aer4f : dma.oer4f (.text:CSL_FEXTR)
                  00014614    0000001c     libmmwave_xwr16xx.aer4f : mmwave.oer4f (.text:CSL_FEXTR)
                  00014630    0000001c     libsoc_xwr16xx.aer4f : soc_xwr16xx.oer4f (.text:CSL_FEXTR)
                  0001464c    0000001c                          : soc_xwr16xx_mss.oer4f (.text:CSL_FEXTR)
                  00014668    0000001c     libuart_xwr16xx.aer4f : uartsci.oer4f (.text:CSL_FEXTR)
                  00014684    0000001c     libmmwave_xwr16xx.aer4f : mmwave_listlib.oer4f (.text:MMWave_listRemove)
                  000146a0    0000001c     mss_main.obj (.text:MmwDemo_mboxWrite)
                  000146bc    0000001c     mss_main.obj (.text:MmwDemo_mssMmwaveStartCallbackFxn)
                  000146d8    0000001c     mss_main.obj (.text:MmwDemo_notifySensorStop)
                  000146f4    0000001c     libsoc_xwr16xx.aer4f : soc_xwr16xx_mss.oer4f (.text:SOC_getInAddr_LUTType)
                  00014710    0000001c     sysbios.aer4f : arm_TaskSupport_asm.obj (.text:_ti_sysbios_family_arm_TaskSupport_glue)
                  0001472c    0000001c     rtsv7R4_T_le_v3D16_eabi.lib : memccpy.obj (.text)
                  00014748    0000001c     mss_mmw_per4f.oer4f (.text:ti_sysbios_BIOS_RtsGateProxy_leave__E)
                  00014764    0000001c     mss_mmw_per4f.oer4f (.text:ti_sysbios_hal_Hwi_HwiProxy_getStackInfo__E)
                  00014780    0000001c     mss_mmw_per4f.oer4f (.text:ti_sysbios_heaps_HeapMem_Module_GateProxy_leave__E)
                  0001479c    0000001c     mss_mmw_per4f.oer4f (.text:ti_sysbios_knl_Clock_Module_State_clockQ)
                  000147b8    00000008     --HOLE-- [fill = 0]
                  000147c0    0000001c     sysbios.aer4f : BIOS.obj (.text:ti_sysbios_knl_Event_Instance_init__E)
                  000147dc    0000001c     mss_mmw_per4f.oer4f (.text:ti_sysbios_knl_Task_SupportProxy_checkStack__E)
                  000147f8    0000001c     mss_mmw_per4f.oer4f (.text:ti_sysbios_knl_Task_SupportProxy_swap__E)
                  00014814    0000001c     mss_mmw_per4f.oer4f (.text:xdc_runtime_System_Module_GateProxy_leave__E)
                  00014830    0000001a     libsoc_xwr16xx.aer4f : soc.oer4f (.text:CSL_FEXTR)
                  0001484a    0000001a     libmmwave_xwr16xx.aer4f : mmwave_xwr16xx.oer4f (.text:MMWave_deviceSyncFxn)
                  00014864    0000001a                             : mmwave.oer4f (.text:MMWave_encodeError)
                  0001487e    0000001a                             : mmwave_listlib.oer4f (.text:MMWave_listAdd)
                  00014898    0000001a     rtsv7R4_T_le_v3D16_eabi.lib : s_copysign.obj (.text)
                  000148b2    00000018     libmmwave_xwr16xx.aer4f : mmwave_osal.oer4f (.text:MMWave_osalMutexLock)
                  000148ca    00000018                             : mmwave_osal.oer4f (.text:MMWave_osalSemWait)
                  000148e2    00000002     --HOLE-- [fill = 0]
                  000148e4    00000018     libmailbox_xwr16xx.aer4f : mailbox.oer4f (.text:Mailbox_boxEmptyISRBss)
                  000148fc    00000018                              : mailbox.oer4f (.text:Mailbox_boxEmptyISRMssDss)
                  00014914    00000018                              : mailbox.oer4f (.text:Mailbox_boxFullISRBss)
                  0001492c    00000018     sysbios.aer4f : arm_TaskSupport_asm.obj (.text:_ti_sysbios_family_arm_TaskSupport_swap__E)
                  00014944    00000018     libmmwavelink_xwr16xx.aer4f : rl_device.oer4f (.text:rlDeviceGetRfVersion)
                  0001495c    00000018                                 : rl_driver.oer4f (.text:rlDriverCalCRC)
                  00014974    00000018                                 : rl_driver.oer4f (.text:rlDriverFillPayload)
                  0001498c    00000018                                 : rl_driver.oer4f (.text:rlDriverIsDeviceMapValid)
                  000149a4    00000018     rtsv7R4_T_le_v3D16_eabi.lib : args_main.obj (.text)
                  000149bc    00000018                                 : strcmp.obj (.text)
                  000149d4    0000000c     --HOLE-- [fill = 0]
                  000149e0    00000018     sysbios.aer4f : BIOS.obj (.text:ti_sysbios_BIOS_setThreadType__E)
                  000149f8    00000008     --HOLE-- [fill = 0]
                  00014a00    00000018                   : BIOS.obj (.text:ti_sysbios_BIOS_start__E)
                  00014a18    00000018                   : BIOS.obj (.text:ti_sysbios_family_arm_v7a_Pmu_initCounters__I)
                  00014a30    00000018                   : BIOS.obj (.text:ti_sysbios_hal_Hwi_Module_startup__E)
                  00014a48    00000008     --HOLE-- [fill = 0]
                  00014a50    00000018                   : BIOS.obj (.text:ti_sysbios_knl_Idle_loop__E)
                  00014a68    00000008     --HOLE-- [fill = 0]
                  00014a70    00000018                   : BIOS.obj (.text:ti_sysbios_knl_Queue_empty__E)
                  00014a88    00000008     --HOLE-- [fill = 0]
                  00014a90    00000018                   : BIOS.obj (.text:ti_sysbios_knl_Swi_disable__E)
                  00014aa8    00000008     --HOLE-- [fill = 0]
                  00014ab0    00000018                   : BIOS.obj (.text:ti_sysbios_knl_Task_disable__E)
                  00014ac8    00000016     rtsv7R4_T_le_v3D16_eabi.lib : strchr.obj (.text)
                  00014ade    00000016                                 : strlen.obj (.text)
                  00014af4    00000014     libcli_xwr16xx.aer4f : cli_mmwave.oer4f (.text:CLI_getMMWaveExtensionOpenConfig)
                  00014b08    00000014     libosal_xwr16xx.aer4f : HwiP_tirtos.oer4f (.text:HwiP_Params_init)
                  00014b1c    00000014     libmmwave_xwr16xx.aer4f : mmwave_fullcfg.oer4f (.text:MMWave_internalDelBpmChirp)
                  00014b30    00000014                             : mmwave_fullcfg.oer4f (.text:MMWave_internalDelProfile)
                  00014b44    00000014                             : mmwave_osal.oer4f (.text:MMWave_osalMutexDelete)
                  00014b58    00000014                             : mmwave_osal.oer4f (.text:MMWave_osalSemDelete)
                  00014b6c    00000014     libpinmux_xwr16xx.aer4f : pinmux.oer4f (.text:Pinmux_Lock)
                  00014b80    00000014     libuart_xwr16xx.aer4f : uartsci.oer4f (.text:UartSci_disableTxDMA)
                  00014b94    00000014                           : uartsci.oer4f (.text:UartSci_enableTxDMA)
                  00014ba8    00000014     libosal_xwr16xx.aer4f : DebugP_tirtos.oer4f (.text:_DebugP_assert)
                  00014bbc    00000014     mss_mmw_per4f.oer4f (.text:malloc)
                  00014bd0    00000014     libmmwavelink_xwr16xx.aer4f : rl_controller.oer4f (.text:rlAppendDummy)
                  00014be4    00000014     rtsv7R4_T_le_v3D16_eabi.lib : _lock.obj (.text)
                  00014bf8    00000014                                 : strcpy.obj (.text)
                  00014c0c    00000014     mss_mmw_per4f.oer4f (.text:ti_sysbios_BIOS_RtsGateProxy_enter__E)
                  00014c20    00000014     sysbios.aer4f : BIOS.obj (.text:ti_sysbios_family_arm_TaskSupport_checkStack__E)
                  00014c34    00000014     mss_mmw_per4f.oer4f (.text:ti_sysbios_family_arm_v7r_vim_Hwi_delete)
                  00014c48    00000008     --HOLE-- [fill = 0]
                  00014c50    00000014     sysbios.aer4f : BIOS.obj (.text:ti_sysbios_family_arm_v7r_vim_Hwi_switchFromBootStack__E)
                  00014c64    0000000c     --HOLE-- [fill = 0]
                  00014c70    00000014                   : BIOS.obj (.text:ti_sysbios_gates_GateMutex_Instance_finalize__E)
                  00014c84    00000014     mss_mmw_per4f.oer4f (.text:ti_sysbios_hal_Hwi_HwiProxy_clearInterrupt__E)
                  00014c98    00000014     mss_mmw_per4f.oer4f (.text:ti_sysbios_hal_Hwi_HwiProxy_disableInterrupt__E)
                  00014cac    00000014     mss_mmw_per4f.oer4f (.text:ti_sysbios_hal_Hwi_HwiProxy_enableInterrupt__E)
                  00014cc0    00000014     mss_mmw_per4f.oer4f (.text:ti_sysbios_heaps_HeapMem_Module_GateProxy_enter__E)
                  00014cd4    00000014     mss_mmw_per4f.oer4f (.text:ti_sysbios_heaps_HeapMem_Module_GateProxy_query__E)
                  00014ce8    00000014     mss_mmw_per4f.oer4f (.text:ti_sysbios_knl_Clock_TimerProxy_getMaxTicks__E)
                  00014cfc    00000004     --HOLE-- [fill = 0]
                  00014d00    00000014     sysbios.aer4f : BIOS.obj (.text:ti_sysbios_knl_Semaphore_Instance_finalize__E)
                  00014d14    00000014     mss_mmw_per4f.oer4f (.text:ti_sysbios_knl_Semaphore_delete)
                  00014d28    00000014     mss_mmw_per4f.oer4f (.text:xdc_iargToPtr)
                  00014d3c    00000004     --HOLE-- [fill = 0]
                  00014d40    00000014     sysbios.aer4f : BIOS.obj (.text:xdc_runtime_Memory_free__E)
                  00014d54    00000014     mss_mmw_per4f.oer4f (.text:xdc_runtime_System_Module_GateProxy_enter__E)
                  00014d68    00000014     mss_mmw_per4f.oer4f (.text:xdc_runtime_System_SupportProxy_abort__E)
                  00014d7c    00000014     mss_mmw_per4f.oer4f (.text:xdc_runtime_System_SupportProxy_exit__E)
                  00014d90    00000014     mss_mmw_per4f.oer4f (.text:xdc_runtime_System_SupportProxy_putch__E)
                  00014da4    00000012     libcrc_xwr16xx.aer4f : crc.oer4f (.text:CRC_initConfigParams)
                  00014db6    00000012     libosal_xwr16xx.aer4f : MemoryP_tirtos.oer4f (.text:MemoryP_ctrlAlloc)
                  00014dc8    00000012                           : SemaphoreP_tirtos.oer4f (.text:SemaphoreP_pend)
                  00014dda    00000002     --HOLE-- [fill = 0]
                  00014ddc    00000010     libcli_xwr16xx.aer4f : cli_mmwave.oer4f (.text:CLI_getMMWaveExtensionConfig)
                  00014dec    00000010     libcrc_xwr16xx.aer4f : crc.oer4f (.text:CRC_getSignatureRegister)
                  00014dfc    00000010     libmmwave_xwr16xx.aer4f : mmwave_xwr16xx.oer4f (.text:MMWave_deviceGetDeviceInfo)
                  00014e0c    00000010     mss_main.obj (.text:MmwDemo_mssMmwaveConfigCallbackFxn)
                  00014e1c    00000010     mss_main.obj (.text:MmwDemo_mssMmwaveStopCallbackFxn)
                  00014e2c    00000010     mss_main.obj (.text:MmwDemo_switchPressFxn)
                  00014e3c    00000004     --HOLE-- [fill = 0]
                  00014e40    00000010     sysbios.aer4f : BIOS.obj (.text:ti_sysbios_family_arm_TaskSupport_getStackAlignment__E)
                  00014e50    00000010                   : BIOS.obj (.text:ti_sysbios_family_arm_exc_Exception_Module_startup__E)
                  00014e60    00000010                   : BIOS.obj (.text:ti_sysbios_family_arm_v7a_Pmu_disableInterruptI__E)
                  00014e70    00000010                   : BIOS.obj (.text:ti_sysbios_family_arm_v7a_Pmu_enableInterruptI__E)
                  00014e80    00000010                   : BIOS.obj (.text:ti_sysbios_family_arm_v7a_Pmu_getNumCounters__E)
                  00014e90    00000010                   : BIOS.obj (.text:ti_sysbios_family_arm_v7a_Pmu_startCounterI__E)
                  00014ea0    00000010                   : BIOS.obj (.text:ti_sysbios_family_arm_v7a_Pmu_stopCounterI__E)
                  00014eb0    00000010                   : BIOS.obj (.text:xdc_runtime_Startup_rtsDone__E)
                  00014ec0    0000000e     libosal_xwr16xx.aer4f : SemaphoreP_tirtos.oer4f (.text:SemaphoreP_delete)
                  00014ece    0000000e     rtsv7R4_T_le_v3D16_eabi.lib : copy_decompress_none.obj (.text:decompress:none)
                  00014edc    00000004     --HOLE-- [fill = 0]
                  00014ee0    0000000c     sysbios.aer4f : BIOS.obj (.text:ti_sysbios_family_arm_v7r_vim_Hwi_startup__E)
                  00014eec    00000004     --HOLE-- [fill = 0]
                  00014ef0    0000000c                   : BIOS.obj (.text:ti_sysbios_gates_GateHwi_enter__E)
                  00014efc    00000004     --HOLE-- [fill = 0]
                  00014f00    0000000c                   : BIOS.obj (.text:ti_sysbios_knl_Queue_Instance_init__E)
                  00014f0c    00000004     --HOLE-- [fill = 0]
                  00014f10    0000000c                   : BIOS.obj (.text:xdc_runtime_SysStd_exit__E)
                  00014f1c    00000004     --HOLE-- [fill = 0]
                  00014f20    00000008                   : BIOS.obj (.text:ti_sysbios_gates_GateHwi_leave__E)
                  00014f28    00000008     --HOLE-- [fill = 0]
                  00014f30    00000008                   : BIOS.obj (.text:ti_sysbios_gates_GateHwi_query__E)
                  00014f38    00000008     --HOLE-- [fill = 0]
                  00014f40    00000008                   : BIOS.obj (.text:ti_sysbios_gates_GateMutex_query__E)
                  00014f48    00000008     --HOLE-- [fill = 0]
                  00014f50    00000008                   : BIOS.obj (.text:ti_sysbios_heaps_HeapMem_isBlocking__E)
                  00014f58    00000008     --HOLE-- [fill = 0]
                  00014f60    00000008                   : BIOS.obj (.text:ti_sysbios_timers_rti_Timer_getMaxTicks__E)
                  00014f68    00000008     --HOLE-- [fill = 0]
                  00014f70    00000008                   : BIOS.obj (.text:xdc_runtime_SysStd_ready__E)
                  00014f78    00000008     --HOLE-- [fill = 0]
                  00014f80    00000008                   : BIOS.obj (.text:xdc_runtime_System_Module_startup__E)
                  00014f88    00000008     --HOLE-- [fill = 0]
                  00014f90    00000004                   : BIOS.obj (.text:ti_sysbios_BIOS_linkedWithIncorrectBootLibrary__E)
                  00014f94    0000000c     --HOLE-- [fill = 0]
                  00014fa0    00000004                   : BIOS.obj (.text:ti_sysbios_gates_GateHwi_Instance_init__E)
                  00014fa4    0000000c     --HOLE-- [fill = 0]
                  00014fb0    00000004                   : BIOS.obj (.text:ti_sysbios_knl_Task_startup__E)
                  00014fb4    0000000c     --HOLE-- [fill = 0]
                  00014fc0    00000004                   : BIOS.obj (.text:xdc_runtime_SysStd_putch__E)

.const     0    00014fc8    000027b6     
                  00014fc8    00001a98     mss_mmw_per4f.oer4f (.const:xdc_runtime_Text_charTab__A)
                  00016a60    00000254     libmmwavelink_xwr16xx.aer4f : rl_sensor.oer4f (.const:$O1$$)
                  00016cb4    00000101     rtsv7R4_T_le_v3D16_eabi.lib : ctype.obj (.const:.string:_ctypes_)
                  00016db5    00000001     --HOLE-- [fill = 0]
                  00016db6    000000d8     mss_mmw_per4f.oer4f (.const:xdc_runtime_Text_nodeTab__A)
                  00016e8e    00000002     mss_mmw_per4f.oer4f (.const:ti_sysbios_family_arm_exc_Exception_Module__id__C)
                  00016e90    000000a0     libcli_xwr16xx.aer4f : cli_mmwave.oer4f (.const:.string)
                  00016f30    00000098     rtsv7R4_T_le_v3D16_eabi.lib : strtod.obj (.const:$O1$$)
                  00016fc8    00000080     mss_mmw_per4f.oer4f (.const:ti_sysbios_family_arm_v7r_vim_Hwi_channelMap__A)
                  00017048    00000078     libmmwavelink_xwr16xx.aer4f : rl_driver.oer4f (.const:$O2$$)
                  000170c0    00000048     mss_mmw_per4f.oer4f (.const:.string)
                  00017108    0000003c     libuart_xwr16xx.aer4f : UART.oer4f (.const:UART_defaultParams)
                  00017144    0000003c     mss_mmw_per4f.oer4f (.const:ti_sysbios_knl_Task_Object__PARAMS__C)
                  00017180    00000030     mss_mmw_per4f.oer4f (.const:ti_sysbios_family_arm_v7r_vim_Hwi_Object__PARAMS__C)
                  000171b0    0000002c     mss_mmw_per4f.oer4f (.const:xdc_runtime_Startup_sfxnTab__A)
                  000171dc    00000028     mss_mmw_per4f.oer4f (.const:ti_sysbios_heaps_HeapMem_Module__FXNS__C)
                  00017204    00000024     libmailbox_xwr16xx.aer4f : mailbox.oer4f (.const:Mailbox_defaultCfg)
                  00017228    00000024     mss_mmw_per4f.oer4f (.const:ti_sysbios_gates_GateHwi_Module__FXNS__C)
                  0001724c    00000024     mss_mmw_per4f.oer4f (.const:ti_sysbios_gates_GateMutex_Module__FXNS__C)
                  00017270    00000024     mss_mmw_per4f.oer4f (.const:ti_sysbios_heaps_HeapMem_Object__PARAMS__C)
                  00017294    00000024     mss_mmw_per4f.oer4f (.const:ti_sysbios_knl_Semaphore_Object__PARAMS__C)
                  000172b8    00000020     mss_mmw_per4f.oer4f (.const:ti_sysbios_family_arm_v7r_vim_Hwi_Object__DESC__C)
                  000172d8    00000020     mss_mmw_per4f.oer4f (.const:ti_sysbios_gates_GateHwi_Object__DESC__C)
                  000172f8    00000020     mss_mmw_per4f.oer4f (.const:ti_sysbios_gates_GateMutex_Object__DESC__C)
                  00017318    00000020     mss_mmw_per4f.oer4f (.const:ti_sysbios_heaps_HeapMem_Object__DESC__C)
                  00017338    00000020     mss_mmw_per4f.oer4f (.const:ti_sysbios_knl_Event_Object__DESC__C)
                  00017358    00000020     mss_mmw_per4f.oer4f (.const:ti_sysbios_knl_Queue_Object__DESC__C)
                  00017378    00000020     mss_mmw_per4f.oer4f (.const:ti_sysbios_knl_Semaphore_Object__DESC__C)
                  00017398    00000020     mss_mmw_per4f.oer4f (.const:ti_sysbios_knl_Task_Object__DESC__C)
                  000173b8    00000018     mss_mmw_per4f.oer4f (.const:ti_sysbios_gates_GateHwi_Object__PARAMS__C)
                  000173d0    00000018     mss_mmw_per4f.oer4f (.const:ti_sysbios_gates_GateMutex_Object__PARAMS__C)
                  000173e8    00000018     mss_mmw_per4f.oer4f (.const:ti_sysbios_knl_Event_Object__PARAMS__C)
                  00017400    00000018     mss_mmw_per4f.oer4f (.const:ti_sysbios_knl_Queue_Object__PARAMS__C)
                  00017418    00000016     mss_mmw_per4f.oer4f (.const:xdc_runtime_Startup_sfxnRts__A)
                  0001742e    00000002     mss_mmw_per4f.oer4f (.const:ti_sysbios_family_arm_v7a_Pmu_Module__id__C)
                  00017430    00000010     mss_mmw_per4f.oer4f (.const:ti_sysbios_family_arm_v7r_vim_Hwi_intReqEnaSet__A)
                  00017440    00000010     mss_mmw_per4f.oer4f (.const:ti_sysbios_family_arm_v7r_vim_Hwi_wakeEnaSet__A)
                  00017450    00000008     mss_mmw_per4f.oer4f (.const:ti_sysbios_knl_Idle_funcList__A)
                  00017458    00000008     mss_mmw_per4f.oer4f (.const:ti_sysbios_knl_Idle_funcList__C)
                  00017460    00000008     mss_mmw_per4f.oer4f (.const:xdc_runtime_Startup_firstFxns__A)
                  00017468    00000008     mss_mmw_per4f.oer4f (.const:xdc_runtime_Startup_firstFxns__C)
                  00017470    00000008     mss_mmw_per4f.oer4f (.const:xdc_runtime_Startup_lastFxns__C)
                  00017478    00000004     libcli_xwr16xx.aer4f : cli.oer4f (.const:.string:$P$T0$1)
                  0001747c    00000004     mss_mmw_per4f.oer4f (.const:ti_sysbios_BIOS_installedErrorHook__C)
                  00017480    00000004     mss_mmw_per4f.oer4f (.const:ti_sysbios_family_arm_TaskSupport_stackAlignment__C)
                  00017484    00000004     mss_mmw_per4f.oer4f (.const:ti_sysbios_family_arm_exc_Exception_E_dataAbort__C)
                  00017488    00000004     mss_mmw_per4f.oer4f (.const:ti_sysbios_family_arm_exc_Exception_E_prefetchAbort__C)
                  0001748c    00000004     mss_mmw_per4f.oer4f (.const:ti_sysbios_family_arm_exc_Exception_E_swi__C)
                  00017490    00000004     mss_mmw_per4f.oer4f (.const:ti_sysbios_family_arm_exc_Exception_E_undefinedInstruction__C)
                  00017494    00000004     mss_mmw_per4f.oer4f (.const:ti_sysbios_family_arm_exc_Exception_excHookFuncs__A)
                  00017498    00000004     mss_mmw_per4f.oer4f (.const:ti_sysbios_family_arm_exc_Exception_excHookFuncs__C)
                  0001749c    00000004     mss_mmw_per4f.oer4f (.const:ti_sysbios_family_arm_v7a_Pmu_A_invalidCounterId__C)
                  000174a0    00000004     mss_mmw_per4f.oer4f (.const:ti_sysbios_family_arm_v7a_Pmu_Module__diagsEnabled__C)
                  000174a4    00000004     mss_mmw_per4f.oer4f (.const:ti_sysbios_family_arm_v7a_Pmu_Module__diagsIncluded__C)
                  000174a8    00000004     mss_mmw_per4f.oer4f (.const:ti_sysbios_family_arm_v7a_Pmu_Module__diagsMask__C)
                  000174ac    00000004     mss_mmw_per4f.oer4f (.const:ti_sysbios_family_arm_v7r_tms570_Core_E_mismatchedIds__C)
                  000174b0    00000004     mss_mmw_per4f.oer4f (.const:ti_sysbios_family_arm_v7r_tms570_Core_id__C)
                  000174b4    00000004     mss_mmw_per4f.oer4f (.const:ti_sysbios_family_arm_v7r_vim_Hwi_A_badChannelId__C)
                  000174b8    00000004     mss_mmw_per4f.oer4f (.const:ti_sysbios_family_arm_v7r_vim_Hwi_E_alreadyDefined__C)
[...]
00017578  ti_sysbios_knl_Clock_Module__diagsEnabled__C                         
0001757c  ti_sysbios_knl_Clock_Module__diagsIncluded__C                        
00017580  ti_sysbios_knl_Clock_Module__diagsMask__C                            
00017584  ti_sysbios_knl_Clock_Module__loggerFxn1__C                           
00017588  ti_sysbios_knl_Clock_Module__loggerFxn2__C                           
0001758c  ti_sysbios_knl_Clock_Module__loggerObj__C                            
00017590  ti_sysbios_knl_Event_A_badContext__C                                 
00017594  ti_sysbios_knl_Event_A_eventInUse__C                                 
00017598  ti_sysbios_knl_Event_A_nullEventId__C                                
0001759c  ti_sysbios_knl_Event_A_nullEventMasks__C                             
000175a0  ti_sysbios_knl_Event_A_pendTaskDisabled__C                           
000175a4  ti_sysbios_knl_Event_Instance_State_pendQ__O                         
000175a8  ti_sysbios_knl_Event_LM_pend__C                                      
000175ac  ti_sysbios_knl_Event_LM_post__C                                      
000175b0  ti_sysbios_knl_Event_Module__diagsEnabled__C                         
000175b4  ti_sysbios_knl_Event_Module__diagsIncluded__C                        
000175b8  ti_sysbios_knl_Event_Module__diagsMask__C                            
000175bc  ti_sysbios_knl_Event_Module__loggerFxn4__C                           
000175c0  ti_sysbios_knl_Event_Module__loggerFxn8__C                           
000175c4  ti_sysbios_knl_Event_Module__loggerObj__C                            
000175c8  ti_sysbios_knl_Queue_Object__count__C                                
000175cc  ti_sysbios_knl_Queue_Object__table__C                                
000175d0  ti_sysbios_knl_Semaphore_A_badContext__C                             
000175d4  ti_sysbios_knl_Semaphore_A_noEvents__C                               
000175d8  ti_sysbios_knl_Semaphore_A_overflow__C                               
000175dc  ti_sysbios_knl_Semaphore_A_pendTaskDisabled__C                       
000175e0  ti_sysbios_knl_Semaphore_Instance_State_pendQ__O                     
000175e4  ti_sysbios_knl_Semaphore_LM_pend__C                                  
000175e8  ti_sysbios_knl_Semaphore_LM_post__C                                  
000175ec  ti_sysbios_knl_Semaphore_Module__diagsEnabled__C                     
000175f0  ti_sysbios_knl_Semaphore_Module__diagsIncluded__C                    
000175f4  ti_sysbios_knl_Semaphore_Module__diagsMask__C                        
000175f8  ti_sysbios_knl_Semaphore_Module__loggerFxn2__C                       
000175fc  ti_sysbios_knl_Semaphore_Module__loggerFxn4__C                       
00017600  ti_sysbios_knl_Semaphore_Module__loggerObj__C                        
00017604  ti_sysbios_knl_Swi_LD_end__C                                         
00017608  ti_sysbios_knl_Swi_LM_begin__C                                       
0001760c  ti_sysbios_knl_Swi_LM_post__C                                        
00017610  ti_sysbios_knl_Swi_Module__diagsEnabled__C                           
00017614  ti_sysbios_knl_Swi_Module__diagsIncluded__C                          
00017618  ti_sysbios_knl_Swi_Module__diagsMask__C                              
0001761c  ti_sysbios_knl_Swi_Module__loggerFxn1__C                             
00017620  ti_sysbios_knl_Swi_Module__loggerFxn4__C                             
00017624  ti_sysbios_knl_Swi_Module__loggerObj__C                              
00017628  ti_sysbios_knl_Swi_Object__count__C                                  
0001762c  ti_sysbios_knl_Swi_Object__table__C                                  
00017630  ti_sysbios_knl_Task_A_badPriority__C                                 
00017634  ti_sysbios_knl_Task_A_badTaskState__C                                
00017638  ti_sysbios_knl_Task_A_badThreadType__C                               
0001763c  ti_sysbios_knl_Task_A_badTimeout__C                                  
00017640  ti_sysbios_knl_Task_A_noPendElem__C                                  
00017644  ti_sysbios_knl_Task_A_sleepTaskDisabled__C                           
00017648  ti_sysbios_knl_Task_E_spOutOfBounds__C                               
0001764c  ti_sysbios_knl_Task_E_stackOverflow__C                               
00017650  ti_sysbios_knl_Task_LD_block__C                                      
00017654  ti_sysbios_knl_Task_LD_exit__C                                       
00017658  ti_sysbios_knl_Task_LD_ready__C                                      
0001765c  ti_sysbios_knl_Task_LM_sleep__C                                      
00017660  ti_sysbios_knl_Task_LM_switch__C                                     
00017664  ti_sysbios_knl_Task_Module_State_inactiveQ__O                        
00017668  ti_sysbios_knl_Task_Module__diagsEnabled__C                          
0001766c  ti_sysbios_knl_Task_Module__diagsIncluded__C                         
00017670  ti_sysbios_knl_Task_Module__diagsMask__C                             
00017674  ti_sysbios_knl_Task_Module__loggerFxn2__C                            
00017678  ti_sysbios_knl_Task_Module__loggerFxn4__C                            
0001767c  ti_sysbios_knl_Task_Module__loggerObj__C                             
00017680  ti_sysbios_knl_Task_Object__count__C                                 
00017684  ti_sysbios_knl_Task_Object__table__C                                 
00017688  ti_sysbios_knl_Task_allBlockedFunc__C                                
0001768c  ti_sysbios_knl_Task_defaultStackHeap__C                              
00017690  ti_sysbios_knl_Task_defaultStackSize__C                              
00017694  ti_sysbios_knl_Task_numConstructedTasks__C                           
00017698  ti_sysbios_timers_rti_Timer_E_cannotSupport__C                       
0001769c  ti_sysbios_timers_rti_Timer_Module__diagsEnabled__C                  
000176a0  ti_sysbios_timers_rti_Timer_Module__diagsIncluded__C                 
000176a4  ti_sysbios_timers_rti_Timer_Module__diagsMask__C                     
000176a8  ti_sysbios_timers_rti_Timer_numTimerDevices__C                       
000176ac  ti_sysbios_timers_rti_Timer_startupNeeded__C                         
000176b0  xdc_runtime_Assert_E_assertFailed__C                                 
000176b4  xdc_runtime_Core_A_initializedParams__C                              
000176b8  xdc_runtime_Core_Module__diagsEnabled__C                             
000176bc  xdc_runtime_Core_Module__diagsIncluded__C                            
000176c0  xdc_runtime_Core_Module__diagsMask__C                                
000176c4  xdc_runtime_Error_E_memory__C                                        
000176c8  xdc_runtime_Error_Module__diagsEnabled__C                            
000176cc  xdc_runtime_Error_Module__diagsIncluded__C                           
000176d0  xdc_runtime_Error_Module__diagsMask__C                               
000176d4  xdc_runtime_Error_Module__loggerFxn8__C                              
000176d8  xdc_runtime_Error_Module__loggerObj__C                               
000176dc  xdc_runtime_Error_policyFxn__C                                       
000176e0  xdc_runtime_Error_policy__C                                          
000176e4  xdc_runtime_Error_raiseHook__C                                       
000176e8  xdc_runtime_IGateProvider_Interface__BASE__C                         
000176ec  xdc_runtime_IHeap_Interface__BASE__C                                 
000176f0  xdc_runtime_IModule_Interface__BASE__C                               
000176f4  xdc_runtime_Log_L_error__C                                           
000176f8  xdc_runtime_Main_Module__diagsEnabled__C                             
000176fc  xdc_runtime_Main_Module__diagsIncluded__C                            
00017700  xdc_runtime_Main_Module__diagsMask__C                                
00017704  xdc_runtime_Memory_defaultHeapInstance__C                            
00017708  xdc_runtime_Startup_execImpl__C                                      
0001770c  xdc_runtime_Startup_maxPasses__C                                     
00017710  xdc_runtime_Startup_sfxnRts__C                                       
00017714  xdc_runtime_Startup_sfxnTab__C                                       
00017718  xdc_runtime_Startup_startModsFxn__C                                  
0001771c  xdc_runtime_System_Module__gateObj__C                                
00017720  xdc_runtime_System_abortFxn__C                                       
00017724  xdc_runtime_System_exitFxn__C                                        
00017728  xdc_runtime_System_extendFxn__C                                      
0001772c  xdc_runtime_System_maxAtexitHandlers__C                              
00017730  xdc_runtime_Text_charTab__C                                          
00017734  xdc_runtime_Text_nameEmpty__C                                        
00017738  xdc_runtime_Text_nameStatic__C                                       
0001773c  xdc_runtime_Text_nameUnknown__C                                      
00017740  xdc_runtime_Text_nodeTab__C                                          
00017744  xdc_runtime_Text_visitRopeFxn__C                                     
00017748  ti_sysbios_family_arm_v7r_tms570_Core_Module__id__C                  
0001774a  ti_sysbios_family_arm_v7r_vim_Hwi_Module__id__C                      
0001774c  ti_sysbios_family_arm_v7r_vim_Hwi_Module__loggerDefined__C           
0001774e  ti_sysbios_gates_GateMutex_Module__id__C                             
00017750  ti_sysbios_hal_Hwi_Module__id__C                                     
00017752  ti_sysbios_heaps_HeapMem_Module__id__C                               
00017754  ti_sysbios_knl_Clock_Module__id__C                                   
00017756  ti_sysbios_knl_Clock_Module__loggerDefined__C                        
00017758  ti_sysbios_knl_Event_Module__id__C                                   
0001775a  ti_sysbios_knl_Event_Module__loggerDefined__C                        
0001775c  ti_sysbios_knl_Semaphore_Module__id__C                               
0001775e  ti_sysbios_knl_Semaphore_Module__loggerDefined__C                    
00017760  ti_sysbios_knl_Swi_Module__id__C                                     
00017762  ti_sysbios_knl_Swi_Module__loggerDefined__C                          
00017764  ti_sysbios_knl_Task_Module__id__C                                    
00017766  ti_sysbios_knl_Task_Module__loggerDefined__C                         
00017768  ti_sysbios_timers_rti_Timer_Module__id__C                            
0001776a  ti_sysbios_timers_rti_Timer_continueOnSuspend__C                     
0001776c  xdc_runtime_Core_Module__id__C                                       
0001776e  xdc_runtime_Error_Module__loggerDefined__C                           
00017770  xdc_runtime_Error_maxDepth__C                                        
00017772  xdc_runtime_Main_Module__id__C                                       
00017774  xdc_runtime_Memory_Module__id__C                                     
00017776  xdc_runtime_Text_charCnt__C                                          
00017778  xdc_runtime_Text_isLoaded__C                                         
0001777a  xdc_runtime_Text_registryModsLastId__C                               
0001777c  xdc_runtime_Text_unnamedModsLastId__C                                
00017780  __TI_static_base__                                                   
00017af4  __TI_Handler_Table_Base                                              
00017b00  __TI_Handler_Table_Limit                                             
00017b18  __TI_CINIT_Base                                                      
00017b38  __TI_CINIT_Limit                                                     
08000000  ti_sysbios_heaps_HeapMem_Instance_State_0_buf__A                     
0800a000  ti_sysbios_family_arm_exc_Exception_Module_State_0_excStack_0__A     
0800b000  ti_sysbios_knl_Task_Instance_State_0_stack__A                        
0800b800  gMmwMssMCB                                                           
0800bb98  gCLI                                                                 
0800bd38  gGPIOMCB                                                             
0800becc  __CIOBUF_                                                            
0800bfec  gMMWave_MCB                                                          
0800c0e4  __TI_tmpnams                                                         
0800c184  gEsmMCB                                                              
0800c1f4  gMMWave_XWR16xxMCB                                                   
0800c1fc  parmbuf                                                              
0800c220  __stack                                                              
0800d220  D2H_SYNC_PATTERN                                                     
0800d220  __STACK_END                                                          
0800d224  H2D_SYNC_PATTERN                                                     
0800d228  H2D_CNYS_PATTERN                                                     
0800d22c  rl_txMsg                                                             
0800d32c  rl_rxMsg                                                             
0800d610  ti_sysbios_family_arm_v7r_vim_Hwi_Module_State_0_dispatchTable__A    
0800d810  gCLIMMWaveOpenCfg                                                    
0800d830  gCLIMMWaveExtensionTable                                             
0800d8d8  gCLIMMWaveControlCfg                                                 
0800d9a4  _ftable                                                              
0800da94  ti_sysbios_knl_Swi_Module_State_0_readyQ__A                          
0800db14  ti_sysbios_knl_Task_Module_State_0_readyQ__A                         
0800db94  _device                                                              
0800dc0c  gUartSciHwCfg                                                        
0800dc64  _stream                                                              
0800dcb4  gMailboxMCB                                                          
0800dd04  ti_sysbios_knl_Task_Object__table__V                                 
0800dd50  ti_sysbios_knl_Task_Module__state__V                                 
0800dd94  SOC_TranslateAddr_LUT                                                
0800ddd4  ti_sysbios_gates_GateMutex_Object__table__V                          
0800de14  ti_sysbios_timers_rti_Timer_Object__table__V                         
0800de50  ti_sysbios_family_arm_v7r_vim_Hwi_Module__state__V                   
0800de84  ti_sysbios_knl_Swi_Object__table__V                                  
0800deb4  ti_sysbios_family_arm_v7r_vim_Hwi_Object__table__V                   
0800dee0  ti_sysbios_knl_Clock_Module__state__V                                
0800df0c  gUartSciFxnTable                                                     
0800df34  UART_config                                                          
0800df58  ti_sysbios_BIOS_Module__state__V                                     
0800df7c  xdc_runtime_Error_IgnoreBlock                                        
0800df9c  xdc_runtime_System_Module_State_0_atexitHandlers__A                  
0800dfbc  ti_sysbios_knl_Swi_Module__state__V                                  
0800dfd8  gMailboxMssBssHwCfg                                                  
0800dff0  gMailboxMssDssHwCfg                                                  
0800e008  ti_sysbios_heaps_HeapMem_Object__table__V                            
0800e020  ti_sysbios_timers_rti_Timer_Module_State_0_device__A                 
0800e038  gSOCHwAttrib                                                         
0800e04c  ti_sysbios_family_arm_exc_Exception_Module__state__V                 
0800e060  __TI_ft_end                                                          
0800e064  __aeabi_stdin                                                        
0800e068  __aeabi_stdout                                                       
0800e06c  __aeabi_stderr                                                       
0800e070  ti_sysbios_timers_rti_Timer_Module_State_0_intFreqs__A               
0800e080  ti_sysbios_timers_rti_Timer_Module__state__V                         
0800e090  __TI_cleanup_ptr                                                     
0800e094  __TI_dtors_ptr                                                       
0800e098  __TI_enable_exit_profile_output                                      
0800e09c  gESMHwCfgAttrs                                                       
0800e0a8  ti_sysbios_family_arm_v7a_Pmu_Module__state__V                       
0800e0b4  _lock                                                                
0800e0b8  _unlock                                                              
0800e0bc  gGPIOHwAtrrib                                                        
0800e0c4  ti_sysbios_family_arm_v7r_vim_Hwi_Module__root__V                    
0800e0cc  ti_sysbios_gates_GateHwi_Module__root__V                             
0800e0d4  ti_sysbios_gates_GateMutex_Module__root__V                           
0800e0dc  ti_sysbios_hal_Hwi_Object__table__V                                  
0800e0e4  ti_sysbios_heaps_HeapMem_Module__root__V                             
0800e0ec  ti_sysbios_knl_Event_Module__root__V                                 
0800e0f4  ti_sysbios_knl_Queue_Module__root__V                                 
0800e0fc  ti_sysbios_knl_Semaphore_Module__root__V                             
0800e104  ti_sysbios_knl_Task_Module__root__V                                  
0800e10c  ti_sysbios_timers_rti_Timer_Module_State_0_handles__A                
0800e114  xdc_runtime_Registry_Module__state__V                                
0800e11c  xdc_runtime_Startup_Module__state__V                                 
0800e124  xdc_runtime_System_Module__state__V                                  
0800e12c  gCRCRegister                                                         
0800e130  gPinmuxRegs                                                          
0800e138  errno                                                                
0800e144  main_func_sp                                                         
0800e14c  ti_sysbios_family_arm_exc_Exception_Module_State_0_excContext__A     
0800e150  ti_sysbios_family_arm_exc_Exception_Module_State_0_excStackBuffers__A
0800e154  ti_sysbios_family_arm_exc_Exception_Module_State_0_excStack__A       
0800e158  ti_sysbios_gates_GateHwi_Object__table__V                            
0800e15c  ti_sysbios_heaps_HeapBuf_Module__state__V                            
0800e160  ti_sysbios_knl_Task_Module_State_0_idleTask__A                       
0800e164  xdc_runtime_Memory_Module__state__V                                  
0800e168  ti_sysbios_family_arm_exc_Exception_Module_State_0_excActive__A      
0800e16a  xdc_runtime_Error_Module__state__V                                   
0800e170  ti_sysbios_family_arm_v7r_vim_Hwi_Module_State_0_fiqStack__A         
fffffdec  ti_sysbios_family_arm_v7r_vim_Hwi_vim                                
ffffffff  __TI_pprof_out_hndl                                                  
ffffffff  __TI_prof_data_size                                                  
ffffffff  __TI_prof_data_start                                                 
ffffffff  __binit__                                                            
ffffffff  __c_args__                                                           
ffffffff  binit                                                                
UNDEFED   SHT$$INIT_ARRAY$$Base                                                
UNDEFED   SHT$$INIT_ARRAY$$Limit                                               

[908 symbols]
