******************************************************************************
               TMS320C6x Linker PC v8.1.3                      
******************************************************************************
>> Linked Fri Jun 07 17:09:40 2024

OUTPUT FILE NAME:   <odsdemo_16xx_dss.xe674>
ENTRY POINT SYMBOL: "_c_int00"  address: 007feca0


MEMORY CONFIGURATION

         name            origin    length      used     unused   attr    fill
----------------------  --------  ---------  --------  --------  ----  --------
PAGE 0:
  L2SRAM_UMAP1          007e0000   00020000  00020000  00000000  RWIX
  L2SRAM_UMAP0          00800000   00020000  0001e7c9  00001837  RWIX
  L1PSRAM               00e00000   00004000  00001c80  00002380  RWIX
  L1DSRAM               00f00000   00004000  00003a04  000005fc  RWIX
  L3SRAM                20000000   000c0000  00002660  000bd9a0  RWIX
  HSRAM                 21080000   00008000  00008000  00000000  RWIX

PAGE 1:
  L3SRAM                20000000   000c0000  000b0000  00010000  RWIX


SEGMENT ALLOCATION MAP

run origin  load origin   length   init length attrs members
----------  ----------- ---------- ----------- ----- -------
007e0000    007e0000    00024580   00024580    r-x
  007e0000    007e0000    00000200   00000200    r-x .vecs
  007e0200    007e0200    0001fe00   0001fe00    r-x .text.1
  00800000    00800000    00004580   00004580    r-x .text.2
00804580    00804580    000164f4   00000000    rw-
  00804580    00804580    0000f818   00000000    rw- .l2data
  00813d98    00813d98    00004000   00000000    rw- systemHeap
  00817d98    00817d98    00002cdc   00000000    rw- .far
0081aa78    0081aa78    00002451   00002451    r--
  0081aa78    0081aa78    00002451   00002451    r-- .const
0081ced0    0081ced0    00001668   0000124c    rw-
  0081ced0    0081ced0    0000124c   0000124c    rw- .fardata
  0081e120    0081e120    00000418   00000000    rw- .stack
0081e538    0081e538    00000164   00000164    r--
  0081e538    0081e538    00000164   00000164    r-- .switch
0081e6a0    0081e6a0    00000120   00000000    rw-
  0081e6a0    0081e6a0    00000120   00000000    rw- .cio
0081e7c0    0081e7c0    0000000c   0000000c    rw-
  0081e7c0    0081e7c0    0000000c   0000000c    rw- .neardata
0081e7d0    0081e7d0    00000010   00000010    r--
  0081e7d0    0081e7d0    00000010   00000010    r-- .ovly
00e00000    20000000    00001c80   00001c80    r-x
  00e00000    20000000    00001c80   00001c80    r-x .fastCode
00f00000    00f00000    00003a04   00000000    rw-
  00f00000    00f00000    00003a04   00000000    rw- .l1data
20001c80    20001c80    000009e0   000009e0    r-x
  20001c80    20001c80    000009e0   000009e0    r-x .overlay
21080000    21080000    00008000   00000000    rw-
  21080000    21080000    00008000   00000000    rw- .demoSharedMem
20000000    20000000    000b0000   00000000    rw-
  20000000    20000000    000b0000   00000000    rw- .l3data


SECTION ALLOCATION MAP

 output                                  attributes/
section   page    origin      length       input sections
--------  ----  ----------  ----------   ----------------
.vecs      0    007e0000    00000200     
                  007e0000    00000200     dss_mmw_pe674.oe674 (.vecs)

.text.1    0    007e0200    0001fe00     
                  007e0200    000016c0     odsdemo_heatmap.oe674 (.text:MATRIX_single8x8MatInv)
                  007e18c0    00000dc0     dss_main.oe674 (.text:MmwDemo_dssDataPathTask)
                  007e2680    00000d80     dss_main.oe674 (.text:MmwDemo_parseProfileAndChirpConfig)
                  007e3400    000009a0     odsdemo_heatmap.oe674 (.text:ODSDemo_Heatmap_aoaEstCaponBF_heatmap)
                  007e3da0    000008a0     ti.targets.rts6000.ae674 : System.oe674 (.text:xdc_runtime_System_doPrint__I)
                  007e4640    000007e0     odsdemo_heatmap.oe674 (.text:ODSDemo_Heatmap_aoaEstCaponBF_covInv)
                  007e4e20    00000780     sysbios.ae674 : BIOS.obj (.text:ti_sysbios_family_c64p_Exception_handler__I)
                  007e55a0    00000740                   : BIOS.obj (.text:ti_sysbios_knl_Event_pend__E)
                  007e5ce0    00000740                   : BIOS.obj (.text:ti_sysbios_knl_Semaphore_pend__E)
                  007e6420    00000720     odsdemo_aoaEstBF2D.oe674 (.text:ODSDEMO__aoaEstBF2D)
                  007e6b40    000006a0     dss_data_path.oe674 (.text:MmwDemo_dataPathConfigFFTs)
                  007e71e0    00000680     dss_main.oe674 (.text:MmwDemo_mboxReadTask)
                  007e7860    00000640     sysbios.ae674 : BIOS.obj (.text:ti_sysbios_family_c64p_Cache_Module_startup__E)
                  007e7ea0    00000640                   : BIOS.obj (.text:ti_sysbios_heaps_HeapMem_allocUnprotected__E)
                  007e84e0    000005e0                   : BIOS.obj (.text:ti_sysbios_knl_Task_Instance_finalize__E)
                  007e8ac0    000005c0     dss_main.oe674 (.text:MmwDemo_dssDataPathInit)
                  007e9080    000005c0     rts6740_elf.lib : divd.obj (.text:__c6xabi_divd)
                  007e9640    000005c0     sysbios.ae674 : BIOS.obj (.text:ti_sysbios_heaps_HeapMem_freeUnprotected__E)
                  007e9c00    00000580     odsdemo_cfar.oe674 (.text:ODSDemo_detectionCFAR_cfar1D)
                  007ea180    00000520     sysbios.ae674 : BIOS.obj (.text:ti_sysbios_timers_rti_Timer_Module_startup__E)
                  007ea6a0    000004e0     odsdemo_heatmap.oe674 (.text:MATRIX_4x4_BWInversionfp)
                  007eab80    000004a0     libmmwave_xwr16xx.ae674 : mmwave_xwr16xx.oe674 (.text:MMWave_deviceExecuteFxn)
                  007eb020    00000440     sysbios.ae674 : BIOS.obj (.text:ti_sysbios_knl_Task_sleep__E)
                  007eb460    00000420     libmailbox_xwr16xx.ae674 : mailbox.oe674 (.text:Mailbox_open)
                  007eb880    00000400     sysbios.ae674 : BIOS.obj (.text:ti_sysbios_knl_Task_Instance_init__E)
                  007ebc80    000003e0     dss_data_path.oe674 (.text:MmwDemo_dcRangeSignatureCompensation)
                  007ec060    000003e0     libmmwavelink_xwr16xx.ae674 : rl_driver.oe674 (.text:rlDriverRxHdrRead)
                  007ec440    000003c0     odsdemo_clusteringDBscan3D.oe674 (.text:ODSDemo_clusteringDBscan3D)
                  007ec800    000003c0     sysbios.ae674 : BIOS.obj (.text:ti_sysbios_knl_Task_schedule__I)
                  007ecbc0    000003a0     libadcbuf_xwr16xx.ae674 : adcbuf_mmwave.oe674 (.text:ADCBUF_MMWave_control)
                  007ecf60    000003a0     dsplib.ae674 : DSPF_sp_fftSPxSP.oe674 (.text:optimized)
                  007ed300    00000380     dss_main.oe674 (.text:MmwDemo_dssSendProcessOutputToMSS)
                  007ed680    00000360     libcrc_xwr16xx.ae674 : crc.oe674 (.text:CRC_open)
                  007ed9e0    00000340     dss_mmw_pe674.oe674 (.text:xdc_runtime_System_printfExtend__I)
                  007edd20    00000320     rts6740_elf.lib : cos.obj (.text:cos)
                  007ee040    00000320     sysbios.ae674 : BIOS.obj (.text:ti_sysbios_knl_Event_post__E)
                  007ee360    00000300     dss_main.oe674 (.text:MmwDemo_dssDataPathConfigAdcBuf)
                  007ee660    00000300     odsdemo_doppler.oe674 (.text:ODSDEMO_dopplerProc)
                  007ee960    00000300     odsdemo_cfar.oe674 (.text:ODSDemo_detectionCFAR)
                  007eec60    000002e0     libedma_xwr16xx.ae674 : edma.oe674 (.text:EDMA_error_isr)
                  007eef40    000002e0     libmmwavelink_xwr16xx.ae674 : rl_driver.oe674 (.text:rlDriverCmdInvoke)
                  007ef220    000002e0     rts6740_elf.lib : sin.obj (.text:sin)
                  007ef500    000002e0     sysbios.ae674 : BIOS.obj (.text:ti_sysbios_heaps_HeapMem_Instance_init__E)
                  007ef7e0    000002a0     libcrc_xwr16xx.ae674 : crc.oe674 (.text:CRC_computeSignature)
                  007efa80    000002a0     dss_data_path.oe674 (.text:MmwDemo_dataPathConfigBuffers)
                  007efd20    000002a0     dss_data_path.oe674 (.text:MmwDemo_dataPathConfigEdma)
                  007effc0    000002a0     odsdemo_dopplerProc_priv.oe674 (.text:RADARDEMO_dopplerProcIntegrationFltpAllAnt)
                  007f0260    000002a0     rts6740_elf.lib : divf.obj (.text:__c6xabi_divf)
                  007f0500    000002a0     sysbios.ae674 : BIOS.obj (.text:ti_sysbios_knl_Clock_workFunc__E)
                  007f07a0    00000280     libedma_xwr16xx.ae674 : edma.oe674 (.text:EDMA_configChannel)
                  007f0a20    00000280     dss_main.oe674 (.text:MmwDemo_dssChirpIntHandler)
                  007f0ca0    00000260     libedma_xwr16xx.ae674 : edma.oe674 (.text:EDMA_open)
                  007f0f00    00000260     odsdemo_heatmap.oe674 (.text:ODSDemo_Heatmap_steeringVecGen)
                  007f1160    00000260     rts6740_elf.lib : imath64.obj (.text:__c6xabi_divull)
                  007f13c0    00000260     libmmwavelink_xwr16xx.ae674 : rl_driver.oe674 (.text:rlDriverMsgRead)
                  007f1620    00000260     ti.targets.rts6000.ae674 : Startup.oe674 (.text:xdc_runtime_Startup_startMods__I)
                  007f1880    00000240     libedma_xwr16xx.ae674 : edma.oe674 (.text:EDMA_configErrorMonitoring)
                  007f1ac0    00000240     libmmwave_xwr16xx.ae674 : mmwave_link.oe674 (.text:MMWave_startLink)
                  007f1d00    00000240     odsdemo_clusteringDBscan3D_priv.oe674 (.text:ODSDemo_clusteringDBscan3D_calcInfoFixed)
                  007f1f40    00000240     libmmwavelink_xwr16xx.ae674 : rl_driver.oe674 (.text:rlDriverCmdSendRetry)
                  007f2180    00000240                                 : rl_driver.oe674 (.text:rlDriverInit)
                  007f23c0    00000240     rts6740_elf.lib : setvbuf.obj (.text:setvbuf)
                  007f2600    00000240     sysbios.ae674 : BIOS.obj (.text:ti_sysbios_family_c64p_Exception_internalHandler__I)
                  007f2840    00000240                   : BIOS.obj (.text:ti_sysbios_family_c64p_Hwi_dispatchCore__I)
                  007f2a80    00000240                   : BIOS.obj (.text:ti_sysbios_knl_Semaphore_post__E)
                  007f2cc0    00000240                   : BIOS.obj (.text:ti_sysbios_knl_Task_postInit__I)
                  007f2f00    00000240                   : BIOS.obj (.text:ti_sysbios_timers_rti_Timer_getFreq__E)
                  007f3140    00000240                   : BIOS.obj (.text:ti_sysbios_utils_Load_updateThreadContexts__E)
                  007f3380    00000240     ti.targets.rts6000.ae674 : Core-mem.oe674 (.text:xdc_runtime_Core_createObject__I)
                  007f35c0    00000220     libedma_xwr16xx.ae674 : edma.oe674 (.text:EDMA_transferComplete_isr)
                  007f37e0    00000220     libmailbox_xwr16xx.ae674 : mailbox.oe674 (.text:Mailbox_write)
                  007f3a00    00000220     rts6740_elf.lib : fputc.obj (.text:fputc)
                  007f3c20    00000200     libmmwave_xwr16xx.ae674 : mmwave_link.oe674 (.text:MMWave_initMMWaveLink)
                  007f3e20    00000200     dss_main.oe674 (.text:MmwDemo_edmaBlockCopy)
                  007f4020    00000200     sysbios.ae674 : c64p_Hwi_disp_always.obj (.text:_ti_sysbios_family_c64p_Hwi_dispatchAlways)
                  007f4220    00000200                   : BIOS.obj (.text:ti_sysbios_family_c64p_EventCombiner_dispatchPlug__E)
                  007f4420    00000200                   : BIOS.obj (.text:ti_sysbios_family_c64p_EventCombiner_dispatch__E)
                  007f4620    00000200                   : BIOS.obj (.text:ti_sysbios_knl_Task_exit__E)
                  007f4820    00000200                   : BIOS.obj (.text:ti_sysbios_knl_Task_startCore__E)
                  007f4a20    00000200                   : BIOS.obj (.text:ti_sysbios_utils_Load_updateLoads__E)
                  007f4c20    00000200     ti.targets.rts6000.ae674 : Error.oe674 (.text:xdc_runtime_Error_policyDefault__E)
                  007f4e20    000001e0     libadcbuf_xwr16xx.ae674 : adcbuf_mmwave.oe674 (.text:ADCBUF_MMWave_open)
                  007f5000    000001e0     libedma_xwr16xx.ae674 : edma.oe674 (.text:EDMA_init)
                  007f51e0    000001e0     dss_main.oe674 (.text:MmwDemo_dssMmwaveEventCallbackFxn)
                  007f53c0    000001e0     dss_data_path.oe674 (.text:MmwDemo_gen_twiddle_float)
                  007f55a0    000001e0     rts6740_elf.lib : log.obj (.text:log)
                  007f5780    000001e0     libmmwavelink_xwr16xx.ae674 : rl_driver.oe674 (.text:rlDriverRdVerifyMsg)
                  007f5960    000001e0     sysbios.ae674 : BIOS.obj (.text:ti_sysbios_gates_GateMutex_enter__E)
                  007f5b40    000001e0     ti.targets.rts6000.ae674 : Text.oe674 (.text:xdc_runtime_Text_putSite__E)
                  007f5d20    000001c0     odsdemo_heatmap.oe674 (.text:MATRIX_Mult4x4fp)
                  007f5ee0    000001c0     libmmwave_xwr16xx.ae674 : mmwave_xwr16xx.oe674 (.text:MMWave_deviceInitFxn)
                  007f60a0    000001c0     libmailbox_xwr16xx.ae674 : mailbox.oe674 (.text:Mailbox_read)
                  007f6260    000001c0     rts6740_elf.lib : frexp.obj (.text:frexp)
                  007f6420    000001c0     sysbios.ae674 : BIOS.obj (.text:ti_sysbios_utils_Load_idleFxn__E)
                  007f65e0    000001c0                   : BIOS.obj (.text:ti_sysbios_utils_Load_logLoads__I)
                  007f67a0    000001a0     libadcbuf_xwr16xx.ae674 : adcbuf_mmwave.oe674 (.text:ADCBUFTestPatternConfig)
                  007f6940    000001a0     libedma_xwr16xx.ae674 : edma.oe674 (.text:EDMA_paramConfig_assist)
                  007f6ae0    000001a0     dss_config_edma_util.oe674 (.text:EDMAutil_configType2a)
                  007f6c80    000001a0     rts6740_elf.lib : trgdrv.obj (.text:HOSTrename)
                  007f6e20    000001a0                     : asin.obj (.text:asin)
                  007f6fc0    000001a0                     : lowlev.obj (.text:getdevice)
                  007f7160    000001a0     libmmwavelink_xwr16xx.ae674 : rl_driver.oe674 (.text:rlDriverDeInit)
                  007f7300    000001a0     sysbios.ae674 : BIOS.obj (.text:ti_sysbios_knl_Task_unblockI__E)
                  007f74a0    000001a0                   : BIOS.obj (.text:ti_sysbios_timers_rti_Timer_startup__E)
                  007f7640    000001a0     ti.targets.rts6000.ae674 : Core-smem.oe674 (.text:xdc_runtime_Core_constructObject__I)
                  007f77e0    00000180     libadcbuf_xwr16xx.ae674 : adcbuf_mmwave.oe674 (.text:ADCBUFCmdParamCheck)
                  007f7960    00000180     dss_config_edma_util.oe674 (.text:EDMAutil_configType1)
                  007f7ae0    00000180     dss_config_edma_util.oe674 (.text:EDMAutil_triggerType3)
                  007f7c60    00000180     libmmwave_xwr16xx.ae674 : mmwave_fullcfg.oe674 (.text:MMWave_flushCfg)
                  007f7de0    00000180                             : mmwave_fullcfg.oe674 (.text:MMWave_getChirpHandle)
                  007f7f60    00000180                             : mmwave.oe674 (.text:MMWave_start)
                  007f80e0    00000180     libmmwavelink_xwr16xx.ae674 : rl_driver.oe674 (.text:rlDriverMsgWrite)
                  007f8260    00000180     sysbios.ae674 : c64p_Exception_asm.obj (.text)
                  007f83e0    00000180                   : BIOS.obj (.text:ti_sysbios_utils_Load_taskCreateHook__E)
                  007f8560    00000160     libmmwave_xwr16xx.ae674 : mmwave_link.oe674 (.text:MMWave_asyncEventHandler)
                  007f86c0    00000160                             : mmwave_link.oe674 (.text:MMWave_computeCRC)
                  007f8820    00000160     libmailbox_xwr16xx.ae674 : mailbox.oe674 (.text:Mailbox_close)
                  007f8980    00000160     libsoc_xwr16xx.ae674 : soc.oe674 (.text:SOC_registerSysIntListener)
                  007f8ae0    00000160     libmmwavelink_xwr16xx.ae674 : rl_driver.oe674 (.text:rlDriverMsgReadCmdCtx)
                  007f8c40    00000160                                 : rl_driver.oe674 (.text:rlDriverWaitForResponse)
                  007f8da0    00000160     rts6740_elf.lib : sqrt.obj (.text:sqrt)
                  007f8f00    00000160     sysbios.ae674 : BIOS.obj (.text:ti_sysbios_utils_Load_startup__E)
                  007f9060    00000160     ti.targets.rts6000.ae674 : Text.oe674 (.text:xdc_runtime_Text_putMod__E)
                  007f91c0    00000140     libedma_xwr16xx.ae674 : edma_low_level.oe674 (.text:EDMA3Init)
                  007f9300    00000140     dss_config_edma_util.oe674 (.text:EDMA_setup_shadow_link)
                  007f9440    00000140     libedma_xwr16xx.ae674 : edma.oe674 (.text:EDMA_transferController_error_isr)
                  007f9580    00000140     libmmwave_xwr16xx.ae674 : mmwave_fullcfg.oe674 (.text:MMWave_addChirp)
                  007f96c0    00000140                             : mmwave.oe674 (.text:MMWave_init)
                  007f9800    00000140     dss_main.oe674 (.text:MmwDemo_dssDataPathStop)
                  007f9940    00000140     rts6740_elf.lib : fclose.obj (.text:__TI_closefile)
                  007f9a80    00000140                     : fflush.obj (.text:fflush)
                  007f9bc0    00000140     libmmwavelink_xwr16xx.ae674 : rl_device.oe674 (.text:rlDevicePowerOn)
                  007f9d00    00000140                                 : rl_driver.oe674 (.text:rlDriverMsgCmdReply)
                  007f9e40    00000140     sysbios.ae674 : BIOS.obj (.text:ti_sysbios_family_c64p_Hwi_Module_startup__E)
                  007f9f80    00000140                   : BIOS.obj (.text:ti_sysbios_knl_Semaphore_Instance_init__E)
                  007fa0c0    00000140                   : BIOS.obj (.text:ti_sysbios_knl_Task_Module_startup__E)
                  007fa200    00000140                   : BIOS.obj (.text:ti_sysbios_knl_Task_blockI__E)
                  007fa340    00000140                   : BIOS.obj (.text:ti_sysbios_timers_rti_Timer_initDevice__I)
                  007fa480    00000140     ti.targets.rts6000.ae674 : Core-mem.oe674 (.text:xdc_runtime_Core_deleteObject__I)
                  007fa5c0    00000140                              : Text.oe674 (.text:xdc_runtime_Text_putLab__E)
                  007fa700    00000120     libadcbuf_xwr16xx.ae674 : adcbuf_mmwave.oe674 (.text:ADCBUF_MMWave_getChanBufAddr)
                  007fa820    00000120     odsdemo_clusteringDBscan3D_priv.oe674 (.text:ODSDemo_clusteringDBscan3D_findNeighbors2Fixed)
                  007fa940    00000120     boot.ae674 : autoinit.oe674 (.text:_auto_init_elf)
                  007faa60    00000120     rts6740_elf.lib : fseek.obj (.text:fseek)
                  007fab80    00000120     libmmwavelink_xwr16xx.ae674 : rl_driver.oe674 (.text:rlDriverAsyncEventHandler)
                  007faca0    00000120     dss_mmw_pe674.oe674 (.text:ti_sysbios_BIOS_rtsUnlock__I)
                  007fadc0    00000120     sysbios.ae674 : BIOS.obj (.text:ti_sysbios_utils_Load_taskDeleteHook__E)
                  007faee0    00000100     rts6740_elf.lib : trgdrv.obj (.text:HOSTlseek)
                  007fafe0    00000100     libmmwave_xwr16xx.ae674 : mmwave_fullcfg.oe674 (.text:MMWave_addBpmChirp)
                  007fb0e0    00000100                             : mmwave_fullcfg.oe674 (.text:MMWave_addProfile)
                  007fb1e0    00000100                             : mmwave_fullcfg.oe674 (.text:MMWave_getChirpCfg)
                  007fb2e0    00000100     libmailbox_xwr16xx.ae674 : mailbox.oe674 (.text:Mailbox_readFlush)
                  007fb3e0    00000100     odsdemo_dopplerProc_priv.oe674 (.text:RADARDEMO_dopplerProcWin2DFxdpinFltOut)
                  007fb4e0    00000100     libsoc_xwr16xx.ae674 : soc_xwr16xx_dss.oe674 (.text:SOC_deviceInit)
                  007fb5e0    00000100                          : soc_xwr16xx.oe674 (.text:SOC_translateAddress)
                  007fb6e0    00000100     dss_main.oe674 (.text:_MmwDemo_dssAssert)
                  007fb7e0    00000100     rts6740_elf.lib : _io_perm.obj (.text:__TI_wrt_ok)
                  007fb8e0    00000100     libmmwavelink_xwr16xx.ae674 : rl_device.oe674 (.text:rlDevicePowerOff)
                  007fb9e0    00000100                                 : rl_driver.oe674 (.text:rlDriverClientCbCheck)
                  007fbae0    00000100                                 : rl_driver.oe674 (.text:rlDriverOsiCbCheck)
                  007fbbe0    00000100                                 : rl_driver.oe674 (.text:rlDriverValidateHdr)
                  007fbce0    00000100     ti.targets.rts6000.ae674 : Error.oe674 (.text:xdc_runtime_Error_print__E)
                  007fbde0    00000100                              : Memory.oe674 (.text:xdc_runtime_Memory_alloc__E)
                  007fbee0    00000100                              : Startup.oe674 (.text:xdc_runtime_Startup_exec__E)
                  007fbfe0    000000e0     libadcbuf_xwr16xx.ae674 : adcbuf_mmwave.oe674 (.text:ADCBUFChannelEnSetOffset)
                  007fc0c0    000000e0     libcrc_xwr16xx.ae674 : crc.oe674 (.text:CRC_getTransactionId)
                  007fc1a0    000000e0     libedma_xwr16xx.ae674 : edma.oe674 (.text:EDMA_configParamSet)
                  007fc280    000000e0                           : edma.oe674 (.text:EDMA_isTransferComplete)
                  007fc360    000000e0     rts6740_elf.lib : trgdrv.obj (.text:HOSTopen)
                  007fc440    000000e0                     : trgdrv.obj (.text:HOSTwrite)
                  007fc520    000000e0     libmmwave_xwr16xx.ae674 : mmwave_xwr16xx.oe674 (.text:MMWave_deviceStartFxn)
                  007fc600    000000e0                             : mmwave_fullcfg.oe674 (.text:MMWave_getProfileCfg)
                  007fc6e0    000000e0     libmailbox_xwr16xx.ae674 : mailbox.oe674 (.text:Mailbox_boxFullISRMssDss)
                  007fc7c0    000000e0                              : mailbox.oe674 (.text:Mailbox_init)
                  007fc8a0    000000e0     rts6740_elf.lib : divi.obj (.text:__divi)
                  007fc980    000000e0                     : lowlev.obj (.text:close)
                  007fca60    000000e0                     : memset.obj (.text:memset)
                  007fcb40    000000e0     libmmwavelink_xwr16xx.ae674 : rl_device.oe674 (.text:rlDeviceGetVersion)
                  007fcc20    000000e0                                 : rl_driver.oe674 (.text:rlDriverCalChkSum)
                  007fcd00    000000e0                                 : rl_driver.oe674 (.text:rlDriverHostIrqHandler)
                  007fcde0    000000e0                                 : rl_driver.oe674 (.text:rlDriverMsgReadSpawnCtx)
                  007fcec0    000000e0                                 : rl_driver.oe674 (.text:rlDriverProcRdMsg)
                  007fcfa0    000000e0     sysbios.ae674 : BIOS.obj (.text:ti_sysbios_utils_Load_updateCurrentThreadTime__E)
                  007fd080    000000c0     libcrc_xwr16xx.ae674 : crc.oe674 (.text:CRC_getSignature)
                  007fd140    000000c0     libedma_xwr16xx.ae674 : edma.oe674 (.text:EDMA_startDmaTransfer)
                  007fd200    000000c0     rts6740_elf.lib : trgdrv.obj (.text:HOSTread)
                  007fd2c0    000000c0                     : trgdrv.obj (.text:HOSTunlink)
                  007fd380    000000c0     libmmwave_xwr16xx.ae674 : mmwave_xwr16xx.oe674 (.text:MMWave_deviceEventFxn)
                  007fd440    000000c0                             : mmwave_fullcfg.oe674 (.text:MMWave_getNumChirps)
                  007fd500    000000c0                             : mmwave_link.oe674 (.text:MMWave_initCRC)
                  007fd5c0    000000c0                             : mmwave_link.oe674 (.text:MMWave_spawn)
                  007fd680    000000c0     libmailbox_xwr16xx.ae674 : mailbox.oe674 (.text:Mailbox_boxFullISRProcessing)
                  007fd740    000000c0     dss_data_path.oe674 (.text:MmwDemo_dataPathComputeDerivedConfig)
                  007fd800    000000c0     dss_data_path.oe674 (.text:MmwDemo_dataPathWait1DInputData)
                  007fd8c0    000000c0     dss_data_path.oe674 (.text:MmwDemo_dataPathWait1DOutputData)
                  007fd980    000000c0     rts6740_elf.lib : fflush.obj (.text:__TI_doflush)
                  007fda40    000000c0                     : divu.obj (.text:__divu)
                  007fdb00    000000c0                     : remi.obj (.text:__remi)
                  007fdbc0    000000c0                     : exit.obj (.text:exit)
                  007fdc80    000000c0     libmmwavelink_xwr16xx.ae674 : rl_driver.oe674 (.text:rlDriverExecuteGetApi)
                  007fdd40    000000c0     sysbios.ae674 : BIOS.obj (.text:ti_sysbios_heaps_HeapMem_alloc__E)
                  007fde00    000000c0                   : BIOS.obj (.text:ti_sysbios_heaps_HeapMem_getStats__E)
                  007fdec0    000000c0                   : BIOS.obj (.text:ti_sysbios_knl_Clock_logTick__E)
                  007fdf80    000000c0                   : BIOS.obj (.text:ti_sysbios_knl_Task_allBlockedFunction__I)
                  007fe040    000000c0                   : BIOS.obj (.text:ti_sysbios_utils_Load_taskSwitchHook__E)
                  007fe100    000000c0     rts6740_elf.lib : tls.obj (.text:tls:init:__TI_tls_init)
                  007fe1c0    000000c0     ti.targets.rts6000.ae674 : Assert.oe674 (.text:xdc_runtime_Assert_raise__I)
                  007fe280    000000c0                              : Error.oe674 (.text:xdc_runtime_Error_setX__E)
                  007fe340    000000a0     libedma_xwr16xx.ae674 : edma_low_level.oe674 (.text:EDMA3EnableChInShadowReg)
                  007fe3e0    000000a0                           : edma.oe674 (.text:EDMA_disableChannel)
                  007fe480    000000a0     rts6740_elf.lib : trgdrv.obj (.text:HOSTclose)
                  007fe520    000000a0     libmmwave_xwr16xx.ae674 : mmwave.oe674 (.text:MMWave_execute)
                  007fe5c0    000000a0                             : mmwave_link.oe674 (.text:MMWave_executeLink)
                  007fe660    000000a0                             : mmwave_link.oe674 (.text:MMWave_initLink)
                  007fe700    000000a0                             : mmwave_link.oe674 (.text:MMWave_mboxOpen)
                  007fe7a0    000000a0                             : mmwave.oe674 (.text:MMWave_sync)
                  007fe840    000000a0     libmailbox_xwr16xx.ae674 : mailbox.oe674 (.text:Mailbox_boxEmptyISRProcessing)
                  007fe8e0    000000a0     libsoc_xwr16xx.ae674 : soc.oe674 (.text:SOC_SystemISR)
                  007fe980    000000a0                          : soc_xwr16xx_dss.oe674 (.text:SOC_triggerDSStoMSSsoftwareInterrupt)
                  007fea20    000000a0     rts6740_elf.lib : fopen.obj (.text:__TI_cleanup)
                  007feac0    000000a0                     : fixfu.obj (.text:__c6xabi_fixfu)
                  007feb60    000000a0                     : round.obj (.text:__c6xabi_nround)
                  007fec00    000000a0                     : remu.obj (.text:__remu)
                  007feca0    000000a0     boot.ae674 : boot.oe674 (.text:_c_int00)
                  007fed40    000000a0     rts6740_elf.lib : memcpy64.obj (.text:memcpy)
                  007fede0    000000a0                     : modf.obj (.text:modf)
                  007fee80    000000a0     libmmwavelink_xwr16xx.ae674 : rl_controller.oe674 (.text:rlAppendSubBlock)
                  007fef20    000000a0                                 : rl_driver.oe674 (.text:rlDriverExecuteSetApi)
                  007fefc0    000000a0                                 : rl_driver.oe674 (.text:rlDriverVerifyCRC)
                  007ff060    000000a0                                 : rl_controller.oe674 (.text:rlGetSubBlock)
                  007ff100    000000a0     sysbios.ae674 : BIOS.obj (.text:ti_sysbios_family_c64p_Exception_Module_startup__E)
                  007ff1a0    000000a0                   : BIOS.obj (.text:ti_sysbios_family_c64p_Hwi_getStackInfo__E)
                  007ff240    000000a0                   : BIOS.obj (.text:ti_sysbios_heaps_HeapMem_init__I)
                  007ff2e0    000000a0     dss_mmw_pe674.oe674 (.text:ti_sysbios_knl_Task_create)
                  007ff380    000000a0     ti.targets.rts6000.ae674 : Core-params.oe674 (.text:xdc_runtime_Core_assignParams__I)
                  007ff420    000000a0                              : System.oe674 (.text:xdc_runtime_System_formatNum__I)
                  007ff4c0    000000a0                              : System.oe674 (.text:xdc_runtime_System_putchar__I)
                  007ff560    000000a0                              : Text.oe674 (.text:xdc_runtime_Text_printVisFxn__I)
                  007ff600    000000a0                              : Text.oe674 (.text:xdc_runtime_Text_xprintf__I)
                  007ff6a0    00000080     libadcbuf_xwr16xx.ae674 : ADCBuf.oe674 (.text:ADCBuf_init)
                  007ff720    00000080     libedma_xwr16xx.ae674 : edma_low_level.oe674 (.text:EDMA3MapChToEvtQ)
                  007ff7a0    00000080                           : edma.oe674 (.text:EDMA_linkParamSets)
                  007ff820    00000080     libmmwave_xwr16xx.ae674 : mmwave_link.oe674 (.text:MMWave_mboxWrite)
                  007ff8a0    00000080     libmailbox_xwr16xx.ae674 : mailbox.oe674 (.text:Mailbox_writeReset)
                  007ff920    00000080     dss_main.oe674 (.text:MmwDemo_dssFrameStartIntHandler)
                  007ff9a0    00000080     dss_main.oe674 (.text:MmwDemo_dssMMWaveCtrlTask)
                  007ffa20    00000080     odsdemo_heatmap.oe674 (.text:ODSDemo_Heatmap_aoaEstCaponBF)
                  007ffaa0    00000080     libosal_xwr16xx.ae674 : SemaphoreP_tirtos.oe674 (.text:SemaphoreP_create)
                  007ffb20    00000080     rts6740_elf.lib : trgmsg.obj (.text:__TI_readmsg)
                  007ffba0    00000080                     : trgmsg.obj (.text:__TI_writemsg)
                  007ffc20    00000080                     : fixdu.obj (.text:__c6xabi_fixdu)
                  007ffca0    00000080                     : llshift.obj (.text:__c6xabi_llshl)
                  007ffd20    00000080     sysbios.ae674 : c62_TaskSupport_asm.obj (.text:_ti_sysbios_family_c62_TaskSupport_swap__E)
                  007ffda0    00000080     libmmwavelink_xwr16xx.ae674 : rl_driver.oe674 (.text:rlDeviceIdentifyCmdDir)
                  007ffe20    00000080                                 : rl_driver.oe674 (.text:rlDriverOsiInit)
                  007ffea0    00000080     sysbios.ae674 : BIOS.obj (.text:ti_sysbios_family_c64p_Hwi_dispatchC__I)
                  007fff20    00000080                   : BIOS.obj (.text:ti_sysbios_hal_Hwi_checkStack)
                  007fffa0    00000020     libadcbuf_xwr16xx.ae674 : adcbuf_mmwave.oe674 (.text:ADCBUF_MMWave_init)
                  007fffc0    00000010     dss_data_path.oe674 ($Tramp$S$$MmwDemo_dataPathInitEdma)
                  007fffd0    00000010     mathlib.ae674 : sinsp.oe674 ($Tramp$S$$sinsp)
                  007fffe0    00000010                   : cossp.oe674 ($Tramp$S$$cossp)
                  007ffff0    00000010     dss_main.oe674 ($Tramp$S$$MmwDemo_dssDataPathProcessEvents)

.text.2    0    00800000    00004580     
                  00800000    00000080     sysbios.ae674 : BIOS.obj (.text:ti_sysbios_hal_Hwi_initStack)
                  00800080    00000080     dss_mmw_pe674.oe674 (.text:ti_sysbios_heaps_HeapMem_Object__get__S)
                  00800100    00000080     sysbios.ae674 : BIOS.obj (.text:ti_sysbios_knl_Event_pendTimeout__I)
                  00800180    00000080                   : BIOS.obj (.text:ti_sysbios_knl_Idle_run__E)
                  00800200    00000080                   : BIOS.obj (.text:ti_sysbios_knl_Semaphore_pendTimeout__I)
                  00800280    00000080     dss_mmw_pe674.oe674 (.text:ti_sysbios_knl_Task_Object__get__S)
                  00800300    00000080     rts6740_elf.lib : lowlev.obj (.text:unlink)
                  00800380    00000080     ti.targets.rts6000.ae674 : Core-label.oe674 (.text:xdc_runtime_Core_assignLabel__I)
                  00800400    00000080                              : SysStd.oe674 (.text:xdc_runtime_SysStd_abort__E)
                  00800480    00000080                              : System.oe674 (.text:xdc_runtime_System_atexit__E)
                  00800500    00000080                              : System.oe674 (.text:xdc_runtime_System_avprintf__E)
                  00800580    00000080                              : System.oe674 (.text:xdc_runtime_System_processAtExit__E)
                  00800600    00000080                              : System.oe674 (.text:xdc_runtime_System_vprintf__E)
                  00800680    00000060     libadcbuf_xwr16xx.ae674 : adcbuf_mmwave.oe674 (.text:ADCBUF_MMWave_close)
                  008006e0    00000060                             : ADCBuf.oe674 (.text:ADCBuf_open)
                  00800740    00000060     libcrc_xwr16xx.ae674 : crc.oe674 (.text:CRC_getCRCDataSelectBitValue)
                  008007a0    00000060                          : crc.oe674 (.text:CRC_getCRCTypeBitValue)
                  00800800    00000060                          : crc.oe674 (.text:CRC_isTransactionIdValid)
                  00800860    00000060                          : crc.oe674 (.text:CRC_resetSignature)
                  008008c0    00000060     libedma_xwr16xx.ae674 : edma_low_level.oe674 (.text:EDMA3ClrEvt)
                  00800920    00000060                           : edma_low_level.oe674 (.text:EDMA3ClrIntr)
                  00800980    00000060                           : edma_low_level.oe674 (.text:EDMA3ClrMissEvt)
                  008009e0    00000060                           : edma_low_level.oe674 (.text:EDMA3DisableEvtIntr)
                  00800a40    00000060                           : edma_low_level.oe674 (.text:EDMA3EnableDmaEvt)
                  00800aa0    00000060                           : edma_low_level.oe674 (.text:EDMA3EnableEvtIntr)
                  00800b00    00000060                           : edma_low_level.oe674 (.text:EDMA3SetEvt)
                  00800b60    00000060                           : edma.oe674 (.text:EDMA_configTransferControllerError)
                  00800bc0    00000060                           : edma.oe674 (.text:EDMA_setDestinationAddress)
                  00800c20    00000060                           : edma.oe674 (.text:EDMA_setSourceAddress)
                  00800c80    00000060                           : edma.oe674 (.text:EDMA_validate_channelIdchannelType)
                  00800ce0    00000060     libmmwave_xwr16xx.ae674 : mmwave_listlib.oe674 (.text:MMWave_listCat)
                  00800d40    00000060                             : mmwave_listlib.oe674 (.text:MMWave_listRemoveNode)
                  00800da0    00000060                             : mmwave_osal.oe674 (.text:MMWave_osalMutexCreate)
                  00800e00    00000060                             : mmwave_osal.oe674 (.text:MMWave_osalSemCreate)
                  00800e60    00000060     libmailbox_xwr16xx.ae674 : mailbox.oe674 (.text:Mailbox_Config_init)
                  00800ec0    00000060     dss_data_path.oe674 (.text:MmwDemo_dataPathObjInit)
                  00800f20    00000060     dss_main.oe674 (.text:MmwDemo_dssMmwaveConfigCallbackFxn)
                  00800f80    00000060     dss_data_path.oe674 (.text:MmwDemo_waitEndOfChirps)
                  00800fe0    00000060     libsoc_xwr16xx.ae674 : soc_xwr16xx.oe674 (.text:SOC_setMMWaveDSSLinkState)
                  00801040    00000060                          : soc_xwr16xx.oe674 (.text:SOC_setMMWaveMSSLinkState)
                  008010a0    00000060                          : soc.oe674 (.text:SOC_unhaltBSS)
                  00801100    00000060                          : soc_xwr16xx_dss.oe674 (.text:SOC_waitBSSPowerUp)
                  00801160    00000060     rts6740_elf.lib : llshift.obj (.text:__c6xabi_llshru)
                  008011c0    00000060                     : imath64.obj (.text:_subcull)
                  00801220    00000060     sysbios.ae674 : c64p_Hwi_asm_switch.obj (.text:_ti_sysbios_family_c64p_Hwi_switchAndDispatch__I)
                  00801280    00000060     xwr16xx_cache.oe674 (.text:cache_setMar)
                  008012e0    00000060     rts6740_elf.lib : lowlev.obj (.text:lseek)
                  00801340    00000060     libmmwavelink_xwr16xx.ae674 : rl_device.oe674 (.text:rlDeviceGetMssVersion)
                  008013a0    00000060                                 : rl_driver.oe674 (.text:rlDriverConstructInMsg)
                  00801400    00000060                                 : rl_sensor.oe674 (.text:rlEnableContMode)
                  00801460    00000060                                 : rl_sensor.oe674 (.text:rlRfRunTimeCalibConfig)
                  008014c0    00000060                                 : rl_sensor.oe674 (.text:rlSensorStart)
                  00801520    00000060     dss_mmw_pe674.oe674 (.text:ti_sysbios_BIOS_atExitFunc__I)
                  00801580    00000060     dss_mmw_pe674.oe674 (.text:ti_sysbios_BIOS_errorRaiseHook__I)
                  008015e0    00000060     dss_mmw_pe674.oe674 (.text:ti_sysbios_BIOS_rtsLock__I)
                  00801640    00000060     sysbios.ae674 : BIOS.obj (.text:ti_sysbios_family_c62_TaskSupport_start__E)
                  008016a0    00000060                   : BIOS.obj (.text:ti_sysbios_family_c64p_Cache_setMar__E)
                  00801700    00000060                   : BIOS.obj (.text:ti_sysbios_family_c64p_EventCombiner_Module_startup__E)
                  00801760    00000060                   : BIOS.obj (.text:ti_sysbios_family_c64p_EventCombiner_unused__E)
                  008017c0    00000060     dss_mmw_pe674.oe674 (.text:ti_sysbios_gates_GateHwi_Object__create__S)
                  00801820    00000060     dss_mmw_pe674.oe674 (.text:ti_sysbios_gates_GateMutex_Object__create__S)
                  00801880    00000060     dss_mmw_pe674.oe674 (.text:ti_sysbios_heaps_HeapMem_Object__create__S)
                  008018e0    00000060     sysbios.ae674 : BIOS.obj (.text:ti_sysbios_heaps_HeapMem_free__E)
                  00801940    00000060                   : BIOS.obj (.text:ti_sysbios_knl_Clock_Module_startup__E)
                  008019a0    00000060     dss_mmw_pe674.oe674 (.text:ti_sysbios_knl_Clock_doTick__I)
                  00801a00    00000060     dss_mmw_pe674.oe674 (.text:ti_sysbios_knl_Event_create)
                  00801a60    00000060     dss_mmw_pe674.oe674 (.text:ti_sysbios_knl_Queue_Object__get__S)
                  00801ac0    00000060     dss_mmw_pe674.oe674 (.text:ti_sysbios_knl_Queue_construct)
                  00801b20    00000060     dss_mmw_pe674.oe674 (.text:ti_sysbios_knl_Semaphore_construct)
                  00801b80    00000060     dss_mmw_pe674.oe674 (.text:ti_sysbios_knl_Semaphore_create)
                  00801be0    00000060     sysbios.ae674 : BIOS.obj (.text:ti_sysbios_knl_Task_enter__I)
                  00801c40    00000060                   : BIOS.obj (.text:ti_sysbios_knl_Task_restore__E)
                  00801ca0    00000060     dss_mmw_pe674.oe674 (.text:ti_sysbios_rts_gnu_MemAlloc_alloc)
                  00801d00    00000060     sysbios.ae674 : BIOS.obj (.text:ti_sysbios_timers_rti_Timer_periodicStub__E)
                  00801d60    00000060     rts6740_elf.lib : lowlev.obj (.text:write)
                  00801dc0    00000060     ti.targets.rts6000.ae674 : Memory.oe674 (.text:xdc_runtime_Memory_valloc__E)
                  00801e20    00000060                              : Text.oe674 (.text:xdc_runtime_Text_cordText__E)
                  00801e80    00000040     libcrc_xwr16xx.ae674 : crc.oe674 (.text:CRC_getSignatureRegister)
                  00801ec0    00000040                          : crc.oe674 (.text:CRC_releaseTransactionId)
                  00801f00    00000040     libadcbuf_xwr16xx.ae674 : adcbuf_mmwave.oe674 (.text:CSL_FEXTR)
                  00801f40    00000040     libmmwave_xwr16xx.ae674 : mmwave.oe674 (.text:CSL_FEXTR)
                  00801f80    00000040     libsoc_xwr16xx.ae674 : soc.oe674 (.text:CSL_FEXTR)
                  00801fc0    00000040                          : soc_xwr16xx.oe674 (.text:CSL_FEXTR)
                  00802000    00000040     libadcbuf_xwr16xx.ae674 : adcbuf_mmwave.oe674 (.text:CSL_FINSR)
                  00802040    00000040     libcrc_xwr16xx.ae674 : crc.oe674 (.text:CSL_FINSR)
                  00802080    00000040     libmailbox_xwr16xx.ae674 : mailbox.oe674 (.text:CSL_FINSR)
                  008020c0    00000040     libsoc_xwr16xx.ae674 : soc.oe674 (.text:CSL_FINSR)
                  00802100    00000040                          : soc_xwr16xx.oe674 (.text:CSL_FINSR)
                  00802140    00000040                          : soc_xwr16xx_dss.oe674 (.text:CSL_FINSR)
                  00802180    00000040     libedma_xwr16xx.ae674 : edma_low_level.oe674 (.text:EDMA3DisableDmaEvt)
                  008021c0    00000040                           : edma_low_level.oe674 (.text:EDMA3MapQdmaChToPaRAM)
                  00802200    00000040                           : edma_low_level.oe674 (.text:EDMA3SetPaRAM)
                  00802240    00000040                           : edma_low_level.oe674 (.text:EDMA3SetQdmaTrigWord)
                  00802280    00000040     libosal_xwr16xx.ae674 : HwiP_tirtos.oe674 (.text:HwiP_create)
                  008022c0    00000040                           : HwiP_tirtos.oe674 (.text:HwiP_delete)
                  00802300    00000040     libmmwave_xwr16xx.ae674 : mmwave_xwr16xx.oe674 (.text:MMWave_deviceSyncFxn)
                  00802340    00000040                             : mmwave.oe674 (.text:MMWave_encodeError)
                  00802380    00000040                             : mmwave_listlib.oe674 (.text:MMWave_listAdd)
                  008023c0    00000040                             : mmwave_listlib.oe674 (.text:MMWave_listRemove)
                  00802400    00000040                             : mmwave_osal.oe674 (.text:MMWave_osalMutexLock)
                  00802440    00000040                             : mmwave_osal.oe674 (.text:MMWave_osalSemWait)
                  00802480    00000040     libmailbox_xwr16xx.ae674 : mailbox.oe674 (.text:Mailbox_boxEmptyISRBss)
                  008024c0    00000040                              : mailbox.oe674 (.text:Mailbox_boxEmptyISRMssDss)
                  00802500    00000040                              : mailbox.oe674 (.text:Mailbox_boxFullISRBss)
                  00802540    00000040     dss_data_path.oe674 (.text:MmwDemo_dataPathInit1Dstate)
                  00802580    00000040     dss_main.oe674 (.text:MmwDemo_dssMmwaveOpenCallbackFxn)
                  008025c0    00000040     dss_main.oe674 (.text:MmwDemo_dssMmwaveStartCallbackFxn)
                  00802600    00000040     dss_data_path.oe674 (.text:MmwDemo_edmaErrorCallbackFxn)
                  00802640    00000040     dss_data_path.oe674 (.text:MmwDemo_edmaTransferControllerErrorCallbackFxn)
                  00802680    00000040     dss_data_path.oe674 (.text:MmwDemo_pow2roundup)
                  008026c0    00000040     libsoc_xwr16xx.ae674 : soc_xwr16xx_dss.oe674 (.text:SOC_getInAddr_LUTType)
                  00802700    00000040                          : soc_xwr16xx_dss.oe674 (.text:SOC_getOutAddr_LUTType)
                  00802740    00000040                          : soc_xwr16xx.oe674 (.text:SOC_isMMWaveDSSOperational)
                  00802780    00000040                          : soc_xwr16xx.oe674 (.text:SOC_isMMWaveMSSOperational)
                  008027c0    00000040     rts6740_elf.lib : frcmpyd_div.obj (.text:__TI_frcmpyd_div)
                  00802800    00000040                     : strasg.obj (.text:__strasgi_64plus)
                  00802840    00000040                     : args_main.obj (.text:_args_main)
                  00802880    00000040     sysbios.ae674 : c62_TaskSupport_asm.obj (.text:_ti_sysbios_family_c62_TaskSupport_buildTaskStack)
                  008028c0    00000040     dss_mmw_pe674.oe674 (.text:free)
                  00802900    00000040     rts6740_elf.lib : log10.obj (.text:log10)
                  00802940    00000040     libmmwavelink_xwr16xx.ae674 : rl_controller.oe674 (.text:rlAppendDummy)
                  00802980    00000040                                 : rl_device.oe674 (.text:rlDeviceGetRfVersion)
                  008029c0    00000040                                 : rl_driver.oe674 (.text:rlDriverCalCRC)
                  00802a00    00000040     dss_mmw_pe674.oe674 (.text:ti_sysbios_BIOS_exitFunc__I)
                  00802a40    00000040     dss_mmw_pe674.oe674 (.text:ti_sysbios_BIOS_registerRTSLock__I)
                  00802a80    00000040     dss_mmw_pe674.oe674 (.text:ti_sysbios_BIOS_removeRTSLock__I)
                  00802ac0    00000040     dss_mmw_pe674.oe674 (.text:ti_sysbios_BIOS_startFunc__I)
                  00802b00    00000040     sysbios.ae674 : BIOS.obj (.text:ti_sysbios_family_c64p_EventCombiner_disableEvent__E)
                  00802b40    00000040                   : BIOS.obj (.text:ti_sysbios_family_c64p_EventCombiner_enableEvent__E)
                  00802b80    00000040     dss_mmw_pe674.oe674 (.text:ti_sysbios_family_c64p_Hwi_Module__startupDone__F)
                  00802bc0    00000040     sysbios.ae674 : BIOS.obj (.text:ti_sysbios_family_c64p_Hwi_disableInterrupt__E)
                  00802c00    00000040                   : BIOS.obj (.text:ti_sysbios_family_c64p_Hwi_enableInterrupt__E)
                  00802c40    00000040     dss_mmw_pe674.oe674 (.text:ti_sysbios_gates_GateHwi_Handle__label__S)
                  00802c80    00000040     dss_mmw_pe674.oe674 (.text:ti_sysbios_gates_GateHwi_Object__delete__S)
                  00802cc0    00000040     dss_mmw_pe674.oe674 (.text:ti_sysbios_gates_GateMutex_Handle__label__S)
                  00802d00    00000040     sysbios.ae674 : BIOS.obj (.text:ti_sysbios_gates_GateMutex_Instance_init__E)
                  00802d40    00000040     dss_mmw_pe674.oe674 (.text:ti_sysbios_gates_GateMutex_Object__delete__S)
                  00802d80    00000040     sysbios.ae674 : BIOS.obj (.text:ti_sysbios_gates_GateMutex_leave__E)
                  00802dc0    00000040     dss_mmw_pe674.oe674 (.text:ti_sysbios_hal_Hwi_HwiProxy_getStackInfo__E)
                  00802e00    00000040     dss_mmw_pe674.oe674 (.text:ti_sysbios_heaps_HeapMem_Handle__label__S)
                  00802e40    00000040     dss_mmw_pe674.oe674 (.text:ti_sysbios_heaps_HeapMem_Object__delete__S)
                  00802e80    00000040     dss_mmw_pe674.oe674 (.text:ti_sysbios_knl_Queue_destruct)
                  00802ec0    00000040     dss_mmw_pe674.oe674 (.text:ti_sysbios_knl_Semaphore_Object__delete__S)
                  00802f00    00000040     dss_mmw_pe674.oe674 (.text:ti_sysbios_knl_Semaphore_Params__init__S)
                  00802f40    00000040     dss_mmw_pe674.oe674 (.text:ti_sysbios_knl_Semaphore_destruct)
                  00802f80    00000040     dss_mmw_pe674.oe674 (.text:ti_sysbios_knl_Task_Params__init__S)
                  00802fc0    00000040     sysbios.ae674 : BIOS.obj (.text:ti_sysbios_knl_Task_sleepTimeout__I)
                  00803000    00000040     dss_mmw_pe674.oe674 (.text:ti_sysbios_timers_rti_Timer_Module__startupDone__F)
                  00803040    00000040     ti.targets.rts6000.ae674 : Error.oe674 (.text:xdc_runtime_Error_check__E)
                  00803080    00000040                              : Error.oe674 (.text:xdc_runtime_Error_init__E)
                  008030c0    00000040     dss_mmw_pe674.oe674 (.text:xdc_runtime_IHeap_alloc)
                  00803100    00000040     dss_mmw_pe674.oe674 (.text:xdc_runtime_IHeap_free)
                  00803140    00000040     ti.targets.rts6000.ae674 : Registry.oe674 (.text:xdc_runtime_Registry_findById__E)
                  00803180    00000040     dss_mmw_pe674.oe674 (.text:xdc_runtime_Startup_exec__I)
                  008031c0    00000040     ti.targets.rts6000.ae674 : System.oe674 (.text:xdc_runtime_System_abort__E)
                  00803200    00000040     dss_mmw_pe674.oe674 (.text:xdc_runtime_System_aprintf__E)
                  00803240    00000040     ti.targets.rts6000.ae674 : System.oe674 (.text:xdc_runtime_System_exit__E)
                  00803280    00000040     dss_mmw_pe674.oe674 (.text:xdc_runtime_System_printf__E)
                  008032c0    00000020     libadcbuf_xwr16xx.ae674 : ADCBuf.oe674 (.text:ADCBuf_Params_init)
                  008032e0    00000020                             : ADCBuf.oe674 (.text:ADCBuf_control)
                  00803300    00000020     libcrc_xwr16xx.ae674 : crc.oe674 (.text:CRC_initConfigParams)
                  00803320    00000020     libsoc_xwr16xx.ae674 : soc_xwr16xx_dss.oe674 (.text:CSL_FEXTR)
                  00803340    00000020     libedma_xwr16xx.ae674 : edma_low_level.oe674 (.text:EDMA3ChannelToParamMap)
                  00803360    00000020                           : edma_low_level.oe674 (.text:EDMA3ClrCCErr)
                  00803380    00000020                           : edma_low_level.oe674 (.text:EDMA3DisableQdmaEvt)
                  008033a0    00000020                           : edma_low_level.oe674 (.text:EDMA3EnableQdmaEvt)
                  008033c0    00000020                           : edma_low_level.oe674 (.text:EDMA3ErrIntrHighStatusGet)
                  008033e0    00000020                           : edma_low_level.oe674 (.text:EDMA3GetCCErrStatus)
                  00803400    00000020                           : edma_low_level.oe674 (.text:EDMA3GetErrIntrStatus)
                  00803420    00000020                           : edma_low_level.oe674 (.text:EDMA3GetIntrStatus)
                  00803440    00000020                           : edma_low_level.oe674 (.text:EDMA3IntrStatusHighGet)
                  00803460    00000020                           : edma_low_level.oe674 (.text:EDMA3QdmaClrMissEvt)
                  00803480    00000020                           : edma_low_level.oe674 (.text:EDMA3QdmaGetErrIntrStatus)
                  008034a0    00000020                           : edma.oe674 (.text:EDMA_getNumInstances)
                  008034c0    00000020                           : edma_low_level.oe674 (.text:EDMAsetRegion)
                  008034e0    00000020     libosal_xwr16xx.ae674 : HwiP_tirtos.oe674 (.text:HwiP_Params_init)
                  00803500    00000020                           : HwiP_tirtos.oe674 (.text:HwiP_disable)
                  00803520    00000020                           : HwiP_tirtos.oe674 (.text:HwiP_disableInterrupt)
                  00803540    00000020                           : HwiP_tirtos.oe674 (.text:HwiP_enableInterrupt)
                  00803560    00000020                           : HwiP_tirtos.oe674 (.text:HwiP_restore)
                  00803580    00000020     libmmwave_xwr16xx.ae674 : mmwave.oe674 (.text:MMWave_decodeErrorLevel)
                  008035a0    00000020                             : mmwave_xwr16xx.oe674 (.text:MMWave_deviceGetDeviceInfo)
                  008035c0    00000020                             : mmwave_xwr16xx.oe674 (.text:MMWave_deviceMailboxCallbackFxn)
                  008035e0    00000020                             : mmwave_link.oe674 (.text:MMWave_disableDevice)
                  00803600    00000020                             : mmwave_link.oe674 (.text:MMWave_enableDevice)
                  00803620    00000020                             : mmwave_listlib.oe674 (.text:MMWave_listGetHead)
                  00803640    00000020                             : mmwave_listlib.oe674 (.text:MMWave_listGetNext)
                  00803660    00000020                             : mmwave_link.oe674 (.text:MMWave_maskHostIRQ)
                  00803680    00000020                             : mmwave_link.oe674 (.text:MMWave_mboxCallbackFxn)
                  008036a0    00000020                             : mmwave_link.oe674 (.text:MMWave_mboxClose)
                  008036c0    00000020                             : mmwave_link.oe674 (.text:MMWave_mboxRead)
                  008036e0    00000020                             : mmwave_osal.oe674 (.text:MMWave_osalMutexDelete)
                  00803700    00000020                             : mmwave_osal.oe674 (.text:MMWave_osalMutexUnlock)
                  00803720    00000020                             : mmwave_osal.oe674 (.text:MMWave_osalSemDelete)
                  00803740    00000020                             : mmwave_osal.oe674 (.text:MMWave_osalSemSignal)
                  00803760    00000020                             : mmwave_link.oe674 (.text:MMWave_registerInterruptHandler)
                  00803780    00000020                             : mmwave_link.oe674 (.text:MMWave_unmaskHostIRQ)
                  008037a0    00000020                             : mmwave_link.oe674 (.text:MMWave_waitIRQStatus)
                  008037c0    00000020     libosal_xwr16xx.ae674 : MemoryP_tirtos.oe674 (.text:MemoryP_ctrlAlloc)
                  008037e0    00000020                           : MemoryP_tirtos.oe674 (.text:MemoryP_ctrlFree)
                  00803800    00000020     dss_main.oe674 (.text:MmwDemo_dssMmwaveCloseCallbackFxn)
                  00803820    00000020     dss_main.oe674 (.text:MmwDemo_dssMmwaveStopCallbackFxn)
                  00803840    00000020     dss_main.oe674 (.text:MmwDemo_mboxCallback)
                  00803860    00000020     libosal_xwr16xx.ae674 : SemaphoreP_tirtos.oe674 (.text:SemaphoreP_Params_init)
                  00803880    00000020                           : SemaphoreP_tirtos.oe674 (.text:SemaphoreP_delete)
                  008038a0    00000020                           : SemaphoreP_tirtos.oe674 (.text:SemaphoreP_pend)
                  008038c0    00000020                           : SemaphoreP_tirtos.oe674 (.text:SemaphoreP_post)
                  008038e0    00000020                           : DebugP_tirtos.oe674 (.text:_DebugP_assert)
                  00803900    00000020     rts6740_elf.lib : errno.obj (.text:__c6xabi_errno_addr)
                  00803920    00000020                     : trunc.obj (.text:__c6xabi_trunc)
                  00803940    00000020                     : push.obj (.text:__pop_rts)
                  00803960    00000020                     : push.obj (.text:__push_rts)
                  00803980    00000020     ti.targets.rts6000.ae674 : xdc_noinit.oe674 (.text:__xdc__init)
                  008039a0    00000020     rts6740_elf.lib : _lock.obj (.text:_nop)
                  008039c0    00000020                     : _lock.obj (.text:_register_lock)
                  008039e0    00000020                     : _lock.obj (.text:_register_unlock)
                  00803a00    00000020     sysbios.ae674 : c62_TaskSupport_asm.obj (.text:_ti_sysbios_family_c62_TaskSupport_glue)
                  00803a20    00000020     rts6740_elf.lib : exit.obj (.text:abort)
                  00803a40    00000020     xwr16xx_cache.oe674 (.text:cache_setL2Size)
                  00803a60    00000020     xwr16xx_cache.oe674 (.text:cache_wbInvAllL2Wait)
                  00803a80    00000020     dss_mmw_pe674.oe674 (.text:malloc)
                  00803aa0    00000020     rts6740_elf.lib : fputc.obj (.text:putchar)
                  00803ac0    00000020     libmmwavelink_xwr16xx.ae674 : rl_driver.oe674 (.text:rlDriverGetHandle)
                  00803ae0    00000020                                 : rl_driver.oe674 (.text:rlDriverGetPlatformId)
                  00803b00    00000020                                 : rl_driver.oe674 (.text:rlDriverIsDeviceMapValid)
                  00803b20    00000020                                 : rl_controller.oe674 (.text:rlGetSubBlockId)
                  00803b40    00000020                                 : rl_controller.oe674 (.text:rlGetSubBlockLen)
                  00803b60    00000020     dss_mmw_pe674.oe674 (.text:ti_sysbios_BIOS_RtsGateProxy_enter__E)
                  00803b80    00000020     dss_mmw_pe674.oe674 (.text:ti_sysbios_BIOS_RtsGateProxy_leave__E)
                  00803ba0    00000020     sysbios.ae674 : BIOS.obj (.text:ti_sysbios_BIOS_getCpuFreq__E)
                  00803bc0    00000020                   : BIOS.obj (.text:ti_sysbios_BIOS_linkedWithIncorrectBootLibrary__E)
                  00803be0    00000020     dss_mmw_pe674.oe674 (.text:ti_sysbios_BIOS_nullFunc__I)
                  00803c00    00000020     sysbios.ae674 : BIOS.obj (.text:ti_sysbios_BIOS_setThreadType__E)
                  00803c20    00000020                   : BIOS.obj (.text:ti_sysbios_BIOS_start__E)
                  00803c40    00000020     dss_mmw_pe674.oe674 (.text:ti_sysbios_family_c62_TaskSupport_Module__startupDone__S)
                  00803c60    00000020     sysbios.ae674 : BIOS.obj (.text:ti_sysbios_family_c62_TaskSupport_checkStack__E)
                  00803c80    00000020                   : BIOS.obj (.text:ti_sysbios_family_c62_TaskSupport_getStackAlignment__E)
                  00803ca0    00000020     dss_mmw_pe674.oe674 (.text:ti_sysbios_family_c64p_Hwi_Module__startupDone__S)
                  00803cc0    00000020     sysbios.ae674 : BIOS.obj (.text:ti_sysbios_family_c64p_Hwi_clearInterrupt__E)
                  00803ce0    00000020                   : BIOS.obj (.text:ti_sysbios_family_c64p_Hwi_startup__E)
                  00803d00    00000020                   : BIOS.obj (.text:ti_sysbios_family_c64p_Hwi_switchFromBootStack__E)
                  00803d20    00000020                   : BIOS.obj (.text:ti_sysbios_family_c64p_TimestampProvider_Module_startup__E)
                  00803d40    00000020                   : BIOS.obj (.text:ti_sysbios_family_c64p_TimestampProvider_get32__E)
                  00803d60    00000020                   : BIOS.obj (.text:ti_sysbios_gates_GateHwi_Instance_init__E)
                  00803d80    00000020                   : BIOS.obj (.text:ti_sysbios_gates_GateHwi_enter__E)
                  00803da0    00000020                   : BIOS.obj (.text:ti_sysbios_gates_GateHwi_leave__E)
                  00803dc0    00000020                   : BIOS.obj (.text:ti_sysbios_gates_GateHwi_query__E)
                  00803de0    00000020                   : BIOS.obj (.text:ti_sysbios_gates_GateMutex_Instance_finalize__E)
                  00803e00    00000020                   : BIOS.obj (.text:ti_sysbios_gates_GateMutex_query__E)
                  00803e20    00000020     dss_mmw_pe674.oe674 (.text:ti_sysbios_hal_Hwi_HwiProxy_Module__startupDone__S)
                  00803e40    00000020     dss_mmw_pe674.oe674 (.text:ti_sysbios_hal_Hwi_HwiProxy_clearInterrupt__E)
                  00803e60    00000020     dss_mmw_pe674.oe674 (.text:ti_sysbios_hal_Hwi_HwiProxy_disableInterrupt__E)
                  00803e80    00000020     dss_mmw_pe674.oe674 (.text:ti_sysbios_hal_Hwi_HwiProxy_enableInterrupt__E)
                  00803ea0    00000020     dss_mmw_pe674.oe674 (.text:ti_sysbios_hal_Hwi_HwiProxy_startup__E)
                  00803ec0    00000020     dss_mmw_pe674.oe674 (.text:ti_sysbios_hal_Hwi_HwiProxy_switchFromBootStack__E)
                  00803ee0    00000020     sysbios.ae674 : BIOS.obj (.text:ti_sysbios_hal_Hwi_Module_startup__E)
                  00803f00    00000020     dss_mmw_pe674.oe674 (.text:ti_sysbios_heaps_HeapMem_Module_GateProxy_enter__E)
                  00803f20    00000020     dss_mmw_pe674.oe674 (.text:ti_sysbios_heaps_HeapMem_Module_GateProxy_leave__E)
                  00803f40    00000020     dss_mmw_pe674.oe674 (.text:ti_sysbios_heaps_HeapMem_Module_GateProxy_query__E)
                  00803f60    00000020     sysbios.ae674 : BIOS.obj (.text:ti_sysbios_heaps_HeapMem_isBlocking__E)
                  00803f80    00000020     dss_mmw_pe674.oe674 (.text:ti_sysbios_knl_Clock_Module_State_clockQ)
                  00803fa0    00000020     dss_mmw_pe674.oe674 (.text:ti_sysbios_knl_Clock_TimerProxy_Module__startupDone__S)
                  00803fc0    00000020     dss_mmw_pe674.oe674 (.text:ti_sysbios_knl_Clock_TimerProxy_getMaxTicks__E)
                  00803fe0    00000020     sysbios.ae674 : BIOS.obj (.text:ti_sysbios_knl_Event_Instance_init__E)
                  00804000    00000020                   : BIOS.obj (.text:ti_sysbios_knl_Idle_loop__E)
                  00804020    00000020                   : BIOS.obj (.text:ti_sysbios_knl_Queue_Instance_init__E)
                  00804040    00000020                   : BIOS.obj (.text:ti_sysbios_knl_Queue_empty__E)
                  00804060    00000020                   : BIOS.obj (.text:ti_sysbios_knl_Semaphore_Instance_finalize__E)
                  00804080    00000020     dss_mmw_pe674.oe674 (.text:ti_sysbios_knl_Semaphore_delete)
                  008040a0    00000020     dss_mmw_pe674.oe674 (.text:ti_sysbios_knl_Task_SupportProxy_Module__startupDone__S)
                  008040c0    00000020     dss_mmw_pe674.oe674 (.text:ti_sysbios_knl_Task_SupportProxy_checkStack__E)
                  008040e0    00000020     dss_mmw_pe674.oe674 (.text:ti_sysbios_knl_Task_SupportProxy_getStackAlignment__E)
                  00804100    00000020     dss_mmw_pe674.oe674 (.text:ti_sysbios_knl_Task_SupportProxy_start__E)
                  00804120    00000020     dss_mmw_pe674.oe674 (.text:ti_sysbios_knl_Task_SupportProxy_swap__E)
                  00804140    00000020     sysbios.ae674 : BIOS.obj (.text:ti_sysbios_knl_Task_disable__E)
                  00804160    00000020                   : BIOS.obj (.text:ti_sysbios_knl_Task_startup__E)
                  00804180    00000020     dss_mmw_pe674.oe674 (.text:ti_sysbios_timers_rti_Timer_Module__startupDone__S)
                  008041a0    00000020     sysbios.ae674 : BIOS.obj (.text:ti_sysbios_timers_rti_Timer_getMaxTicks__E)
                  008041c0    00000020                   : BIOS.obj (.text:ti_sysbios_utils_Load_getCPULoad__E)
                  008041e0    00000020                   : BIOS.obj (.text:ti_sysbios_utils_Load_taskRegHook__E)
                  00804200    00000020     dss_mmw_pe674.oe674 (.text:ti_sysbios_utils_Load_update__E)
                  00804220    00000020     dss_mmw_pe674.oe674 (.text:xdc_iargToPtr)
                  00804240    00000020     ti.targets.rts6000.ae674 : Error.oe674 (.text:xdc_runtime_Error_getSite__E)
                  00804260    00000020                              : Error.oe674 (.text:xdc_runtime_Error_raiseX__E)
                  00804280    00000020                              : Gate.oe674 (.text:xdc_runtime_Gate_enterSystem__E)
                  008042a0    00000020                              : Gate.oe674 (.text:xdc_runtime_Gate_leaveSystem__E)
                  008042c0    00000020     dss_mmw_pe674.oe674 (.text:xdc_runtime_Memory_HeapProxy_alloc__E)
                  008042e0    00000020     dss_mmw_pe674.oe674 (.text:xdc_runtime_Memory_HeapProxy_free__E)
                  00804300    00000020     ti.targets.rts6000.ae674 : Memory.oe674 (.text:xdc_runtime_Memory_calloc__E)
                  00804320    00000020                              : Memory.oe674 (.text:xdc_runtime_Memory_free__E)
                  00804340    00000020                              : Memory.oe674 (.text:xdc_runtime_Memory_getMaxDefaultTypeAlign__E)
                  00804360    00000020     dss_mmw_pe674.oe674 (.text:xdc_runtime_Startup_reset__I)
                  00804380    00000020     ti.targets.rts6000.ae674 : Startup.oe674 (.text:xdc_runtime_Startup_rtsDone__E)
                  008043a0    00000020                              : SysStd.oe674 (.text:xdc_runtime_SysStd_exit__E)
                  008043c0    00000020                              : SysStd.oe674 (.text:xdc_runtime_SysStd_putch__E)
                  008043e0    00000020                              : SysStd.oe674 (.text:xdc_runtime_SysStd_ready__E)
                  00804400    00000020     dss_mmw_pe674.oe674 (.text:xdc_runtime_System_Module_GateProxy_enter__E)
                  00804420    00000020     dss_mmw_pe674.oe674 (.text:xdc_runtime_System_Module_GateProxy_leave__E)
                  00804440    00000020     ti.targets.rts6000.ae674 : System.oe674 (.text:xdc_runtime_System_Module_startup__E)
                  00804460    00000020     dss_mmw_pe674.oe674 (.text:xdc_runtime_System_SupportProxy_abort__E)
                  00804480    00000020     dss_mmw_pe674.oe674 (.text:xdc_runtime_System_SupportProxy_exit__E)
                  008044a0    00000020     dss_mmw_pe674.oe674 (.text:xdc_runtime_System_SupportProxy_putch__E)
                  008044c0    00000020     dss_mmw_pe674.oe674 (.text:xdc_runtime_System_SupportProxy_ready__E)
                  008044e0    00000020     ti.targets.rts6000.ae674 : System.oe674 (.text:xdc_runtime_System_vsnprintf__E)
                  00804500    00000020                              : Text.oe674 (.text:xdc_runtime_Text_ropeText__E)
                  00804520    00000020     dss_mmw_pe674.oe674 (.text:xdc_runtime_Text_visitRope__I)
                  00804540    00000020     dss_mmw_pe674.oe674 (.text:xdc_runtime_Timestamp_SupportProxy_get32__E)
                  00804560    00000020     dss_mmw_pe674.oe674 (.text:xdc_runtime_Timestamp_SupportProxy_getFreq__E)

.l2data    0    00804580    0000f818     UNINITIALIZED
                  00804580    0000f818     dss_data_path.oe674 (.l2data)

systemHeap 
*          0    00813d98    00004000     UNINITIALIZED
                  00813d98    00004000     dss_mmw_pe674.oe674 (systemHeap)

.far       0    00817d98    00002cdc     UNINITIALIZED
                  00817d98    00000940     (.common:gMmwDssMCB)
                  008186d8    00000800     (.common:odsdemo_swapBuf)
                  00818ed8    00000538     (.common:EDMA_object)
                  00819410    00000480     (.common:zeroDopplerOut)
                  00819890    00000400     (.common:odsdemo_xdoaBuf)
                  00819c90    00000388     (.common:odsdemo_cfarOut)
                  0081a018    00000320     dss_mmw_pe674.oe674 (.far:taskStackSection)
                  0081a338    00000200     (.common:aHeatmapMaxIndex)
                  0081a538    00000200     (.common:eHeatmapMaxIndex)
                  0081a738    00000140     (.common:__TI_tmpnams)
                  0081a878    000000f8     (.common:gMMWave_MCB)
                  0081a970    00000078     (.common:odsdemo_dataPathObj)
                  0081a9e8    00000020     (.common:antPhaseCompCoeff)
                  0081aa08    00000014     (.common:odsdemo_doaOutput)
                  0081aa1c    00000010     (.common:edmaDbg)
                  0081aa2c    00000010     (.common:gCycleLog)
                  0081aa3c    0000000c     (.common:odsdemo_dbscanInput)
                  0081aa48    0000000c     (.common:odsdemo_dbscanOutput)
                  0081aa54    00000008     (.common:gMMWave_XWR16xxMCB)
                  0081aa5c    00000008     (.common:odsdemo_dopplerOut)
                  0081aa64    00000004     --HOLE--
                  0081aa68    00000008     (.common:parmbuf)
                  0081aa70    00000004     (.common:ti_sysbios_knl_Task_Instance_State_0_hookEnv__A)

.const     0    0081aa78    00002451     
                  0081aa78    000009b4     dss_main.oe674 (.const:.string)
                  0081b42c    00000004     ti.targets.rts6000.ae674 : Assert.oe674 (.const:.string)
                  0081b430    00000800     dss_data_path.oe674 (.const:twiddleTableCommon)
                  0081bc30    00000518     sysbios.ae674 : BIOS.obj (.const:.string)
                  0081c148    00000194     dss_data_path.oe674 (.const:.string)
                  0081c2dc    00000164     dss_config_edma_util.oe674 (.const:.string)
                  0081c440    00000080     dss_mmw_pe674.oe674 (.const:.string)
                  0081c4c0    00000070     libmmwavelink_xwr16xx.ae674 : rl_driver.oe674 (.const)
                  0081c530    0000006c                                 : rl_driver.oe674 (.const:.string)
                  0081c59c    00000004     dss_mmw_pe674.oe674 (.const:ti_sysbios_BIOS_installedErrorHook__C)
                  0081c5a0    00000068     libedma_xwr16xx.ae674 : edma_xwr1xxx.oe674 (.const:gEdmaHwAttrs)
                  0081c608    00000058                           : edma.oe674 (.const:.string)
                  0081c660    00000058     ti.targets.rts6000.ae674 : Error.oe674 (.const:.string)
                  0081c6b8    0000004c     libmailbox_xwr16xx.ae674 : mailbox.oe674 (.const:.string)
                  0081c704    00000040     ti.targets.rts6000.ae674 : Text.oe674 (.const:.string)
                  0081c744    0000003c     libsoc_xwr16xx.ae674 : soc_xwr16xx_dss.oe674 (.const:.string)
                  0081c780    0000003c     dss_mmw_pe674.oe674 (.const:ti_sysbios_knl_Task_Object__PARAMS__C)
                  0081c7bc    00000034     libmmwave_xwr16xx.ae674 : mmwave_xwr16xx.oe674 (.const:.string)
                  0081c7f0    0000002c     ti.targets.rts6000.ae674 : Startup.oe674 (.const:.string)
                  0081c81c    00000028     libmmwave_xwr16xx.ae674 : mmwave.oe674 (.const:.string)
                  0081c844    00000028     dss_mmw_pe674.oe674 (.const:ti_sysbios_heaps_HeapMem_Module__FXNS__C)
                  0081c86c    00000004     dss_mmw_pe674.oe674 (.const:ti_sysbios_family_c62_TaskSupport_stackAlignment__C)
                  0081c870    00000028     dss_mmw_pe674.oe674 (.const:xdc_runtime_Startup_sfxnTab__A)
                  0081c898    00000024     libmailbox_xwr16xx.ae674 : mailbox.oe674 (.const)
                  0081c8bc    00000024     dss_mmw_pe674.oe674 (.const:ti_sysbios_gates_GateHwi_Module__FXNS__C)
                  0081c8e0    00000024     dss_mmw_pe674.oe674 (.const:ti_sysbios_gates_GateMutex_Module__FXNS__C)
                  0081c904    00000024     dss_mmw_pe674.oe674 (.const:ti_sysbios_heaps_HeapMem_Object__PARAMS__C)
                  0081c928    00000024     dss_mmw_pe674.oe674 (.const:ti_sysbios_knl_Semaphore_Object__PARAMS__C)
                  0081c94c    00000020     libosal_xwr16xx.ae674 : SemaphoreP_tirtos.oe674 (.const:.string)
                  0081c96c    00000020     dss_mmw_pe674.oe674 (.const:ti_sysbios_gates_GateHwi_Object__DESC__C)
                  0081c98c    00000020     dss_mmw_pe674.oe674 (.const:ti_sysbios_gates_GateMutex_Object__DESC__C)
                  0081c9ac    00000020     dss_mmw_pe674.oe674 (.const:ti_sysbios_heaps_HeapMem_Object__DESC__C)
                  0081c9cc    00000020     dss_mmw_pe674.oe674 (.const:ti_sysbios_knl_Event_Object__DESC__C)
                  0081c9ec    00000020     dss_mmw_pe674.oe674 (.const:ti_sysbios_knl_Queue_Object__DESC__C)
                  0081ca0c    00000020     dss_mmw_pe674.oe674 (.const:ti_sysbios_knl_Semaphore_Object__DESC__C)
                  0081ca2c    00000020     dss_mmw_pe674.oe674 (.const:ti_sysbios_knl_Task_Object__DESC__C)
                  0081ca4c    0000001c     libosal_xwr16xx.ae674 : HwiP_tirtos.oe674 (.const:.string)
                  0081ca68    00000018     libmmwave_xwr16xx.ae674 : mmwave_fullcfg.oe674 (.const:.string)
                  0081ca80    00000018     ti.targets.rts6000.ae674 : System.oe674 (.const:.string)
                  0081ca98    00000018     dss_mmw_pe674.oe674 (.const:ti_sysbios_gates_GateHwi_Object__PARAMS__C)
                  0081cab0    00000018     dss_mmw_pe674.oe674 (.const:ti_sysbios_gates_GateMutex_Object__PARAMS__C)
                  0081cac8    00000018     dss_mmw_pe674.oe674 (.const:ti_sysbios_knl_Event_Object__PARAMS__C)
                  0081cae0    00000018     dss_mmw_pe674.oe674 (.const:ti_sysbios_knl_Queue_Object__PARAMS__C)
                  0081caf8    00000018     dss_mmw_pe674.oe674 (.const:ti_sysbios_knl_Task_hooks__A)
                  0081cb10    00000014     libadcbuf_xwr16xx.ae674 : adcbuf_mmwave.oe674 (.const:.string)
                  0081cb24    00000014     libmmwave_xwr16xx.ae674 : mmwave_link.oe674 (.const:.string)
                  0081cb38    00000014     libadcbuf_xwr16xx.ae674 : adcbuf_mmwave.oe674 (.const)
                  0081cb4c    00000004     dss_mmw_pe674.oe674 (.const:ti_sysbios_family_c64p_Cache_E_invalidL1CacheSize__C)
                  0081cb50    00000014     dss_mmw_pe674.oe674 (.const:xdc_runtime_Startup_sfxnRts__A)
                  0081cb64    00000004     dss_mmw_pe674.oe674 (.const:ti_sysbios_family_c64p_Cache_E_invalidL2CacheSize__C)
                  0081cb68    00000010     libmmwavelink_xwr16xx.ae674 : rl_driver.oe674 (.const:$P$T2$3)
                  0081cb78    00000010     libedma_xwr16xx.ae674 : edma.oe674 (.const:EDMA_config$1)
                  0081cb88    00000010     libadcbuf_xwr16xx.ae674 : adcbuf_xwr1xxx.oe674 (.const:gADCBufHwCfg)
                  0081cb98    00000010     dss_mmw_pe674.oe674 (.const:ti_sysbios_family_c64p_EventCombiner_EVTMASK__C)
                  0081cba8    0000000c     libcrc_xwr16xx.ae674 : crc.oe674 (.const:.string)
                  0081cbb4    0000000c     libadcbuf_xwr16xx.ae674 : ADCBuf.oe674 (.const)
                  0081cbc0    00000008     dss_mmw_pe674.oe674 (.const:ti_sysbios_knl_Idle_funcList__A)
                  0081cbc8    00000008     dss_mmw_pe674.oe674 (.const:ti_sysbios_knl_Idle_funcList__C)
                  0081cbd0    00000008     dss_mmw_pe674.oe674 (.const:ti_sysbios_knl_Task_hooks__C)
                  0081cbd8    00000008     dss_mmw_pe674.oe674 (.const:xdc_runtime_Startup_firstFxns__A)
                  0081cbe0    00000008     dss_mmw_pe674.oe674 (.const:xdc_runtime_Startup_firstFxns__C)
                  0081cbe8    00000008     dss_mmw_pe674.oe674 (.const:xdc_runtime_Startup_lastFxns__C)
                  0081cbf0    00000004     dss_mmw_pe674.oe674 (.const:ti_sysbios_family_c64p_Cache_MAR0_31__C)
                  0081cbf4    00000004     dss_mmw_pe674.oe674 (.const:ti_sysbios_family_c64p_Cache_MAR128_159__C)
                  0081cbf8    00000004     dss_mmw_pe674.oe674 (.const:ti_sysbios_family_c64p_Cache_MAR160_191__C)
                  0081cbfc    00000004     dss_mmw_pe674.oe674 (.const:ti_sysbios_family_c64p_Cache_MAR192_223__C)
                  0081cc00    00000004     dss_mmw_pe674.oe674 (.const:ti_sysbios_family_c64p_Cache_MAR224_255__C)
                  0081cc04    00000004     dss_mmw_pe674.oe674 (.const:ti_sysbios_family_c64p_Cache_MAR32_63__C)
                  0081cc08    00000004     dss_mmw_pe674.oe674 (.const:ti_sysbios_family_c64p_Cache_MAR64_95__C)
                  0081cc0c    00000004     dss_mmw_pe674.oe674 (.const:ti_sysbios_family_c64p_Cache_MAR96_127__C)
                  0081cc10    00000004     dss_mmw_pe674.oe674 (.const:ti_sysbios_family_c64p_EventCombiner_A_invalidEventId__C)
                  0081cc14    00000004     dss_mmw_pe674.oe674 (.const:ti_sysbios_family_c64p_EventCombiner_E_unpluggedEvent__C)
                  0081cc18    00000004     dss_mmw_pe674.oe674 (.const:ti_sysbios_family_c64p_EventCombiner_Module__diagsEnabled__C)
                  0081cc1c    00000004     dss_mmw_pe674.oe674 (.const:ti_sysbios_family_c64p_EventCombiner_Module__diagsIncluded__C)
                  0081cc20    00000004     dss_mmw_pe674.oe674 (.const:ti_sysbios_family_c64p_EventCombiner_Module__diagsMask__C)
                  0081cc24    00000004     dss_mmw_pe674.oe674 (.const:ti_sysbios_family_c64p_Exception_E_exceptionMax__C)
                  0081cc28    00000004     dss_mmw_pe674.oe674 (.const:ti_sysbios_family_c64p_Exception_exceptionHook__C)
                  0081cc2c    00000004     dss_mmw_pe674.oe674 (.const:ti_sysbios_family_c64p_Exception_externalHook__C)
                  0081cc30    00000004     dss_mmw_pe674.oe674 (.const:ti_sysbios_family_c64p_Exception_internalHook__C)
                  0081cc34    00000004     dss_mmw_pe674.oe674 (.const:ti_sysbios_family_c64p_Exception_nmiHook__C)
                  0081cc38    00000004     dss_mmw_pe674.oe674 (.const:ti_sysbios_family_c64p_Hwi_LD_end__C)
                  0081cc3c    00000004     dss_mmw_pe674.oe674 (.const:ti_sysbios_family_c64p_Hwi_LM_begin__C)
                  0081cc40    00000004     dss_mmw_pe674.oe674 (.const:ti_sysbios_family_c64p_Hwi_Module__diagsEnabled__C)
                  0081cc44    00000004     dss_mmw_pe674.oe674 (.const:ti_sysbios_family_c64p_Hwi_Module__diagsIncluded__C)
                  0081cc48    00000004     dss_mmw_pe674.oe674 (.const:ti_sysbios_family_c64p_Hwi_Module__diagsMask__C)
                  0081cc4c    00000004     dss_mmw_pe674.oe674 (.const:ti_sysbios_family_c64p_Hwi_Module__loggerFxn1__C)
                  0081cc50    00000004     dss_mmw_pe674.oe674 (.const:ti_sysbios_family_c64p_Hwi_Module__loggerFxn8__C)
                  0081cc54    00000004     dss_mmw_pe674.oe674 (.const:ti_sysbios_family_c64p_Hwi_Module__loggerObj__C)
                  0081cc58    00000004     dss_mmw_pe674.oe674 (.const:ti_sysbios_gates_GateMutex_A_badContext__C)
                  0081cc5c    00000004     dss_mmw_pe674.oe674 (.const:ti_sysbios_gates_GateMutex_Instance_State_sem__O)
                  0081cc60    00000004     dss_mmw_pe674.oe674 (.const:ti_sysbios_gates_GateMutex_Module__diagsEnabled__C)
                  0081cc64    00000004     dss_mmw_pe674.oe674 (.const:ti_sysbios_gates_GateMutex_Module__diagsIncluded__C)
                  0081cc68    00000004     dss_mmw_pe674.oe674 (.const:ti_sysbios_gates_GateMutex_Module__diagsMask__C)
                  0081cc6c    00000004     dss_mmw_pe674.oe674 (.const:ti_sysbios_hal_Hwi_E_stackOverflow__C)
                  0081cc70    00000004     dss_mmw_pe674.oe674 (.const:ti_sysbios_heaps_HeapMem_A_align__C)
                  0081cc74    00000004     dss_mmw_pe674.oe674 (.const:ti_sysbios_heaps_HeapMem_A_heapSize__C)
                  0081cc78    00000004     dss_mmw_pe674.oe674 (.const:ti_sysbios_heaps_HeapMem_A_invalidFree__C)
                  0081cc7c    00000004     dss_mmw_pe674.oe674 (.const:ti_sysbios_heaps_HeapMem_A_zeroBlock__C)
                  0081cc80    00000004     dss_mmw_pe674.oe674 (.const:ti_sysbios_heaps_HeapMem_E_memory__C)
                  0081cc84    00000004     dss_mmw_pe674.oe674 (.const:ti_sysbios_heaps_HeapMem_Module__diagsEnabled__C)
                  0081cc88    00000004     dss_mmw_pe674.oe674 (.const:ti_sysbios_heaps_HeapMem_Module__diagsIncluded__C)
                  0081cc8c    00000004     dss_mmw_pe674.oe674 (.const:ti_sysbios_heaps_HeapMem_Module__diagsMask__C)
                  0081cc90    00000004     dss_mmw_pe674.oe674 (.const:ti_sysbios_heaps_HeapMem_Module__gateObj__C)
                  0081cc94    00000004     dss_mmw_pe674.oe674 (.const:ti_sysbios_heaps_HeapMem_Object__count__C)
                  0081cc98    00000004     dss_mmw_pe674.oe674 (.const:ti_sysbios_heaps_HeapMem_Object__table__C)
                  0081cc9c    00000004     dss_mmw_pe674.oe674 (.const:ti_sysbios_heaps_HeapMem_reqAlign__C)
                  0081cca0    00000004     dss_mmw_pe674.oe674 (.const:ti_sysbios_knl_Clock_LM_begin__C)
                  0081cca4    00000004     dss_mmw_pe674.oe674 (.const:ti_sysbios_knl_Clock_LM_tick__C)
                  0081cca8    00000004     dss_mmw_pe674.oe674 (.const:ti_sysbios_knl_Clock_LW_delayed__C)
[...]
0081cc68  ti_sysbios_gates_GateMutex_Module__diagsMask__C              
0081cc6c  ti_sysbios_hal_Hwi_E_stackOverflow__C                        
0081cc70  ti_sysbios_heaps_HeapMem_A_align__C                          
0081cc74  ti_sysbios_heaps_HeapMem_A_heapSize__C                       
0081cc78  ti_sysbios_heaps_HeapMem_A_invalidFree__C                    
0081cc7c  ti_sysbios_heaps_HeapMem_A_zeroBlock__C                      
0081cc80  ti_sysbios_heaps_HeapMem_E_memory__C                         
0081cc84  ti_sysbios_heaps_HeapMem_Module__diagsEnabled__C             
0081cc88  ti_sysbios_heaps_HeapMem_Module__diagsIncluded__C            
0081cc8c  ti_sysbios_heaps_HeapMem_Module__diagsMask__C                
0081cc90  ti_sysbios_heaps_HeapMem_Module__gateObj__C                  
0081cc94  ti_sysbios_heaps_HeapMem_Object__count__C                    
0081cc98  ti_sysbios_heaps_HeapMem_Object__table__C                    
0081cc9c  ti_sysbios_heaps_HeapMem_reqAlign__C                         
0081cca0  ti_sysbios_knl_Clock_LM_begin__C                             
0081cca4  ti_sysbios_knl_Clock_LM_tick__C                              
0081cca8  ti_sysbios_knl_Clock_LW_delayed__C                           
0081ccac  ti_sysbios_knl_Clock_Module_State_clockQ__O                  
0081ccb0  ti_sysbios_knl_Clock_Module__diagsEnabled__C                 
0081ccb4  ti_sysbios_knl_Clock_Module__diagsIncluded__C                
0081ccb8  ti_sysbios_knl_Clock_Module__diagsMask__C                    
0081ccbc  ti_sysbios_knl_Clock_Module__loggerFxn1__C                   
0081ccc0  ti_sysbios_knl_Clock_Module__loggerFxn2__C                   
0081ccc4  ti_sysbios_knl_Clock_Module__loggerObj__C                    
0081ccc8  ti_sysbios_knl_Event_A_badContext__C                         
0081cccc  ti_sysbios_knl_Event_A_eventInUse__C                         
0081ccd0  ti_sysbios_knl_Event_A_nullEventId__C                        
0081ccd4  ti_sysbios_knl_Event_A_nullEventMasks__C                     
0081ccd8  ti_sysbios_knl_Event_A_pendTaskDisabled__C                   
0081ccdc  ti_sysbios_knl_Event_Instance_State_pendQ__O                 
0081cce0  ti_sysbios_knl_Event_LM_pend__C                              
0081cce4  ti_sysbios_knl_Event_LM_post__C                              
0081cce8  ti_sysbios_knl_Event_Module__diagsEnabled__C                 
0081ccec  ti_sysbios_knl_Event_Module__diagsIncluded__C                
0081ccf0  ti_sysbios_knl_Event_Module__diagsMask__C                    
0081ccf4  ti_sysbios_knl_Event_Module__loggerFxn4__C                   
0081ccf8  ti_sysbios_knl_Event_Module__loggerFxn8__C                   
0081ccfc  ti_sysbios_knl_Event_Module__loggerObj__C                    
0081cd00  ti_sysbios_knl_Queue_Object__count__C                        
0081cd04  ti_sysbios_knl_Queue_Object__table__C                        
0081cd08  ti_sysbios_knl_Semaphore_A_badContext__C                     
0081cd0c  ti_sysbios_knl_Semaphore_A_noEvents__C                       
0081cd10  ti_sysbios_knl_Semaphore_A_overflow__C                       
0081cd14  ti_sysbios_knl_Semaphore_A_pendTaskDisabled__C               
0081cd18  ti_sysbios_knl_Semaphore_Instance_State_pendQ__O             
0081cd1c  ti_sysbios_knl_Semaphore_LM_pend__C                          
0081cd20  ti_sysbios_knl_Semaphore_LM_post__C                          
0081cd24  ti_sysbios_knl_Semaphore_Module__diagsEnabled__C             
0081cd28  ti_sysbios_knl_Semaphore_Module__diagsIncluded__C            
0081cd2c  ti_sysbios_knl_Semaphore_Module__diagsMask__C                
0081cd30  ti_sysbios_knl_Semaphore_Module__loggerFxn2__C               
0081cd34  ti_sysbios_knl_Semaphore_Module__loggerFxn4__C               
0081cd38  ti_sysbios_knl_Semaphore_Module__loggerObj__C                
0081cd3c  ti_sysbios_knl_Task_A_badPriority__C                         
0081cd40  ti_sysbios_knl_Task_A_badTaskState__C                        
0081cd44  ti_sysbios_knl_Task_A_badThreadType__C                       
0081cd48  ti_sysbios_knl_Task_A_badTimeout__C                          
0081cd4c  ti_sysbios_knl_Task_A_noPendElem__C                          
0081cd50  ti_sysbios_knl_Task_A_sleepTaskDisabled__C                   
0081cd54  ti_sysbios_knl_Task_E_spOutOfBounds__C                       
0081cd58  ti_sysbios_knl_Task_E_stackOverflow__C                       
0081cd5c  ti_sysbios_knl_Task_LD_block__C                              
0081cd60  ti_sysbios_knl_Task_LD_exit__C                               
0081cd64  ti_sysbios_knl_Task_LD_ready__C                              
0081cd68  ti_sysbios_knl_Task_LM_sleep__C                              
0081cd6c  ti_sysbios_knl_Task_LM_switch__C                             
0081cd70  ti_sysbios_knl_Task_Module_State_inactiveQ__O                
0081cd74  ti_sysbios_knl_Task_Module__diagsEnabled__C                  
0081cd78  ti_sysbios_knl_Task_Module__diagsIncluded__C                 
0081cd7c  ti_sysbios_knl_Task_Module__diagsMask__C                     
0081cd80  ti_sysbios_knl_Task_Module__loggerFxn2__C                    
0081cd84  ti_sysbios_knl_Task_Module__loggerFxn4__C                    
0081cd88  ti_sysbios_knl_Task_Module__loggerObj__C                     
0081cd8c  ti_sysbios_knl_Task_Object__count__C                         
0081cd90  ti_sysbios_knl_Task_Object__heap__C                          
0081cd94  ti_sysbios_knl_Task_Object__table__C                         
0081cd98  ti_sysbios_knl_Task_allBlockedFunc__C                        
0081cd9c  ti_sysbios_knl_Task_defaultStackHeap__C                      
0081cda0  ti_sysbios_knl_Task_defaultStackSize__C                      
0081cda4  ti_sysbios_knl_Task_numConstructedTasks__C                   
0081cda8  ti_sysbios_timers_rti_Timer_E_cannotSupport__C               
0081cdac  ti_sysbios_timers_rti_Timer_Module__diagsEnabled__C          
0081cdb0  ti_sysbios_timers_rti_Timer_Module__diagsIncluded__C         
0081cdb4  ti_sysbios_timers_rti_Timer_Module__diagsMask__C             
0081cdb8  ti_sysbios_timers_rti_Timer_numTimerDevices__C               
0081cdbc  ti_sysbios_timers_rti_Timer_startupNeeded__C                 
0081cdc0  ti_sysbios_utils_Load_LS_cpuLoad__C                          
0081cdc4  ti_sysbios_utils_Load_LS_taskLoad__C                         
0081cdc8  ti_sysbios_utils_Load_Module_State_taskList__O               
0081cdcc  ti_sysbios_utils_Load_Module__diagsEnabled__C                
0081cdd0  ti_sysbios_utils_Load_Module__diagsIncluded__C               
0081cdd4  ti_sysbios_utils_Load_Module__diagsMask__C                   
0081cdd8  ti_sysbios_utils_Load_Module__loggerFxn1__C                  
0081cddc  ti_sysbios_utils_Load_Module__loggerFxn4__C                  
0081cde0  ti_sysbios_utils_Load_Module__loggerObj__C                   
0081cde4  ti_sysbios_utils_Load_postUpdate__C                          
0081cde8  ti_sysbios_utils_Load_windowInMs__C                          
0081cdec  xdc_runtime_Assert_E_assertFailed__C                         
0081cdf0  xdc_runtime_Core_A_initializedParams__C                      
0081cdf4  xdc_runtime_Core_Module__diagsEnabled__C                     
0081cdf8  xdc_runtime_Core_Module__diagsIncluded__C                    
0081cdfc  xdc_runtime_Core_Module__diagsMask__C                        
0081ce00  xdc_runtime_Error_E_memory__C                                
0081ce04  xdc_runtime_Error_Module__diagsEnabled__C                    
0081ce08  xdc_runtime_Error_Module__diagsIncluded__C                   
0081ce0c  xdc_runtime_Error_Module__diagsMask__C                       
0081ce10  xdc_runtime_Error_Module__loggerFxn8__C                      
0081ce14  xdc_runtime_Error_Module__loggerObj__C                       
0081ce18  xdc_runtime_Error_policyFxn__C                               
0081ce1c  xdc_runtime_Error_policy__C                                  
0081ce20  xdc_runtime_Error_raiseHook__C                               
0081ce24  xdc_runtime_IGateProvider_Interface__BASE__C                 
0081ce28  xdc_runtime_IHeap_Interface__BASE__C                         
0081ce2c  xdc_runtime_IModule_Interface__BASE__C                       
0081ce30  xdc_runtime_Log_L_error__C                                   
0081ce34  xdc_runtime_Main_Module__diagsEnabled__C                     
0081ce38  xdc_runtime_Main_Module__diagsIncluded__C                    
0081ce3c  xdc_runtime_Main_Module__diagsMask__C                        
0081ce40  xdc_runtime_Memory_defaultHeapInstance__C                    
0081ce44  xdc_runtime_Startup_execImpl__C                              
0081ce48  xdc_runtime_Startup_maxPasses__C                             
0081ce4c  xdc_runtime_Startup_sfxnRts__C                               
0081ce50  xdc_runtime_Startup_sfxnTab__C                               
0081ce54  xdc_runtime_Startup_startModsFxn__C                          
0081ce58  xdc_runtime_System_Module__gateObj__C                        
0081ce5c  xdc_runtime_System_abortFxn__C                               
0081ce60  xdc_runtime_System_exitFxn__C                                
0081ce64  xdc_runtime_System_extendFxn__C                              
0081ce68  xdc_runtime_System_maxAtexitHandlers__C                      
0081ce6c  xdc_runtime_Text_charTab__C                                  
0081ce70  xdc_runtime_Text_nameEmpty__C                                
0081ce74  xdc_runtime_Text_nameStatic__C                               
0081ce78  xdc_runtime_Text_nameUnknown__C                              
0081ce7c  xdc_runtime_Text_visitRopeFxn__C                             
0081ce80  xdc_runtime_Text_nodeTab__A                                  
0081ce84  ti_sysbios_family_c64p_Cache_Module__id__C                   
0081ce86  ti_sysbios_family_c64p_EventCombiner_Module__id__C           
0081ce88  ti_sysbios_family_c64p_Exception_Module__id__C               
0081ce8a  ti_sysbios_family_c64p_Exception_useInternalBuffer__C        
0081ce8c  ti_sysbios_family_c64p_Hwi_Module__id__C                     
0081ce8e  ti_sysbios_family_c64p_Hwi_Module__loggerDefined__C          
0081ce90  ti_sysbios_gates_GateMutex_Module__id__C                     
0081ce92  ti_sysbios_hal_Hwi_Module__id__C                             
0081ce94  ti_sysbios_heaps_HeapMem_Module__id__C                       
0081ce96  ti_sysbios_knl_Clock_Module__id__C                           
0081ce98  ti_sysbios_knl_Clock_Module__loggerDefined__C                
0081ce9a  ti_sysbios_knl_Event_Module__id__C                           
0081ce9c  ti_sysbios_knl_Event_Module__loggerDefined__C                
0081ce9e  ti_sysbios_knl_Semaphore_Module__id__C                       
0081cea0  ti_sysbios_knl_Semaphore_Module__loggerDefined__C            
0081cea2  ti_sysbios_knl_Task_Module__id__C                            
0081cea4  ti_sysbios_knl_Task_Module__loggerDefined__C                 
0081cea6  ti_sysbios_timers_rti_Timer_Module__id__C                    
0081cea8  ti_sysbios_timers_rti_Timer_continueOnSuspend__C             
0081ceaa  ti_sysbios_utils_Load_Module__id__C                          
0081ceac  ti_sysbios_utils_Load_Module__loggerDefined__C               
0081ceae  ti_sysbios_utils_Load_autoAddTasks__C                        
0081ceb0  ti_sysbios_utils_Load_updateInIdle__C                        
0081ceb2  xdc_runtime_Core_Module__id__C                               
0081ceb4  xdc_runtime_Error_Module__loggerDefined__C                   
0081ceb6  xdc_runtime_Error_maxDepth__C                                
0081ceb8  xdc_runtime_Main_Module__id__C                               
0081ceba  xdc_runtime_Memory_Module__id__C                             
0081cebc  xdc_runtime_Text_charCnt__C                                  
0081cebe  xdc_runtime_Text_isLoaded__C                                 
0081cec0  xdc_runtime_Text_registryModsLastId__C                       
0081cec2  xdc_runtime_Text_unnamedModsLastId__C                        
0081cec8  xdc_runtime_Text_charTab__A                                  
0081ced0  xdc_runtime_Error_IgnoreBlock                                
0081cef0  ti_sysbios_BIOS_Module__state__V                             
0081cf14  ti_sysbios_family_c64p_Cache_Module__state__V                
0081cf18  ti_sysbios_family_c64p_EventCombiner_Module__state__V        
0081d318  ti_sysbios_family_c64p_Exception_Module__state__V            
0081d348  ti_sysbios_family_c64p_Hwi_Module__root__V                   
0081d350  ti_sysbios_family_c64p_Hwi_Module__state__V                  
0081d3bc  ti_sysbios_gates_GateHwi_Module__root__V                     
0081d3c4  ti_sysbios_gates_GateMutex_Module__root__V                   
0081d3cc  ti_sysbios_hal_Hwi_Module__root__V                           
0081d3d4  ti_sysbios_heaps_HeapMem_Module__root__V                     
0081d3dc  ti_sysbios_knl_Clock_Module__root__V                         
0081d3e4  ti_sysbios_knl_Clock_Module__state__V                        
0081d410  ti_sysbios_knl_Event_Module__root__V                         
0081d418  ti_sysbios_knl_Queue_Module__root__V                         
0081d420  ti_sysbios_knl_Semaphore_Module__root__V                     
0081d428  ti_sysbios_knl_Task_Module__root__V                          
0081d430  ti_sysbios_knl_Task_Module__state__V                         
0081d474  ti_sysbios_rts_ti_ThreadLocalStorage_Module__state__V        
0081d480  ti_sysbios_timers_rti_Timer_Module__root__V                  
0081d488  ti_sysbios_timers_rti_Timer_Module__state__V                 
0081d498  ti_sysbios_utils_Load_Module__state__V                       
0081d530  xdc_runtime_Error_Module__state__V                           
0081d534  xdc_runtime_Memory_Module__state__V                          
0081d538  xdc_runtime_Registry_Module__state__V                        
0081d540  xdc_runtime_Startup_Module__state__V                         
0081d548  xdc_runtime_System_Module__state__V                          
0081d550  xdc_runtime_Text_Module__state__V                            
0081d558  __xdc__init__addr                                            
0081d55c  D2H_SYNC_PATTERN                                             
0081d560  H2D_SYNC_PATTERN                                             
0081d564  H2D_CNYS_PATTERN                                             
0081d74c  rl_txMsg                                                     
0081d84c  rl_rxMsg                                                     
0081d94c  _lock                                                        
0081d950  _ftable                                                      
0081dbd0  ti_sysbios_knl_Task_Module_State_0_readyQ__A                 
0081dcc8  ti_sysbios_family_c64p_Hwi_Object__table__V                  
0081dda0  gMailboxMCB                                                  
0081ddf0  ti_sysbios_knl_Task_Object__table__V                         
0081de3c  _unlock                                                      
0081dec0  SOC_TranslateAddr_LUT                                        
0081df00  brev                                                         
0081df40  ti_sysbios_gates_GateMutex_Object__table__V                  
0081df80  ti_sysbios_timers_rti_Timer_Object__table__V                 
0081dfbc  gMailboxDssMssHwCfg                                          
0081dfd4  gMailboxDssBssHwCfg                                          
0081dfec  __TI_ft_end                                                  
0081dff0  ti_sysbios_utils_Load_Module_State_0_taskEnv__A              
0081e00c  __errno                                                      
0081e00c  errno                                                        
0081e028  ADCBuf_config                                                
0081e058  gSOCHwAttrib                                                 
0081e070  ti_sysbios_heaps_HeapMem_Object__table__V                    
0081e088  ti_sysbios_timers_rti_Timer_Module_State_0_device__A         
0081e0a0  antenna2DMAP_a                                               
0081e0b0  antenna2DMAP_e                                               
0081e0c0  ti_sysbios_timers_rti_Timer_Module_State_0_intFreqs__A       
0081e0d0  __TI_cleanup_ptr                                             
0081e0d4  __TI_dtors_ptr                                               
0081e0d8  __TI_enable_exit_profile_output                              
0081e0e0  aDOA_indList                                                 
0081e0e8  eDOA_indList                                                 
0081e0f0  ti_sysbios_hal_Hwi_Object__table__V                          
0081e0f8  ti_sysbios_timers_rti_Timer_Module_State_0_handles__A        
0081e100  ti_sysbios_gates_GateHwi_Object__table__V                    
0081e108  ti_sysbios_knl_Task_Module_State_0_idleTask__A               
0081e110  ti_sysbios_utils_Load_Module_State_0_runningTask__A          
0081e118  ti_sysbios_utils_Load_Module_State_0_taskStartTime__A        
0081e120  _stack                                                       
0081e538  __TI_STACK_END                                               
0081e6a0  __CIOBUF_                                                    
0081e7c0  __TI_STATIC_BASE                                             
0081e7c4  gCRCRegister                                                 
0081e7c8  regionId                                                     
0081e7d0  _MmwDemo_fastCode_L1PSRAM_copy_table                         
0081e7d0  __TI_table__MmwDemo_fastCode_L1PSRAM_copy_table              
00e00000  DSP_fft16x16                                                 
00e00300  mmwavelib_windowing16x16                                     
00e00460  cossp                                                        
00e00594  sinsp                                                        
00e006a0  MmwDemo_interFrameProcessing                                 
00e014e0  MmwDemo_processChirp                                         
00e01700  MmwDemo_interChirpProcessing                                 
00f00000  gMmwL1                                                       
00f03800  odsdemo_invRnMatrix                                          
00f03920  dopplerProcInput                                             
00f03940  dopplerOutBuffer                                             
00f03980  cfar_window                                                  
20000000  _L3data_start                                                
20000000  gMmwL3                                                       
20001c80  SOC_init                                                     
200021e0  main                                                         
20002300  MmwDemo_dataPathInitEdma                                     
21080000  gHSRAM                                                       
ffffffff  __TI_pprof_out_hndl                                          
ffffffff  __TI_prof_data_size                                          
ffffffff  __TI_prof_data_start                                         
ffffffff  __binit__                                                    
ffffffff  __c_args__                                                   
ffffffff  binit                                                        
UNDEFED   __TI_CINIT_Base                                              
UNDEFED   __TI_CINIT_Limit                                             
UNDEFED   __TI_Handler_Table_Base                                      
UNDEFED   __TI_Handler_Table_Limit                                     
UNDEFED   __TI_INITARRAY_Base                                          
UNDEFED   __TI_INITARRAY_Limit                                         
UNDEFED   __TI_TLS_INIT_Base                                           
UNDEFED   __TI_TLS_INIT_Limit                                          

[934 symbols]
